  main.cpp
C:\Users\28185\Desktop\Leeds\Y3\Computer Graph\CW2\cw2(shared)\cw2\main\main.cpp(1,1): warning C4828: 文件包含在偏移 0x1b4 处开始的字符，该字符在当前源字符集中无效(代码页 65001)。
C:\Users\28185\Desktop\Leeds\Y3\Computer Graph\CW2\cw2(shared)\cw2\main\main.cpp(1,1): warning C4828: 文件包含在偏移 0x1b5 处开始的字符，该字符在当前源字符集中无效(代码页 65001)。
C:\Users\28185\Desktop\Leeds\Y3\Computer Graph\CW2\cw2(shared)\cw2\main\main.cpp(1,1): warning C4828: 文件包含在偏移 0x1b9 处开始的字符，该字符在当前源字符集中无效(代码页 65001)。
C:\Users\28185\Desktop\Leeds\Y3\Computer Graph\CW2\cw2(shared)\cw2\main\main.cpp(1,1): warning C4828: 文件包含在偏移 0x1ba 处开始的字符，该字符在当前源字符集中无效(代码页 65001)。
C:\Users\28185\Desktop\Leeds\Y3\Computer Graph\CW2\cw2(shared)\cw2\main\main.cpp(1,1): warning C4828: 文件包含在偏移 0x1bb 处开始的字符，该字符在当前源字符集中无效(代码页 65001)。
C:\Users\28185\Desktop\Leeds\Y3\Computer Graph\CW2\cw2(shared)\cw2\main\main.cpp(1,1): warning C4828: 文件包含在偏移 0x1d7 处开始的字符，该字符在当前源字符集中无效(代码页 65001)。
C:\Users\28185\Desktop\Leeds\Y3\Computer Graph\CW2\cw2(shared)\cw2\main\main.cpp(1,1): warning C4828: 文件包含在偏移 0x1d8 处开始的字符，该字符在当前源字符集中无效(代码页 65001)。
C:\Users\28185\Desktop\Leeds\Y3\Computer Graph\CW2\cw2(shared)\cw2\main\main.cpp(1,1): warning C4828: 文件包含在偏移 0x1da 处开始的字符，该字符在当前源字符集中无效(代码页 65001)。
C:\Users\28185\Desktop\Leeds\Y3\Computer Graph\CW2\cw2(shared)\cw2\main\main.cpp(1,1): warning C4828: 文件包含在偏移 0x1e2 处开始的字符，该字符在当前源字符集中无效(代码页 65001)。
C:\Users\28185\Desktop\Leeds\Y3\Computer Graph\CW2\cw2(shared)\cw2\main\main.cpp(1,1): warning C4828: 文件包含在偏移 0x201 处开始的字符，该字符在当前源字符集中无效(代码页 65001)。
C:\Users\28185\Desktop\Leeds\Y3\Computer Graph\CW2\cw2(shared)\cw2\main\main.cpp(1,1): warning C4828: 文件包含在偏移 0x226 处开始的字符，该字符在当前源字符集中无效(代码页 65001)。
C:\Users\28185\Desktop\Leeds\Y3\Computer Graph\CW2\cw2(shared)\cw2\main\main.cpp(1,1): warning C4828: 文件包含在偏移 0x228 处开始的字符，该字符在当前源字符集中无效(代码页 65001)。
C:\Users\28185\Desktop\Leeds\Y3\Computer Graph\CW2\cw2(shared)\cw2\main\main.cpp(1,1): warning C4828: 文件包含在偏移 0x229 处开始的字符，该字符在当前源字符集中无效(代码页 65001)。
C:\Users\28185\Desktop\Leeds\Y3\Computer Graph\CW2\cw2(shared)\cw2\main\main.cpp(1,1): warning C4828: 文件包含在偏移 0x22a 处开始的字符，该字符在当前源字符集中无效(代码页 65001)。
C:\Users\28185\Desktop\Leeds\Y3\Computer Graph\CW2\cw2(shared)\cw2\main\main.cpp(1,1): warning C4828: 文件包含在偏移 0x22e 处开始的字符，该字符在当前源字符集中无效(代码页 65001)。
C:\Users\28185\Desktop\Leeds\Y3\Computer Graph\CW2\cw2(shared)\cw2\main\main.cpp(1,1): warning C4828: 文件包含在偏移 0x3ce 处开始的字符，该字符在当前源字符集中无效(代码页 65001)。
C:\Users\28185\Desktop\Leeds\Y3\Computer Graph\CW2\cw2(shared)\cw2\main\main.cpp(1,1): warning C4828: 文件包含在偏移 0x3d7 处开始的字符，该字符在当前源字符集中无效(代码页 65001)。
C:\Users\28185\Desktop\Leeds\Y3\Computer Graph\CW2\cw2(shared)\cw2\main\main.cpp(1,1): warning C4828: 文件包含在偏移 0x3d8 处开始的字符，该字符在当前源字符集中无效(代码页 65001)。
C:\Users\28185\Desktop\Leeds\Y3\Computer Graph\CW2\cw2(shared)\cw2\main\main.cpp(1,1): warning C4828: 文件包含在偏移 0x401 处开始的字符，该字符在当前源字符集中无效(代码页 65001)。
C:\Users\28185\Desktop\Leeds\Y3\Computer Graph\CW2\cw2(shared)\cw2\main\main.cpp(1,1): warning C4828: 文件包含在偏移 0x409 处开始的字符，该字符在当前源字符集中无效(代码页 65001)。
C:\Users\28185\Desktop\Leeds\Y3\Computer Graph\CW2\cw2(shared)\cw2\main\main.cpp(1,1): warning C4828: 文件包含在偏移 0x40a 处开始的字符，该字符在当前源字符集中无效(代码页 65001)。
C:\Users\28185\Desktop\Leeds\Y3\Computer Graph\CW2\cw2(shared)\cw2\main\main.cpp(1,1): warning C4828: 文件包含在偏移 0xcc1 处开始的字符，该字符在当前源字符集中无效(代码页 65001)。
C:\Users\28185\Desktop\Leeds\Y3\Computer Graph\CW2\cw2(shared)\cw2\main\main.cpp(1,1): warning C4828: 文件包含在偏移 0xcc3 处开始的字符，该字符在当前源字符集中无效(代码页 65001)。
C:\Users\28185\Desktop\Leeds\Y3\Computer Graph\CW2\cw2(shared)\cw2\main\main.cpp(1,1): warning C4828: 文件包含在偏移 0xcc5 处开始的字符，该字符在当前源字符集中无效(代码页 65001)。
C:\Users\28185\Desktop\Leeds\Y3\Computer Graph\CW2\cw2(shared)\cw2\main\main.cpp(1,1): warning C4828: 文件包含在偏移 0xcc7 处开始的字符，该字符在当前源字符集中无效(代码页 65001)。
C:\Users\28185\Desktop\Leeds\Y3\Computer Graph\CW2\cw2(shared)\cw2\main\main.cpp(1,1): warning C4828: 文件包含在偏移 0xccb 处开始的字符，该字符在当前源字符集中无效(代码页 65001)。
C:\Users\28185\Desktop\Leeds\Y3\Computer Graph\CW2\cw2(shared)\cw2\main\main.cpp(1,1): warning C4828: 文件包含在偏移 0xccc 处开始的字符，该字符在当前源字符集中无效(代码页 65001)。
C:\Users\28185\Desktop\Leeds\Y3\Computer Graph\CW2\cw2(shared)\cw2\main\main.cpp(1,1): warning C4828: 文件包含在偏移 0xccd 处开始的字符，该字符在当前源字符集中无效(代码页 65001)。
C:\Users\28185\Desktop\Leeds\Y3\Computer Graph\CW2\cw2(shared)\cw2\main\main.cpp(1,1): warning C4828: 文件包含在偏移 0xcd0 处开始的字符，该字符在当前源字符集中无效(代码页 65001)。
C:\Users\28185\Desktop\Leeds\Y3\Computer Graph\CW2\cw2(shared)\cw2\main\main.cpp(1,1): warning C4828: 文件包含在偏移 0x205b 处开始的字符，该字符在当前源字符集中无效(代码页 65001)。
C:\Users\28185\Desktop\Leeds\Y3\Computer Graph\CW2\cw2(shared)\cw2\main\main.cpp(1,1): warning C4828: 文件包含在偏移 0x205d 处开始的字符，该字符在当前源字符集中无效(代码页 65001)。
C:\Users\28185\Desktop\Leeds\Y3\Computer Graph\CW2\cw2(shared)\cw2\main\main.cpp(1,1): warning C4828: 文件包含在偏移 0x2060 处开始的字符，该字符在当前源字符集中无效(代码页 65001)。
C:\Users\28185\Desktop\Leeds\Y3\Computer Graph\CW2\cw2(shared)\cw2\main\main.cpp(1,1): warning C4828: 文件包含在偏移 0x2064 处开始的字符，该字符在当前源字符集中无效(代码页 65001)。
C:\Users\28185\Desktop\Leeds\Y3\Computer Graph\CW2\cw2(shared)\cw2\main\main.cpp(1,1): warning C4828: 文件包含在偏移 0x206b 处开始的字符，该字符在当前源字符集中无效(代码页 65001)。
C:\Users\28185\Desktop\Leeds\Y3\Computer Graph\CW2\cw2(shared)\cw2\main\main.cpp(1,1): warning C4828: 文件包含在偏移 0x206c 处开始的字符，该字符在当前源字符集中无效(代码页 65001)。
C:\Users\28185\Desktop\Leeds\Y3\Computer Graph\CW2\cw2(shared)\cw2\main\main.cpp(1,1): warning C4828: 文件包含在偏移 0x206e 处开始的字符，该字符在当前源字符集中无效(代码页 65001)。
C:\Users\28185\Desktop\Leeds\Y3\Computer Graph\CW2\cw2(shared)\cw2\main\main.cpp(1,1): warning C4828: 文件包含在偏移 0x2072 处开始的字符，该字符在当前源字符集中无效(代码页 65001)。
C:\Users\28185\Desktop\Leeds\Y3\Computer Graph\CW2\cw2(shared)\cw2\main\main.cpp(1,1): warning C4828: 文件包含在偏移 0x2073 处开始的字符，该字符在当前源字符集中无效(代码页 65001)。
C:\Users\28185\Desktop\Leeds\Y3\Computer Graph\CW2\cw2(shared)\cw2\main\main.cpp(1,1): warning C4828: 文件包含在偏移 0x2074 处开始的字符，该字符在当前源字符集中无效(代码页 65001)。
C:\Users\28185\Desktop\Leeds\Y3\Computer Graph\CW2\cw2(shared)\cw2\main\main.cpp(1,1): warning C4828: 文件包含在偏移 0x2075 处开始的字符，该字符在当前源字符集中无效(代码页 65001)。
C:\Users\28185\Desktop\Leeds\Y3\Computer Graph\CW2\cw2(shared)\cw2\main\main.cpp(1,1): warning C4828: 文件包含在偏移 0x207b 处开始的字符，该字符在当前源字符集中无效(代码页 65001)。
C:\Users\28185\Desktop\Leeds\Y3\Computer Graph\CW2\cw2(shared)\cw2\main\main.cpp(1,1): warning C4828: 文件包含在偏移 0x207c 处开始的字符，该字符在当前源字符集中无效(代码页 65001)。
C:\Users\28185\Desktop\Leeds\Y3\Computer Graph\CW2\cw2(shared)\cw2\main\main.cpp(1,1): warning C4828: 文件包含在偏移 0x2080 处开始的字符，该字符在当前源字符集中无效(代码页 65001)。
C:\Users\28185\Desktop\Leeds\Y3\Computer Graph\CW2\cw2(shared)\cw2\main\main.cpp(1,1): warning C4828: 文件包含在偏移 0x20f5 处开始的字符，该字符在当前源字符集中无效(代码页 65001)。
C:\Users\28185\Desktop\Leeds\Y3\Computer Graph\CW2\cw2(shared)\cw2\main\main.cpp(1,1): warning C4828: 文件包含在偏移 0x20f7 处开始的字符，该字符在当前源字符集中无效(代码页 65001)。
C:\Users\28185\Desktop\Leeds\Y3\Computer Graph\CW2\cw2(shared)\cw2\main\main.cpp(1,1): warning C4828: 文件包含在偏移 0x20f8 处开始的字符，该字符在当前源字符集中无效(代码页 65001)。
C:\Users\28185\Desktop\Leeds\Y3\Computer Graph\CW2\cw2(shared)\cw2\main\main.cpp(1,1): warning C4828: 文件包含在偏移 0x214f 处开始的字符，该字符在当前源字符集中无效(代码页 65001)。
C:\Users\28185\Desktop\Leeds\Y3\Computer Graph\CW2\cw2(shared)\cw2\main\main.cpp(1,1): warning C4828: 文件包含在偏移 0x2151 处开始的字符，该字符在当前源字符集中无效(代码页 65001)。
C:\Users\28185\Desktop\Leeds\Y3\Computer Graph\CW2\cw2(shared)\cw2\main\main.cpp(1,1): warning C4828: 文件包含在偏移 0x2152 处开始的字符，该字符在当前源字符集中无效(代码页 65001)。
C:\Users\28185\Desktop\Leeds\Y3\Computer Graph\CW2\cw2(shared)\cw2\main\main.cpp(1,1): warning C4828: 文件包含在偏移 0x3a50 处开始的字符，该字符在当前源字符集中无效(代码页 65001)。
C:\Users\28185\Desktop\Leeds\Y3\Computer Graph\CW2\cw2(shared)\cw2\main\main.cpp(1,1): warning C4828: 文件包含在偏移 0x3a52 处开始的字符，该字符在当前源字符集中无效(代码页 65001)。
C:\Users\28185\Desktop\Leeds\Y3\Computer Graph\CW2\cw2(shared)\cw2\main\main.cpp(1,1): warning C4828: 文件包含在偏移 0x3a53 处开始的字符，该字符在当前源字符集中无效(代码页 65001)。
C:\Users\28185\Desktop\Leeds\Y3\Computer Graph\CW2\cw2(shared)\cw2\main\main.cpp(1,1): warning C4828: 文件包含在偏移 0x3a54 处开始的字符，该字符在当前源字符集中无效(代码页 65001)。
C:\Users\28185\Desktop\Leeds\Y3\Computer Graph\CW2\cw2(shared)\cw2\main\main.cpp(1,1): warning C4828: 文件包含在偏移 0x3a55 处开始的字符，该字符在当前源字符集中无效(代码页 65001)。
C:\Users\28185\Desktop\Leeds\Y3\Computer Graph\CW2\cw2(shared)\cw2\main\main.cpp(1,1): warning C4828: 文件包含在偏移 0x3a56 处开始的字符，该字符在当前源字符集中无效(代码页 65001)。
C:\Users\28185\Desktop\Leeds\Y3\Computer Graph\CW2\cw2(shared)\cw2\main\main.cpp(1,1): warning C4828: 文件包含在偏移 0x3a58 处开始的字符，该字符在当前源字符集中无效(代码页 65001)。
C:\Users\28185\Desktop\Leeds\Y3\Computer Graph\CW2\cw2(shared)\cw2\main\main.cpp(1,1): warning C4828: 文件包含在偏移 0x3aa1 处开始的字符，该字符在当前源字符集中无效(代码页 65001)。
C:\Users\28185\Desktop\Leeds\Y3\Computer Graph\CW2\cw2(shared)\cw2\main\main.cpp(1,1): warning C4828: 文件包含在偏移 0x3aa3 处开始的字符，该字符在当前源字符集中无效(代码页 65001)。
C:\Users\28185\Desktop\Leeds\Y3\Computer Graph\CW2\cw2(shared)\cw2\main\main.cpp(1,1): warning C4828: 文件包含在偏移 0x3aa4 处开始的字符，该字符在当前源字符集中无效(代码页 65001)。
C:\Users\28185\Desktop\Leeds\Y3\Computer Graph\CW2\cw2(shared)\cw2\main\main.cpp(1,1): warning C4828: 文件包含在偏移 0x3aa5 处开始的字符，该字符在当前源字符集中无效(代码页 65001)。
C:\Users\28185\Desktop\Leeds\Y3\Computer Graph\CW2\cw2(shared)\cw2\main\main.cpp(1,1): warning C4828: 文件包含在偏移 0x3aa6 处开始的字符，该字符在当前源字符集中无效(代码页 65001)。
C:\Users\28185\Desktop\Leeds\Y3\Computer Graph\CW2\cw2(shared)\cw2\main\main.cpp(1,1): warning C4828: 文件包含在偏移 0x3aa7 处开始的字符，该字符在当前源字符集中无效(代码页 65001)。
C:\Users\28185\Desktop\Leeds\Y3\Computer Graph\CW2\cw2(shared)\cw2\main\main.cpp(1,1): warning C4828: 文件包含在偏移 0x3aa9 处开始的字符，该字符在当前源字符集中无效(代码页 65001)。
C:\Users\28185\Desktop\Leeds\Y3\Computer Graph\CW2\cw2(shared)\cw2\main\Custom_model.hpp(1,1): warning C4828: 文件包含在偏移 0x233 处开始的字符，该字符在当前源字符集中无效(代码页 65001)。
  (编译源文件“main.cpp”)
  
C:\Users\28185\Desktop\Leeds\Y3\Computer Graph\CW2\cw2(shared)\cw2\main\Custom_model.hpp(1,1): warning C4828: 文件包含在偏移 0x234 处开始的字符，该字符在当前源字符集中无效(代码页 65001)。
  (编译源文件“main.cpp”)
  
C:\Users\28185\Desktop\Leeds\Y3\Computer Graph\CW2\cw2(shared)\cw2\main\Custom_model.hpp(1,1): warning C4828: 文件包含在偏移 0x235 处开始的字符，该字符在当前源字符集中无效(代码页 65001)。
  (编译源文件“main.cpp”)
  
C:\Users\28185\Desktop\Leeds\Y3\Computer Graph\CW2\cw2(shared)\cw2\main\Custom_model.hpp(1,1): warning C4828: 文件包含在偏移 0x44f 处开始的字符，该字符在当前源字符集中无效(代码页 65001)。
  (编译源文件“main.cpp”)
  
C:\Users\28185\Desktop\Leeds\Y3\Computer Graph\CW2\cw2(shared)\cw2\main\Custom_model.hpp(1,1): warning C4828: 文件包含在偏移 0x450 处开始的字符，该字符在当前源字符集中无效(代码页 65001)。
  (编译源文件“main.cpp”)
  
C:\Users\28185\Desktop\Leeds\Y3\Computer Graph\CW2\cw2(shared)\cw2\main\Custom_model.hpp(1,1): warning C4828: 文件包含在偏移 0x451 处开始的字符，该字符在当前源字符集中无效(代码页 65001)。
  (编译源文件“main.cpp”)
  
C:\Users\28185\Desktop\Leeds\Y3\Computer Graph\CW2\cw2(shared)\cw2\main\Custom_model.hpp(1,1): warning C4828: 文件包含在偏移 0x453 处开始的字符，该字符在当前源字符集中无效(代码页 65001)。
  (编译源文件“main.cpp”)
  
C:\Users\28185\Desktop\Leeds\Y3\Computer Graph\CW2\cw2(shared)\cw2\main\Custom_model.hpp(1,1): warning C4828: 文件包含在偏移 0x455 处开始的字符，该字符在当前源字符集中无效(代码页 65001)。
  (编译源文件“main.cpp”)
  
C:\Users\28185\Desktop\Leeds\Y3\Computer Graph\CW2\cw2(shared)\cw2\main\Custom_model.hpp(1,1): warning C4828: 文件包含在偏移 0xd51 处开始的字符，该字符在当前源字符集中无效(代码页 65001)。
  (编译源文件“main.cpp”)
  
C:\Users\28185\Desktop\Leeds\Y3\Computer Graph\CW2\cw2(shared)\cw2\main\Custom_model.hpp(1,1): warning C4828: 文件包含在偏移 0xd52 处开始的字符，该字符在当前源字符集中无效(代码页 65001)。
  (编译源文件“main.cpp”)
  
C:\Users\28185\Desktop\Leeds\Y3\Computer Graph\CW2\cw2(shared)\cw2\main\Custom_model.hpp(1,1): warning C4828: 文件包含在偏移 0xd53 处开始的字符，该字符在当前源字符集中无效(代码页 65001)。
  (编译源文件“main.cpp”)
  
C:\Users\28185\Desktop\Leeds\Y3\Computer Graph\CW2\cw2(shared)\cw2\main\Custom_model.hpp(1,1): warning C4828: 文件包含在偏移 0xd54 处开始的字符，该字符在当前源字符集中无效(代码页 65001)。
  (编译源文件“main.cpp”)
  
C:\Users\28185\Desktop\Leeds\Y3\Computer Graph\CW2\cw2(shared)\cw2\main\Custom_model.hpp(1,1): warning C4828: 文件包含在偏移 0xd55 处开始的字符，该字符在当前源字符集中无效(代码页 65001)。
  (编译源文件“main.cpp”)
  
C:\Users\28185\Desktop\Leeds\Y3\Computer Graph\CW2\cw2(shared)\cw2\main\Custom_model.hpp(1,1): warning C4828: 文件包含在偏移 0xd56 处开始的字符，该字符在当前源字符集中无效(代码页 65001)。
  (编译源文件“main.cpp”)
  
C:\Users\28185\Desktop\Leeds\Y3\Computer Graph\CW2\cw2(shared)\cw2\main\Custom_model.hpp(1,1): warning C4828: 文件包含在偏移 0xd5a 处开始的字符，该字符在当前源字符集中无效(代码页 65001)。
  (编译源文件“main.cpp”)
  
C:\Users\28185\Desktop\Leeds\Y3\Computer Graph\CW2\cw2(shared)\cw2\main\Custom_model.hpp(1,1): warning C4828: 文件包含在偏移 0xd5b 处开始的字符，该字符在当前源字符集中无效(代码页 65001)。
  (编译源文件“main.cpp”)
  
C:\Users\28185\Desktop\Leeds\Y3\Computer Graph\CW2\cw2(shared)\cw2\main\Custom_model.hpp(1,1): warning C4828: 文件包含在偏移 0xd5d 处开始的字符，该字符在当前源字符集中无效(代码页 65001)。
  (编译源文件“main.cpp”)
  
C:\Users\28185\Desktop\Leeds\Y3\Computer Graph\CW2\cw2(shared)\cw2\main\Custom_model.hpp(1,1): warning C4828: 文件包含在偏移 0xd60 处开始的字符，该字符在当前源字符集中无效(代码页 65001)。
  (编译源文件“main.cpp”)
  
C:\Users\28185\Desktop\Leeds\Y3\Computer Graph\CW2\cw2(shared)\cw2\main\Custom_model.hpp(1,1): warning C4828: 文件包含在偏移 0xd63 处开始的字符，该字符在当前源字符集中无效(代码页 65001)。
  (编译源文件“main.cpp”)
  
C:\Users\28185\Desktop\Leeds\Y3\Computer Graph\CW2\cw2(shared)\cw2\main\Custom_model.hpp(1,1): warning C4828: 文件包含在偏移 0xd64 处开始的字符，该字符在当前源字符集中无效(代码页 65001)。
  (编译源文件“main.cpp”)
  
C:\Users\28185\Desktop\Leeds\Y3\Computer Graph\CW2\cw2(shared)\cw2\main\Custom_model.hpp(1,1): warning C4828: 文件包含在偏移 0xd65 处开始的字符，该字符在当前源字符集中无效(代码页 65001)。
  (编译源文件“main.cpp”)
  
C:\Users\28185\Desktop\Leeds\Y3\Computer Graph\CW2\cw2(shared)\cw2\main\Custom_model.hpp(1,1): warning C4828: 文件包含在偏移 0xd66 处开始的字符，该字符在当前源字符集中无效(代码页 65001)。
  (编译源文件“main.cpp”)
  
C:\Users\28185\Desktop\Leeds\Y3\Computer Graph\CW2\cw2(shared)\cw2\main\Custom_model.hpp(1,1): warning C4828: 文件包含在偏移 0xd67 处开始的字符，该字符在当前源字符集中无效(代码页 65001)。
  (编译源文件“main.cpp”)
  
C:\Users\28185\Desktop\Leeds\Y3\Computer Graph\CW2\cw2(shared)\cw2\main\Custom_model.hpp(1,1): warning C4828: 文件包含在偏移 0xdef 处开始的字符，该字符在当前源字符集中无效(代码页 65001)。
  (编译源文件“main.cpp”)
  
C:\Users\28185\Desktop\Leeds\Y3\Computer Graph\CW2\cw2(shared)\cw2\main\Custom_model.hpp(1,1): warning C4828: 文件包含在偏移 0xdf0 处开始的字符，该字符在当前源字符集中无效(代码页 65001)。
  (编译源文件“main.cpp”)
  
C:\Users\28185\Desktop\Leeds\Y3\Computer Graph\CW2\cw2(shared)\cw2\main\Custom_model.hpp(1,1): warning C4828: 文件包含在偏移 0xdf3 处开始的字符，该字符在当前源字符集中无效(代码页 65001)。
  (编译源文件“main.cpp”)
  
C:\Users\28185\Desktop\Leeds\Y3\Computer Graph\CW2\cw2(shared)\cw2\main\Custom_model.hpp(1,1): warning C4828: 文件包含在偏移 0xdf4 处开始的字符，该字符在当前源字符集中无效(代码页 65001)。
  (编译源文件“main.cpp”)
  
C:\Users\28185\Desktop\Leeds\Y3\Computer Graph\CW2\cw2(shared)\cw2\main\Custom_model.hpp(1,1): warning C4828: 文件包含在偏移 0xe52 处开始的字符，该字符在当前源字符集中无效(代码页 65001)。
  (编译源文件“main.cpp”)
  
C:\Users\28185\Desktop\Leeds\Y3\Computer Graph\CW2\cw2(shared)\cw2\main\Custom_model.hpp(1,1): warning C4828: 文件包含在偏移 0xe53 处开始的字符，该字符在当前源字符集中无效(代码页 65001)。
  (编译源文件“main.cpp”)
  
C:\Users\28185\Desktop\Leeds\Y3\Computer Graph\CW2\cw2(shared)\cw2\main\Custom_model.hpp(1,1): warning C4828: 文件包含在偏移 0xe57 处开始的字符，该字符在当前源字符集中无效(代码页 65001)。
  (编译源文件“main.cpp”)
  
C:\Users\28185\Desktop\Leeds\Y3\Computer Graph\CW2\cw2(shared)\cw2\main\Custom_model.hpp(1,1): warning C4828: 文件包含在偏移 0xe62 处开始的字符，该字符在当前源字符集中无效(代码页 65001)。
  (编译源文件“main.cpp”)
  
C:\Users\28185\Desktop\Leeds\Y3\Computer Graph\CW2\cw2(shared)\cw2\main\Custom_model.hpp(1,1): warning C4828: 文件包含在偏移 0xe63 处开始的字符，该字符在当前源字符集中无效(代码页 65001)。
  (编译源文件“main.cpp”)
  
C:\Users\28185\Desktop\Leeds\Y3\Computer Graph\CW2\cw2(shared)\cw2\main\Custom_model.hpp(1,1): warning C4828: 文件包含在偏移 0xe71 处开始的字符，该字符在当前源字符集中无效(代码页 65001)。
  (编译源文件“main.cpp”)
  
C:\Users\28185\Desktop\Leeds\Y3\Computer Graph\CW2\cw2(shared)\cw2\main\Custom_model.hpp(1,1): warning C4828: 文件包含在偏移 0xe72 处开始的字符，该字符在当前源字符集中无效(代码页 65001)。
  (编译源文件“main.cpp”)
  
C:\Users\28185\Desktop\Leeds\Y3\Computer Graph\CW2\cw2(shared)\cw2\main\Custom_model.hpp(1,1): warning C4828: 文件包含在偏移 0x11ef 处开始的字符，该字符在当前源字符集中无效(代码页 65001)。
  (编译源文件“main.cpp”)
  
C:\Users\28185\Desktop\Leeds\Y3\Computer Graph\CW2\cw2(shared)\cw2\main\Custom_model.hpp(1,1): warning C4828: 文件包含在偏移 0x11f0 处开始的字符，该字符在当前源字符集中无效(代码页 65001)。
  (编译源文件“main.cpp”)
  
C:\Users\28185\Desktop\Leeds\Y3\Computer Graph\CW2\cw2(shared)\cw2\main\Custom_model.hpp(1,1): warning C4828: 文件包含在偏移 0x11f1 处开始的字符，该字符在当前源字符集中无效(代码页 65001)。
  (编译源文件“main.cpp”)
  
C:\Users\28185\Desktop\Leeds\Y3\Computer Graph\CW2\cw2(shared)\cw2\main\Custom_model.hpp(1,1): warning C4828: 文件包含在偏移 0x155b 处开始的字符，该字符在当前源字符集中无效(代码页 65001)。
  (编译源文件“main.cpp”)
  
C:\Users\28185\Desktop\Leeds\Y3\Computer Graph\CW2\cw2(shared)\cw2\main\Custom_model.hpp(1,1): warning C4828: 文件包含在偏移 0x159d 处开始的字符，该字符在当前源字符集中无效(代码页 65001)。
  (编译源文件“main.cpp”)
  
C:\Users\28185\Desktop\Leeds\Y3\Computer Graph\CW2\cw2(shared)\cw2\main\Custom_model.hpp(1,1): warning C4828: 文件包含在偏移 0x159f 处开始的字符，该字符在当前源字符集中无效(代码页 65001)。
  (编译源文件“main.cpp”)
  
C:\Users\28185\Desktop\Leeds\Y3\Computer Graph\CW2\cw2(shared)\cw2\main\Custom_model.hpp(1,1): warning C4828: 文件包含在偏移 0x15a0 处开始的字符，该字符在当前源字符集中无效(代码页 65001)。
  (编译源文件“main.cpp”)
  
C:\Users\28185\Desktop\Leeds\Y3\Computer Graph\CW2\cw2(shared)\cw2\main\Custom_model.hpp(1,1): warning C4828: 文件包含在偏移 0x15a1 处开始的字符，该字符在当前源字符集中无效(代码页 65001)。
  (编译源文件“main.cpp”)
  
C:\Users\28185\Desktop\Leeds\Y3\Computer Graph\CW2\cw2(shared)\cw2\main\Custom_model.hpp(1,1): warning C4828: 文件包含在偏移 0x15a5 处开始的字符，该字符在当前源字符集中无效(代码页 65001)。
  (编译源文件“main.cpp”)
  
C:\Users\28185\Desktop\Leeds\Y3\Computer Graph\CW2\cw2(shared)\cw2\main\Custom_model.hpp(1,1): warning C4828: 文件包含在偏移 0x15a7 处开始的字符，该字符在当前源字符集中无效(代码页 65001)。
  (编译源文件“main.cpp”)
  
C:\Users\28185\Desktop\Leeds\Y3\Computer Graph\CW2\cw2(shared)\cw2\main\Custom_model.hpp(1,1): warning C4828: 文件包含在偏移 0x187a 处开始的字符，该字符在当前源字符集中无效(代码页 65001)。
  (编译源文件“main.cpp”)
  
C:\Users\28185\Desktop\Leeds\Y3\Computer Graph\CW2\cw2(shared)\cw2\main\Custom_model.hpp(1,1): warning C4828: 文件包含在偏移 0x187b 处开始的字符，该字符在当前源字符集中无效(代码页 65001)。
  (编译源文件“main.cpp”)
  
C:\Users\28185\Desktop\Leeds\Y3\Computer Graph\CW2\cw2(shared)\cw2\main\Custom_model.hpp(1,1): warning C4828: 文件包含在偏移 0x187c 处开始的字符，该字符在当前源字符集中无效(代码页 65001)。
  (编译源文件“main.cpp”)
  
C:\Users\28185\Desktop\Leeds\Y3\Computer Graph\CW2\cw2(shared)\cw2\main\Custom_model.hpp(1,1): warning C4828: 文件包含在偏移 0x187e 处开始的字符，该字符在当前源字符集中无效(代码页 65001)。
  (编译源文件“main.cpp”)
  
C:\Users\28185\Desktop\Leeds\Y3\Computer Graph\CW2\cw2(shared)\cw2\main\Custom_model.hpp(1,1): warning C4828: 文件包含在偏移 0x212d 处开始的字符，该字符在当前源字符集中无效(代码页 65001)。
  (编译源文件“main.cpp”)
  
C:\Users\28185\Desktop\Leeds\Y3\Computer Graph\CW2\cw2(shared)\cw2\main\Custom_model.hpp(1,1): warning C4828: 文件包含在偏移 0x212e 处开始的字符，该字符在当前源字符集中无效(代码页 65001)。
  (编译源文件“main.cpp”)
  
C:\Users\28185\Desktop\Leeds\Y3\Computer Graph\CW2\cw2(shared)\cw2\main\Custom_model.hpp(1,1): warning C4828: 文件包含在偏移 0x212f 处开始的字符，该字符在当前源字符集中无效(代码页 65001)。
  (编译源文件“main.cpp”)
  
C:\Users\28185\Desktop\Leeds\Y3\Computer Graph\CW2\cw2(shared)\cw2\main\Custom_model.hpp(1,1): warning C4828: 文件包含在偏移 0x2130 处开始的字符，该字符在当前源字符集中无效(代码页 65001)。
  (编译源文件“main.cpp”)
  
C:\Users\28185\Desktop\Leeds\Y3\Computer Graph\CW2\cw2(shared)\cw2\main\Custom_model.hpp(1,1): warning C4828: 文件包含在偏移 0x2135 处开始的字符，该字符在当前源字符集中无效(代码页 65001)。
  (编译源文件“main.cpp”)
  
C:\Users\28185\Desktop\Leeds\Y3\Computer Graph\CW2\cw2(shared)\cw2\main\Custom_model.hpp(1,1): warning C4828: 文件包含在偏移 0x21e7 处开始的字符，该字符在当前源字符集中无效(代码页 65001)。
  (编译源文件“main.cpp”)
  
C:\Users\28185\Desktop\Leeds\Y3\Computer Graph\CW2\cw2(shared)\cw2\main\Custom_model.hpp(1,1): warning C4828: 文件包含在偏移 0x21e8 处开始的字符，该字符在当前源字符集中无效(代码页 65001)。
  (编译源文件“main.cpp”)
  
C:\Users\28185\Desktop\Leeds\Y3\Computer Graph\CW2\cw2(shared)\cw2\main\Custom_model.hpp(1,1): warning C4828: 文件包含在偏移 0x21ee 处开始的字符，该字符在当前源字符集中无效(代码页 65001)。
  (编译源文件“main.cpp”)
  
C:\Users\28185\Desktop\Leeds\Y3\Computer Graph\CW2\cw2(shared)\cw2\main\Custom_model.hpp(1,1): warning C4828: 文件包含在偏移 0x21ef 处开始的字符，该字符在当前源字符集中无效(代码页 65001)。
  (编译源文件“main.cpp”)
  
C:\Users\28185\Desktop\Leeds\Y3\Computer Graph\CW2\cw2(shared)\cw2\main\Custom_model.hpp(1,1): warning C4828: 文件包含在偏移 0x21f1 处开始的字符，该字符在当前源字符集中无效(代码页 65001)。
  (编译源文件“main.cpp”)
  
C:\Users\28185\Desktop\Leeds\Y3\Computer Graph\CW2\cw2(shared)\cw2\main\Custom_model.hpp(1,1): warning C4828: 文件包含在偏移 0x225f 处开始的字符，该字符在当前源字符集中无效(代码页 65001)。
  (编译源文件“main.cpp”)
  
C:\Users\28185\Desktop\Leeds\Y3\Computer Graph\CW2\cw2(shared)\cw2\main\Custom_model.hpp(1,1): warning C4828: 文件包含在偏移 0x2260 处开始的字符，该字符在当前源字符集中无效(代码页 65001)。
  (编译源文件“main.cpp”)
  
C:\Users\28185\Desktop\Leeds\Y3\Computer Graph\CW2\cw2(shared)\cw2\main\Custom_model.hpp(1,1): warning C4828: 文件包含在偏移 0x2261 处开始的字符，该字符在当前源字符集中无效(代码页 65001)。
  (编译源文件“main.cpp”)
  
C:\Users\28185\Desktop\Leeds\Y3\Computer Graph\CW2\cw2(shared)\cw2\main\Custom_model.hpp(1,1): warning C4828: 文件包含在偏移 0x2262 处开始的字符，该字符在当前源字符集中无效(代码页 65001)。
  (编译源文件“main.cpp”)
  
C:\Users\28185\Desktop\Leeds\Y3\Computer Graph\CW2\cw2(shared)\cw2\main\Custom_model.hpp(1,1): warning C4828: 文件包含在偏移 0x2265 处开始的字符，该字符在当前源字符集中无效(代码页 65001)。
  (编译源文件“main.cpp”)
  
C:\Users\28185\Desktop\Leeds\Y3\Computer Graph\CW2\cw2(shared)\cw2\main\Custom_model.hpp(1,1): warning C4828: 文件包含在偏移 0x2268 处开始的字符，该字符在当前源字符集中无效(代码页 65001)。
  (编译源文件“main.cpp”)
  
C:\Users\28185\Desktop\Leeds\Y3\Computer Graph\CW2\cw2(shared)\cw2\main\Custom_model.hpp(1,1): warning C4828: 文件包含在偏移 0x2269 处开始的字符，该字符在当前源字符集中无效(代码页 65001)。
  (编译源文件“main.cpp”)
  
C:\Users\28185\Desktop\Leeds\Y3\Computer Graph\CW2\cw2(shared)\cw2\main\Custom_model.hpp(1,1): warning C4828: 文件包含在偏移 0x226b 处开始的字符，该字符在当前源字符集中无效(代码页 65001)。
  (编译源文件“main.cpp”)
  
C:\Users\28185\Desktop\Leeds\Y3\Computer Graph\CW2\cw2(shared)\cw2\main\Custom_model.hpp(1,1): warning C4828: 文件包含在偏移 0x237f 处开始的字符，该字符在当前源字符集中无效(代码页 65001)。
  (编译源文件“main.cpp”)
  
C:\Users\28185\Desktop\Leeds\Y3\Computer Graph\CW2\cw2(shared)\cw2\main\Custom_model.hpp(1,1): warning C4828: 文件包含在偏移 0x2382 处开始的字符，该字符在当前源字符集中无效(代码页 65001)。
  (编译源文件“main.cpp”)
  
C:\Users\28185\Desktop\Leeds\Y3\Computer Graph\CW2\cw2(shared)\cw2\main\Custom_model.hpp(1,1): warning C4828: 文件包含在偏移 0x2385 处开始的字符，该字符在当前源字符集中无效(代码页 65001)。
  (编译源文件“main.cpp”)
  
C:\Users\28185\Desktop\Leeds\Y3\Computer Graph\CW2\cw2(shared)\cw2\main\Custom_model.hpp(1,1): warning C4828: 文件包含在偏移 0x2387 处开始的字符，该字符在当前源字符集中无效(代码页 65001)。
  (编译源文件“main.cpp”)
  
C:\Users\28185\Desktop\Leeds\Y3\Computer Graph\CW2\cw2(shared)\cw2\main\Custom_model.hpp(1,1): warning C4828: 文件包含在偏移 0x2389 处开始的字符，该字符在当前源字符集中无效(代码页 65001)。
  (编译源文件“main.cpp”)
  
C:\Users\28185\Desktop\Leeds\Y3\Computer Graph\CW2\cw2(shared)\cw2\main\Custom_model.hpp(1,1): warning C4828: 文件包含在偏移 0x238c 处开始的字符，该字符在当前源字符集中无效(代码页 65001)。
  (编译源文件“main.cpp”)
  
C:\Users\28185\Desktop\Leeds\Y3\Computer Graph\CW2\cw2(shared)\cw2\main\Custom_model.hpp(1,1): warning C4828: 文件包含在偏移 0x244e 处开始的字符，该字符在当前源字符集中无效(代码页 65001)。
  (编译源文件“main.cpp”)
  
C:\Users\28185\Desktop\Leeds\Y3\Computer Graph\CW2\cw2(shared)\cw2\main\Custom_model.hpp(1,1): warning C4828: 文件包含在偏移 0x244f 处开始的字符，该字符在当前源字符集中无效(代码页 65001)。
  (编译源文件“main.cpp”)
  
C:\Users\28185\Desktop\Leeds\Y3\Computer Graph\CW2\cw2(shared)\cw2\main\Custom_model.hpp(1,1): warning C4828: 文件包含在偏移 0x2451 处开始的字符，该字符在当前源字符集中无效(代码页 65001)。
  (编译源文件“main.cpp”)
  
C:\Users\28185\Desktop\Leeds\Y3\Computer Graph\CW2\cw2(shared)\cw2\main\Custom_model.hpp(1,1): warning C4828: 文件包含在偏移 0x2454 处开始的字符，该字符在当前源字符集中无效(代码页 65001)。
  (编译源文件“main.cpp”)
  
C:\Users\28185\Desktop\Leeds\Y3\Computer Graph\CW2\cw2(shared)\cw2\main\Custom_model.hpp(1,1): warning C4828: 文件包含在偏移 0x2456 处开始的字符，该字符在当前源字符集中无效(代码页 65001)。
  (编译源文件“main.cpp”)
  
C:\Users\28185\Desktop\Leeds\Y3\Computer Graph\CW2\cw2(shared)\cw2\main\Custom_model.hpp(1,1): warning C4828: 文件包含在偏移 0x2457 处开始的字符，该字符在当前源字符集中无效(代码页 65001)。
  (编译源文件“main.cpp”)
  
C:\Users\28185\Desktop\Leeds\Y3\Computer Graph\CW2\cw2(shared)\cw2\main\Custom_model.hpp(1,1): warning C4828: 文件包含在偏移 0x2458 处开始的字符，该字符在当前源字符集中无效(代码页 65001)。
  (编译源文件“main.cpp”)
  
C:\Users\28185\Desktop\Leeds\Y3\Computer Graph\CW2\cw2(shared)\cw2\main\Custom_model.hpp(1,1): warning C4828: 文件包含在偏移 0x2483 处开始的字符，该字符在当前源字符集中无效(代码页 65001)。
  (编译源文件“main.cpp”)
  
C:\Users\28185\Desktop\Leeds\Y3\Computer Graph\CW2\cw2(shared)\cw2\main\Custom_model.hpp(1,1): warning C4828: 文件包含在偏移 0x24f6 处开始的字符，该字符在当前源字符集中无效(代码页 65001)。
  (编译源文件“main.cpp”)
  
C:\Users\28185\Desktop\Leeds\Y3\Computer Graph\CW2\cw2(shared)\cw2\main\Custom_model.hpp(1,1): warning C4828: 文件包含在偏移 0x24f7 处开始的字符，该字符在当前源字符集中无效(代码页 65001)。
  (编译源文件“main.cpp”)
  
C:\Users\28185\Desktop\Leeds\Y3\Computer Graph\CW2\cw2(shared)\cw2\main\Custom_model.hpp(1,1): warning C4828: 文件包含在偏移 0x24fa 处开始的字符，该字符在当前源字符集中无效(代码页 65001)。
  (编译源文件“main.cpp”)
  
C:\Users\28185\Desktop\Leeds\Y3\Computer Graph\CW2\cw2(shared)\cw2\main\Custom_model.hpp(1,1): warning C4828: 文件包含在偏移 0x24fb 处开始的字符，该字符在当前源字符集中无效(代码页 65001)。
  (编译源文件“main.cpp”)
  
C:\Users\28185\Desktop\Leeds\Y3\Computer Graph\CW2\cw2(shared)\cw2\main\Custom_model.hpp(1,1): warning C4828: 文件包含在偏移 0x24fc 处开始的字符，该字符在当前源字符集中无效(代码页 65001)。
  (编译源文件“main.cpp”)
  
C:\Users\28185\Desktop\Leeds\Y3\Computer Graph\CW2\cw2(shared)\cw2\main\Custom_model.hpp(1,1): warning C4828: 文件包含在偏移 0x24fd 处开始的字符，该字符在当前源字符集中无效(代码页 65001)。
  (编译源文件“main.cpp”)
  
C:\Users\28185\Desktop\Leeds\Y3\Computer Graph\CW2\cw2(shared)\cw2\main\Custom_model.hpp(1,1): warning C4828: 文件包含在偏移 0x24fe 处开始的字符，该字符在当前源字符集中无效(代码页 65001)。
  (编译源文件“main.cpp”)
  
C:\Users\28185\Desktop\Leeds\Y3\Computer Graph\CW2\cw2(shared)\cw2\main\Custom_model.hpp(1,1): warning C4828: 文件包含在偏移 0x25df 处开始的字符，该字符在当前源字符集中无效(代码页 65001)。
  (编译源文件“main.cpp”)
  
C:\Users\28185\Desktop\Leeds\Y3\Computer Graph\CW2\cw2(shared)\cw2\main\Custom_model.hpp(1,1): warning C4828: 文件包含在偏移 0x25e0 处开始的字符，该字符在当前源字符集中无效(代码页 65001)。
  (编译源文件“main.cpp”)
  
C:\Users\28185\Desktop\Leeds\Y3\Computer Graph\CW2\cw2(shared)\cw2\main\Custom_model.hpp(1,1): warning C4828: 文件包含在偏移 0x25e3 处开始的字符，该字符在当前源字符集中无效(代码页 65001)。
  (编译源文件“main.cpp”)
  
C:\Users\28185\Desktop\Leeds\Y3\Computer Graph\CW2\cw2(shared)\cw2\main\Custom_model.hpp(1,1): warning C4828: 文件包含在偏移 0x25e5 处开始的字符，该字符在当前源字符集中无效(代码页 65001)。
  (编译源文件“main.cpp”)
  
C:\Users\28185\Desktop\Leeds\Y3\Computer Graph\CW2\cw2(shared)\cw2\main\Custom_model.hpp(1,1): warning C4828: 文件包含在偏移 0x25e6 处开始的字符，该字符在当前源字符集中无效(代码页 65001)。
  (编译源文件“main.cpp”)
  
C:\Users\28185\Desktop\Leeds\Y3\Computer Graph\CW2\cw2(shared)\cw2\main\Custom_model.hpp(1,1): warning C4828: 文件包含在偏移 0x25e8 处开始的字符，该字符在当前源字符集中无效(代码页 65001)。
  (编译源文件“main.cpp”)
  
C:\Users\28185\Desktop\Leeds\Y3\Computer Graph\CW2\cw2(shared)\cw2\main\Custom_model.hpp(1,1): warning C4828: 文件包含在偏移 0x2a34 处开始的字符，该字符在当前源字符集中无效(代码页 65001)。
  (编译源文件“main.cpp”)
  
C:\Users\28185\Desktop\Leeds\Y3\Computer Graph\CW2\cw2(shared)\cw2\main\Custom_model.hpp(1,1): warning C4828: 文件包含在偏移 0x2a36 处开始的字符，该字符在当前源字符集中无效(代码页 65001)。
  (编译源文件“main.cpp”)
  
C:\Users\28185\Desktop\Leeds\Y3\Computer Graph\CW2\cw2(shared)\cw2\main\Custom_model.hpp(1,1): warning C4828: 文件包含在偏移 0x2a38 处开始的字符，该字符在当前源字符集中无效(代码页 65001)。
  (编译源文件“main.cpp”)
  
C:\Users\28185\Desktop\Leeds\Y3\Computer Graph\CW2\cw2(shared)\cw2\main\Custom_model.hpp(1,1): warning C4828: 文件包含在偏移 0x2a39 处开始的字符，该字符在当前源字符集中无效(代码页 65001)。
  (编译源文件“main.cpp”)
  
C:\Users\28185\Desktop\Leeds\Y3\Computer Graph\CW2\cw2(shared)\cw2\main\Custom_model.hpp(1,1): warning C4828: 文件包含在偏移 0x2a3a 处开始的字符，该字符在当前源字符集中无效(代码页 65001)。
  (编译源文件“main.cpp”)
  
C:\Users\28185\Desktop\Leeds\Y3\Computer Graph\CW2\cw2(shared)\cw2\main\Custom_model.hpp(1,1): warning C4828: 文件包含在偏移 0x2a3b 处开始的字符，该字符在当前源字符集中无效(代码页 65001)。
  (编译源文件“main.cpp”)
  
C:\Users\28185\Desktop\Leeds\Y3\Computer Graph\CW2\cw2(shared)\cw2\main\Custom_model.hpp(1,1): warning C4828: 文件包含在偏移 0x2a3e 处开始的字符，该字符在当前源字符集中无效(代码页 65001)。
  (编译源文件“main.cpp”)
  
C:\Users\28185\Desktop\Leeds\Y3\Computer Graph\CW2\cw2(shared)\cw2\main\Custom_model.hpp(1,1): warning C4828: 文件包含在偏移 0x2a3f 处开始的字符，该字符在当前源字符集中无效(代码页 65001)。
  (编译源文件“main.cpp”)
  
C:\Users\28185\Desktop\Leeds\Y3\Computer Graph\CW2\cw2(shared)\cw2\main\Custom_model.hpp(1,1): warning C4828: 文件包含在偏移 0x2a40 处开始的字符，该字符在当前源字符集中无效(代码页 65001)。
  (编译源文件“main.cpp”)
  
C:\Users\28185\Desktop\Leeds\Y3\Computer Graph\CW2\cw2(shared)\cw2\main\Custom_model.hpp(1,1): warning C4828: 文件包含在偏移 0x2a41 处开始的字符，该字符在当前源字符集中无效(代码页 65001)。
  (编译源文件“main.cpp”)
  
C:\Users\28185\Desktop\Leeds\Y3\Computer Graph\CW2\cw2(shared)\cw2\main\Custom_model.hpp(1,1): warning C4828: 文件包含在偏移 0x2a42 处开始的字符，该字符在当前源字符集中无效(代码页 65001)。
  (编译源文件“main.cpp”)
  
C:\Users\28185\Desktop\Leeds\Y3\Computer Graph\CW2\cw2(shared)\cw2\main\Custom_model.hpp(1,1): warning C4828: 文件包含在偏移 0x2a95 处开始的字符，该字符在当前源字符集中无效(代码页 65001)。
  (编译源文件“main.cpp”)
  
C:\Users\28185\Desktop\Leeds\Y3\Computer Graph\CW2\cw2(shared)\cw2\main\Custom_model.hpp(1,1): warning C4828: 文件包含在偏移 0x2a96 处开始的字符，该字符在当前源字符集中无效(代码页 65001)。
  (编译源文件“main.cpp”)
  
C:\Users\28185\Desktop\Leeds\Y3\Computer Graph\CW2\cw2(shared)\cw2\main\Custom_model.hpp(1,1): warning C4828: 文件包含在偏移 0x2a97 处开始的字符，该字符在当前源字符集中无效(代码页 65001)。
  (编译源文件“main.cpp”)
  
C:\Users\28185\Desktop\Leeds\Y3\Computer Graph\CW2\cw2(shared)\cw2\main\Custom_model.hpp(1,1): warning C4828: 文件包含在偏移 0x2a98 处开始的字符，该字符在当前源字符集中无效(代码页 65001)。
  (编译源文件“main.cpp”)
  
C:\Users\28185\Desktop\Leeds\Y3\Computer Graph\CW2\cw2(shared)\cw2\main\Custom_model.hpp(1,1): warning C4828: 文件包含在偏移 0x2a99 处开始的字符，该字符在当前源字符集中无效(代码页 65001)。
  (编译源文件“main.cpp”)
  
C:\Users\28185\Desktop\Leeds\Y3\Computer Graph\CW2\cw2(shared)\cw2\main\Custom_model.hpp(1,1): warning C4828: 文件包含在偏移 0x2a9a 处开始的字符，该字符在当前源字符集中无效(代码页 65001)。
  (编译源文件“main.cpp”)
  
C:\Users\28185\Desktop\Leeds\Y3\Computer Graph\CW2\cw2(shared)\cw2\main\Custom_model.hpp(1,1): warning C4828: 文件包含在偏移 0x2a9c 处开始的字符，该字符在当前源字符集中无效(代码页 65001)。
  (编译源文件“main.cpp”)
  
C:\Users\28185\Desktop\Leeds\Y3\Computer Graph\CW2\cw2(shared)\cw2\main\Custom_model.hpp(1,1): warning C4828: 文件包含在偏移 0x2ac6 处开始的字符，该字符在当前源字符集中无效(代码页 65001)。
  (编译源文件“main.cpp”)
  
C:\Users\28185\Desktop\Leeds\Y3\Computer Graph\CW2\cw2(shared)\cw2\main\Custom_model.hpp(1,1): warning C4828: 文件包含在偏移 0x2ac7 处开始的字符，该字符在当前源字符集中无效(代码页 65001)。
  (编译源文件“main.cpp”)
  
C:\Users\28185\Desktop\Leeds\Y3\Computer Graph\CW2\cw2(shared)\cw2\main\Custom_model.hpp(1,1): warning C4828: 文件包含在偏移 0x2ac8 处开始的字符，该字符在当前源字符集中无效(代码页 65001)。
  (编译源文件“main.cpp”)
  
C:\Users\28185\Desktop\Leeds\Y3\Computer Graph\CW2\cw2(shared)\cw2\main\Custom_model.hpp(1,1): warning C4828: 文件包含在偏移 0x2ac9 处开始的字符，该字符在当前源字符集中无效(代码页 65001)。
  (编译源文件“main.cpp”)
  
C:\Users\28185\Desktop\Leeds\Y3\Computer Graph\CW2\cw2(shared)\cw2\main\Custom_model.hpp(1,1): warning C4828: 文件包含在偏移 0x2aca 处开始的字符，该字符在当前源字符集中无效(代码页 65001)。
  (编译源文件“main.cpp”)
  
C:\Users\28185\Desktop\Leeds\Y3\Computer Graph\CW2\cw2(shared)\cw2\main\Custom_model.hpp(1,1): warning C4828: 文件包含在偏移 0x2acd 处开始的字符，该字符在当前源字符集中无效(代码页 65001)。
  (编译源文件“main.cpp”)
  
C:\Users\28185\Desktop\Leeds\Y3\Computer Graph\CW2\cw2(shared)\cw2\main\Custom_model.hpp(1,1): warning C4828: 文件包含在偏移 0x2af0 处开始的字符，该字符在当前源字符集中无效(代码页 65001)。
  (编译源文件“main.cpp”)
  
C:\Users\28185\Desktop\Leeds\Y3\Computer Graph\CW2\cw2(shared)\cw2\main\Custom_model.hpp(1,1): warning C4828: 文件包含在偏移 0x2af1 处开始的字符，该字符在当前源字符集中无效(代码页 65001)。
  (编译源文件“main.cpp”)
  
C:\Users\28185\Desktop\Leeds\Y3\Computer Graph\CW2\cw2(shared)\cw2\main\Custom_model.hpp(1,1): warning C4828: 文件包含在偏移 0x2af2 处开始的字符，该字符在当前源字符集中无效(代码页 65001)。
  (编译源文件“main.cpp”)
  
C:\Users\28185\Desktop\Leeds\Y3\Computer Graph\CW2\cw2(shared)\cw2\main\Custom_model.hpp(1,1): warning C4828: 文件包含在偏移 0x2af3 处开始的字符，该字符在当前源字符集中无效(代码页 65001)。
  (编译源文件“main.cpp”)
  
C:\Users\28185\Desktop\Leeds\Y3\Computer Graph\CW2\cw2(shared)\cw2\main\Custom_model.hpp(1,1): warning C4828: 文件包含在偏移 0x2af4 处开始的字符，该字符在当前源字符集中无效(代码页 65001)。
  (编译源文件“main.cpp”)
  
C:\Users\28185\Desktop\Leeds\Y3\Computer Graph\CW2\cw2(shared)\cw2\main\Custom_model.hpp(1,1): warning C4828: 文件包含在偏移 0x2af5 处开始的字符，该字符在当前源字符集中无效(代码页 65001)。
  (编译源文件“main.cpp”)
  
C:\Users\28185\Desktop\Leeds\Y3\Computer Graph\CW2\cw2(shared)\cw2\main\Custom_model.hpp(1,1): warning C4828: 文件包含在偏移 0x2af9 处开始的字符，该字符在当前源字符集中无效(代码页 65001)。
  (编译源文件“main.cpp”)
  
C:\Users\28185\Desktop\Leeds\Y3\Computer Graph\CW2\cw2(shared)\cw2\main\Custom_model.hpp(1,1): warning C4828: 文件包含在偏移 0x2afb 处开始的字符，该字符在当前源字符集中无效(代码页 65001)。
  (编译源文件“main.cpp”)
  
C:\Users\28185\Desktop\Leeds\Y3\Computer Graph\CW2\cw2(shared)\cw2\main\Custom_model.hpp(1,1): warning C4828: 文件包含在偏移 0x2b1c 处开始的字符，该字符在当前源字符集中无效(代码页 65001)。
  (编译源文件“main.cpp”)
  
C:\Users\28185\Desktop\Leeds\Y3\Computer Graph\CW2\cw2(shared)\cw2\main\Custom_model.hpp(1,1): warning C4828: 文件包含在偏移 0x2b1d 处开始的字符，该字符在当前源字符集中无效(代码页 65001)。
  (编译源文件“main.cpp”)
  
C:\Users\28185\Desktop\Leeds\Y3\Computer Graph\CW2\cw2(shared)\cw2\main\Custom_model.hpp(1,1): warning C4828: 文件包含在偏移 0x2b1e 处开始的字符，该字符在当前源字符集中无效(代码页 65001)。
  (编译源文件“main.cpp”)
  
C:\Users\28185\Desktop\Leeds\Y3\Computer Graph\CW2\cw2(shared)\cw2\main\Custom_model.hpp(1,1): warning C4828: 文件包含在偏移 0x2b1f 处开始的字符，该字符在当前源字符集中无效(代码页 65001)。
  (编译源文件“main.cpp”)
  
C:\Users\28185\Desktop\Leeds\Y3\Computer Graph\CW2\cw2(shared)\cw2\main\Custom_model.hpp(1,1): warning C4828: 文件包含在偏移 0x2b20 处开始的字符，该字符在当前源字符集中无效(代码页 65001)。
  (编译源文件“main.cpp”)
  
C:\Users\28185\Desktop\Leeds\Y3\Computer Graph\CW2\cw2(shared)\cw2\main\Custom_model.hpp(1,1): warning C4828: 文件包含在偏移 0x2b21 处开始的字符，该字符在当前源字符集中无效(代码页 65001)。
  (编译源文件“main.cpp”)
  
C:\Users\28185\Desktop\Leeds\Y3\Computer Graph\CW2\cw2(shared)\cw2\main\Custom_model.hpp(1,1): warning C4828: 文件包含在偏移 0x2b2d 处开始的字符，该字符在当前源字符集中无效(代码页 65001)。
  (编译源文件“main.cpp”)
  
C:\Users\28185\Desktop\Leeds\Y3\Computer Graph\CW2\cw2(shared)\cw2\main\Custom_model.hpp(1,1): warning C4828: 文件包含在偏移 0x2b2e 处开始的字符，该字符在当前源字符集中无效(代码页 65001)。
  (编译源文件“main.cpp”)
  
C:\Users\28185\Desktop\Leeds\Y3\Computer Graph\CW2\cw2(shared)\cw2\main\Custom_model.hpp(1,1): warning C4828: 文件包含在偏移 0x2b33 处开始的字符，该字符在当前源字符集中无效(代码页 65001)。
  (编译源文件“main.cpp”)
  
C:\Users\28185\Desktop\Leeds\Y3\Computer Graph\CW2\cw2(shared)\cw2\main\Custom_model.hpp(1,1): warning C4828: 文件包含在偏移 0x2b34 处开始的字符，该字符在当前源字符集中无效(代码页 65001)。
  (编译源文件“main.cpp”)
  
C:\Users\28185\Desktop\Leeds\Y3\Computer Graph\CW2\cw2(shared)\cw2\main\Custom_model.hpp(1,1): warning C4828: 文件包含在偏移 0x2b35 处开始的字符，该字符在当前源字符集中无效(代码页 65001)。
  (编译源文件“main.cpp”)
  
C:\Users\28185\Desktop\Leeds\Y3\Computer Graph\CW2\cw2(shared)\cw2\main\Custom_model.hpp(1,1): warning C4828: 文件包含在偏移 0x2b39 处开始的字符，该字符在当前源字符集中无效(代码页 65001)。
  (编译源文件“main.cpp”)
  
C:\Users\28185\Desktop\Leeds\Y3\Computer Graph\CW2\cw2(shared)\cw2\main\Custom_model.hpp(1,1): warning C4828: 文件包含在偏移 0x2b3a 处开始的字符，该字符在当前源字符集中无效(代码页 65001)。
  (编译源文件“main.cpp”)
  
C:\Users\28185\Desktop\Leeds\Y3\Computer Graph\CW2\cw2(shared)\cw2\main\Custom_model.hpp(1,1): warning C4828: 文件包含在偏移 0x2b40 处开始的字符，该字符在当前源字符集中无效(代码页 65001)。
  (编译源文件“main.cpp”)
  
C:\Users\28185\Desktop\Leeds\Y3\Computer Graph\CW2\cw2(shared)\cw2\main\Custom_model.hpp(1,1): warning C4828: 文件包含在偏移 0x2b42 处开始的字符，该字符在当前源字符集中无效(代码页 65001)。
  (编译源文件“main.cpp”)
  
C:\Users\28185\Desktop\Leeds\Y3\Computer Graph\CW2\cw2(shared)\cw2\main\Custom_model.hpp(1,1): warning C4828: 文件包含在偏移 0x2b43 处开始的字符，该字符在当前源字符集中无效(代码页 65001)。
  (编译源文件“main.cpp”)
  
C:\Users\28185\Desktop\Leeds\Y3\Computer Graph\CW2\cw2(shared)\cw2\main\Custom_model.hpp(1,1): warning C4828: 文件包含在偏移 0x2bb9 处开始的字符，该字符在当前源字符集中无效(代码页 65001)。
  (编译源文件“main.cpp”)
  
C:\Users\28185\Desktop\Leeds\Y3\Computer Graph\CW2\cw2(shared)\cw2\main\Custom_model.hpp(1,1): warning C4828: 文件包含在偏移 0x2bbb 处开始的字符，该字符在当前源字符集中无效(代码页 65001)。
  (编译源文件“main.cpp”)
  
C:\Users\28185\Desktop\Leeds\Y3\Computer Graph\CW2\cw2(shared)\cw2\main\Custom_model.hpp(1,1): warning C4828: 文件包含在偏移 0x2bbf 处开始的字符，该字符在当前源字符集中无效(代码页 65001)。
  (编译源文件“main.cpp”)
  
C:\Users\28185\Desktop\Leeds\Y3\Computer Graph\CW2\cw2(shared)\cw2\main\Custom_model.hpp(1,1): warning C4828: 文件包含在偏移 0x2bc1 处开始的字符，该字符在当前源字符集中无效(代码页 65001)。
  (编译源文件“main.cpp”)
  
C:\Users\28185\Desktop\Leeds\Y3\Computer Graph\CW2\cw2(shared)\cw2\main\Custom_model.hpp(1,1): warning C4828: 文件包含在偏移 0x2bc2 处开始的字符，该字符在当前源字符集中无效(代码页 65001)。
  (编译源文件“main.cpp”)
  
C:\Users\28185\Desktop\Leeds\Y3\Computer Graph\CW2\cw2(shared)\cw2\main\Custom_model.hpp(1,1): warning C4828: 文件包含在偏移 0x2bc3 处开始的字符，该字符在当前源字符集中无效(代码页 65001)。
  (编译源文件“main.cpp”)
  
C:\Users\28185\Desktop\Leeds\Y3\Computer Graph\CW2\cw2(shared)\cw2\main\Custom_model.hpp(1,1): warning C4828: 文件包含在偏移 0x2bc7 处开始的字符，该字符在当前源字符集中无效(代码页 65001)。
  (编译源文件“main.cpp”)
  
C:\Users\28185\Desktop\Leeds\Y3\Computer Graph\CW2\cw2(shared)\cw2\main\Custom_model.hpp(1,1): warning C4828: 文件包含在偏移 0x2bc9 处开始的字符，该字符在当前源字符集中无效(代码页 65001)。
  (编译源文件“main.cpp”)
  
C:\Users\28185\Desktop\Leeds\Y3\Computer Graph\CW2\cw2(shared)\cw2\main\Custom_model.hpp(1,1): warning C4828: 文件包含在偏移 0x2bca 处开始的字符，该字符在当前源字符集中无效(代码页 65001)。
  (编译源文件“main.cpp”)
  
C:\Users\28185\Desktop\Leeds\Y3\Computer Graph\CW2\cw2(shared)\cw2\main\Custom_model.hpp(1,1): warning C4828: 文件包含在偏移 0x2bcb 处开始的字符，该字符在当前源字符集中无效(代码页 65001)。
  (编译源文件“main.cpp”)
  
C:\Users\28185\Desktop\Leeds\Y3\Computer Graph\CW2\cw2(shared)\cw2\main\Custom_model.hpp(1,1): warning C4828: 文件包含在偏移 0x2bcc 处开始的字符，该字符在当前源字符集中无效(代码页 65001)。
  (编译源文件“main.cpp”)
  
C:\Users\28185\Desktop\Leeds\Y3\Computer Graph\CW2\cw2(shared)\cw2\main\Custom_model.hpp(1,1): warning C4828: 文件包含在偏移 0x2bcd 处开始的字符，该字符在当前源字符集中无效(代码页 65001)。
  (编译源文件“main.cpp”)
  
C:\Users\28185\Desktop\Leeds\Y3\Computer Graph\CW2\cw2(shared)\cw2\main\Custom_model.hpp(1,1): warning C4828: 文件包含在偏移 0x2bcf 处开始的字符，该字符在当前源字符集中无效(代码页 65001)。
  (编译源文件“main.cpp”)
  
C:\Users\28185\Desktop\Leeds\Y3\Computer Graph\CW2\cw2(shared)\cw2\main\Custom_model.hpp(1,1): warning C4828: 文件包含在偏移 0x2bd1 处开始的字符，该字符在当前源字符集中无效(代码页 65001)。
  (编译源文件“main.cpp”)
  
C:\Users\28185\Desktop\Leeds\Y3\Computer Graph\CW2\cw2(shared)\cw2\main\Custom_model.hpp(1,1): warning C4828: 文件包含在偏移 0x2bd2 处开始的字符，该字符在当前源字符集中无效(代码页 65001)。
  (编译源文件“main.cpp”)
  
C:\Users\28185\Desktop\Leeds\Y3\Computer Graph\CW2\cw2(shared)\cw2\main\Custom_model.hpp(1,1): warning C4828: 文件包含在偏移 0x2bde 处开始的字符，该字符在当前源字符集中无效(代码页 65001)。
  (编译源文件“main.cpp”)
  
C:\Users\28185\Desktop\Leeds\Y3\Computer Graph\CW2\cw2(shared)\cw2\main\Custom_model.hpp(1,1): warning C4828: 文件包含在偏移 0x2be1 处开始的字符，该字符在当前源字符集中无效(代码页 65001)。
  (编译源文件“main.cpp”)
  
C:\Users\28185\Desktop\Leeds\Y3\Computer Graph\CW2\cw2(shared)\cw2\main\Custom_model.hpp(1,1): warning C4828: 文件包含在偏移 0x2be2 处开始的字符，该字符在当前源字符集中无效(代码页 65001)。
  (编译源文件“main.cpp”)
  
C:\Users\28185\Desktop\Leeds\Y3\Computer Graph\CW2\cw2(shared)\cw2\main\Custom_model.hpp(1,1): warning C4828: 文件包含在偏移 0x2be6 处开始的字符，该字符在当前源字符集中无效(代码页 65001)。
  (编译源文件“main.cpp”)
  
C:\Users\28185\Desktop\Leeds\Y3\Computer Graph\CW2\cw2(shared)\cw2\main\Custom_model.hpp(1,1): warning C4828: 文件包含在偏移 0x2be9 处开始的字符，该字符在当前源字符集中无效(代码页 65001)。
  (编译源文件“main.cpp”)
  
C:\Users\28185\Desktop\Leeds\Y3\Computer Graph\CW2\cw2(shared)\cw2\main\Custom_model.hpp(1,1): warning C4828: 文件包含在偏移 0x2beb 处开始的字符，该字符在当前源字符集中无效(代码页 65001)。
  (编译源文件“main.cpp”)
  
C:\Users\28185\Desktop\Leeds\Y3\Computer Graph\CW2\cw2(shared)\cw2\main\Custom_model.hpp(1,1): warning C4828: 文件包含在偏移 0x2bec 处开始的字符，该字符在当前源字符集中无效(代码页 65001)。
  (编译源文件“main.cpp”)
  
C:\Users\28185\Desktop\Leeds\Y3\Computer Graph\CW2\cw2(shared)\cw2\main\Custom_model.hpp(1,1): warning C4828: 文件包含在偏移 0x2bed 处开始的字符，该字符在当前源字符集中无效(代码页 65001)。
  (编译源文件“main.cpp”)
  
C:\Users\28185\Desktop\Leeds\Y3\Computer Graph\CW2\cw2(shared)\cw2\main\Custom_model.hpp(1,1): warning C4828: 文件包含在偏移 0x2bef 处开始的字符，该字符在当前源字符集中无效(代码页 65001)。
  (编译源文件“main.cpp”)
  
C:\Users\28185\Desktop\Leeds\Y3\Computer Graph\CW2\cw2(shared)\cw2\main\Custom_model.hpp(1,1): warning C4828: 文件包含在偏移 0x2bf1 处开始的字符，该字符在当前源字符集中无效(代码页 65001)。
  (编译源文件“main.cpp”)
  
C:\Users\28185\Desktop\Leeds\Y3\Computer Graph\CW2\cw2(shared)\cw2\main\Custom_model.hpp(1,1): warning C4828: 文件包含在偏移 0x2bf2 处开始的字符，该字符在当前源字符集中无效(代码页 65001)。
  (编译源文件“main.cpp”)
  
C:\Users\28185\Desktop\Leeds\Y3\Computer Graph\CW2\cw2(shared)\cw2\main\Custom_model.hpp(1,1): warning C4828: 文件包含在偏移 0x2bf3 处开始的字符，该字符在当前源字符集中无效(代码页 65001)。
  (编译源文件“main.cpp”)
  
C:\Users\28185\Desktop\Leeds\Y3\Computer Graph\CW2\cw2(shared)\cw2\main\Custom_model.hpp(1,1): warning C4828: 文件包含在偏移 0x2bf5 处开始的字符，该字符在当前源字符集中无效(代码页 65001)。
  (编译源文件“main.cpp”)
  
C:\Users\28185\Desktop\Leeds\Y3\Computer Graph\CW2\cw2(shared)\cw2\main\Custom_model.hpp(1,1): warning C4828: 文件包含在偏移 0x2bf7 处开始的字符，该字符在当前源字符集中无效(代码页 65001)。
  (编译源文件“main.cpp”)
  
C:\Users\28185\Desktop\Leeds\Y3\Computer Graph\CW2\cw2(shared)\cw2\main\Custom_model.hpp(1,1): warning C4828: 文件包含在偏移 0x2bf8 处开始的字符，该字符在当前源字符集中无效(代码页 65001)。
  (编译源文件“main.cpp”)
  
C:\Users\28185\Desktop\Leeds\Y3\Computer Graph\CW2\cw2(shared)\cw2\main\Custom_model.hpp(1,1): warning C4828: 文件包含在偏移 0x2c4f 处开始的字符，该字符在当前源字符集中无效(代码页 65001)。
  (编译源文件“main.cpp”)
  
C:\Users\28185\Desktop\Leeds\Y3\Computer Graph\CW2\cw2(shared)\cw2\main\Custom_model.hpp(1,1): warning C4828: 文件包含在偏移 0x2c51 处开始的字符，该字符在当前源字符集中无效(代码页 65001)。
  (编译源文件“main.cpp”)
  
C:\Users\28185\Desktop\Leeds\Y3\Computer Graph\CW2\cw2(shared)\cw2\main\Custom_model.hpp(1,1): warning C4828: 文件包含在偏移 0x2c86 处开始的字符，该字符在当前源字符集中无效(代码页 65001)。
  (编译源文件“main.cpp”)
  
C:\Users\28185\Desktop\Leeds\Y3\Computer Graph\CW2\cw2(shared)\cw2\main\Custom_model.hpp(1,1): warning C4828: 文件包含在偏移 0x2c88 处开始的字符，该字符在当前源字符集中无效(代码页 65001)。
  (编译源文件“main.cpp”)
  
C:\Users\28185\Desktop\Leeds\Y3\Computer Graph\CW2\cw2(shared)\cw2\main\Custom_model.hpp(1,1): warning C4828: 文件包含在偏移 0x2db0 处开始的字符，该字符在当前源字符集中无效(代码页 65001)。
  (编译源文件“main.cpp”)
  
C:\Users\28185\Desktop\Leeds\Y3\Computer Graph\CW2\cw2(shared)\cw2\main\Custom_model.hpp(1,1): warning C4828: 文件包含在偏移 0x2db1 处开始的字符，该字符在当前源字符集中无效(代码页 65001)。
  (编译源文件“main.cpp”)
  
C:\Users\28185\Desktop\Leeds\Y3\Computer Graph\CW2\cw2(shared)\cw2\main\Custom_model.hpp(1,1): warning C4828: 文件包含在偏移 0x2db5 处开始的字符，该字符在当前源字符集中无效(代码页 65001)。
  (编译源文件“main.cpp”)
  
C:\Users\28185\Desktop\Leeds\Y3\Computer Graph\CW2\cw2(shared)\cw2\main\Custom_model.hpp(1,1): warning C4828: 文件包含在偏移 0x2db6 处开始的字符，该字符在当前源字符集中无效(代码页 65001)。
  (编译源文件“main.cpp”)
  
C:\Users\28185\Desktop\Leeds\Y3\Computer Graph\CW2\cw2(shared)\cw2\main\Custom_model.hpp(1,1): warning C4828: 文件包含在偏移 0x2db7 处开始的字符，该字符在当前源字符集中无效(代码页 65001)。
  (编译源文件“main.cpp”)
  
C:\Users\28185\Desktop\Leeds\Y3\Computer Graph\CW2\cw2(shared)\cw2\main\Custom_model.hpp(1,1): warning C4828: 文件包含在偏移 0x2dbb 处开始的字符，该字符在当前源字符集中无效(代码页 65001)。
  (编译源文件“main.cpp”)
  
C:\Users\28185\Desktop\Leeds\Y3\Computer Graph\CW2\cw2(shared)\cw2\main\Custom_model.hpp(1,1): warning C4828: 文件包含在偏移 0x2dbc 处开始的字符，该字符在当前源字符集中无效(代码页 65001)。
  (编译源文件“main.cpp”)
  
C:\Users\28185\Desktop\Leeds\Y3\Computer Graph\CW2\cw2(shared)\cw2\main\Custom_model.hpp(1,1): warning C4828: 文件包含在偏移 0x2dc0 处开始的字符，该字符在当前源字符集中无效(代码页 65001)。
  (编译源文件“main.cpp”)
  
C:\Users\28185\Desktop\Leeds\Y3\Computer Graph\CW2\cw2(shared)\cw2\main\Custom_model.hpp(1,1): warning C4828: 文件包含在偏移 0x2f3c 处开始的字符，该字符在当前源字符集中无效(代码页 65001)。
  (编译源文件“main.cpp”)
  
C:\Users\28185\Desktop\Leeds\Y3\Computer Graph\CW2\cw2(shared)\cw2\main\Custom_model.hpp(1,1): warning C4828: 文件包含在偏移 0x2f3d 处开始的字符，该字符在当前源字符集中无效(代码页 65001)。
  (编译源文件“main.cpp”)
  
C:\Users\28185\Desktop\Leeds\Y3\Computer Graph\CW2\cw2(shared)\cw2\main\Custom_model.hpp(1,1): warning C4828: 文件包含在偏移 0x2f3e 处开始的字符，该字符在当前源字符集中无效(代码页 65001)。
  (编译源文件“main.cpp”)
  
C:\Users\28185\Desktop\Leeds\Y3\Computer Graph\CW2\cw2(shared)\cw2\main\Custom_model.hpp(1,1): warning C4828: 文件包含在偏移 0x2f3f 处开始的字符，该字符在当前源字符集中无效(代码页 65001)。
  (编译源文件“main.cpp”)
  
C:\Users\28185\Desktop\Leeds\Y3\Computer Graph\CW2\cw2(shared)\cw2\main\Custom_model.hpp(1,1): warning C4828: 文件包含在偏移 0x2f41 处开始的字符，该字符在当前源字符集中无效(代码页 65001)。
  (编译源文件“main.cpp”)
  
C:\Users\28185\Desktop\Leeds\Y3\Computer Graph\CW2\cw2(shared)\cw2\main\Custom_model.hpp(1,1): warning C4828: 文件包含在偏移 0x2f44 处开始的字符，该字符在当前源字符集中无效(代码页 65001)。
  (编译源文件“main.cpp”)
  
C:\Users\28185\Desktop\Leeds\Y3\Computer Graph\CW2\cw2(shared)\cw2\main\Custom_model.hpp(1,1): warning C4828: 文件包含在偏移 0x2f45 处开始的字符，该字符在当前源字符集中无效(代码页 65001)。
  (编译源文件“main.cpp”)
  
C:\Users\28185\Desktop\Leeds\Y3\Computer Graph\CW2\cw2(shared)\cw2\main\Custom_model.hpp(1,1): warning C4828: 文件包含在偏移 0x2f46 处开始的字符，该字符在当前源字符集中无效(代码页 65001)。
  (编译源文件“main.cpp”)
  
C:\Users\28185\Desktop\Leeds\Y3\Computer Graph\CW2\cw2(shared)\cw2\main\Custom_model.hpp(1,1): warning C4828: 文件包含在偏移 0x2f48 处开始的字符，该字符在当前源字符集中无效(代码页 65001)。
  (编译源文件“main.cpp”)
  
C:\Users\28185\Desktop\Leeds\Y3\Computer Graph\CW2\cw2(shared)\cw2\main\Custom_model.hpp(1,1): warning C4828: 文件包含在偏移 0x2f49 处开始的字符，该字符在当前源字符集中无效(代码页 65001)。
  (编译源文件“main.cpp”)
  
C:\Users\28185\Desktop\Leeds\Y3\Computer Graph\CW2\cw2(shared)\cw2\main\Custom_model.hpp(1,1): warning C4828: 文件包含在偏移 0x2f4d 处开始的字符，该字符在当前源字符集中无效(代码页 65001)。
  (编译源文件“main.cpp”)
  
C:\Users\28185\Desktop\Leeds\Y3\Computer Graph\CW2\cw2(shared)\cw2\main\Custom_model.hpp(1,1): warning C4828: 文件包含在偏移 0x2f4e 处开始的字符，该字符在当前源字符集中无效(代码页 65001)。
  (编译源文件“main.cpp”)
  
C:\Users\28185\Desktop\Leeds\Y3\Computer Graph\CW2\cw2(shared)\cw2\main\Custom_model.hpp(1,1): warning C4828: 文件包含在偏移 0x2f4f 处开始的字符，该字符在当前源字符集中无效(代码页 65001)。
  (编译源文件“main.cpp”)
  
C:\Users\28185\Desktop\Leeds\Y3\Computer Graph\CW2\cw2(shared)\cw2\main\Custom_model.hpp(1,1): warning C4828: 文件包含在偏移 0x2f52 处开始的字符，该字符在当前源字符集中无效(代码页 65001)。
  (编译源文件“main.cpp”)
  
C:\Users\28185\Desktop\Leeds\Y3\Computer Graph\CW2\cw2(shared)\cw2\main\Custom_model.hpp(1,1): warning C4828: 文件包含在偏移 0x301d 处开始的字符，该字符在当前源字符集中无效(代码页 65001)。
  (编译源文件“main.cpp”)
  
C:\Users\28185\Desktop\Leeds\Y3\Computer Graph\CW2\cw2(shared)\cw2\main\Custom_model.hpp(1,1): warning C4828: 文件包含在偏移 0x301f 处开始的字符，该字符在当前源字符集中无效(代码页 65001)。
  (编译源文件“main.cpp”)
  
C:\Users\28185\Desktop\Leeds\Y3\Computer Graph\CW2\cw2(shared)\cw2\main\Custom_model.hpp(1,1): warning C4828: 文件包含在偏移 0x3022 处开始的字符，该字符在当前源字符集中无效(代码页 65001)。
  (编译源文件“main.cpp”)
  
C:\Users\28185\Desktop\Leeds\Y3\Computer Graph\CW2\cw2(shared)\cw2\main\Custom_model.hpp(1,1): warning C4828: 文件包含在偏移 0x3026 处开始的字符，该字符在当前源字符集中无效(代码页 65001)。
  (编译源文件“main.cpp”)
  
C:\Users\28185\Desktop\Leeds\Y3\Computer Graph\CW2\cw2(shared)\cw2\main\Custom_model.hpp(1,1): warning C4828: 文件包含在偏移 0x3029 处开始的字符，该字符在当前源字符集中无效(代码页 65001)。
  (编译源文件“main.cpp”)
  
C:\Users\28185\Desktop\Leeds\Y3\Computer Graph\CW2\cw2(shared)\cw2\main\Custom_model.hpp(1,1): warning C4828: 文件包含在偏移 0x302a 处开始的字符，该字符在当前源字符集中无效(代码页 65001)。
  (编译源文件“main.cpp”)
  
C:\Users\28185\Desktop\Leeds\Y3\Computer Graph\CW2\cw2(shared)\cw2\main\Custom_model.hpp(1,1): warning C4828: 文件包含在偏移 0x302e 处开始的字符，该字符在当前源字符集中无效(代码页 65001)。
  (编译源文件“main.cpp”)
  
C:\Users\28185\Desktop\Leeds\Y3\Computer Graph\CW2\cw2(shared)\cw2\main\Custom_model.hpp(1,1): warning C4828: 文件包含在偏移 0x302f 处开始的字符，该字符在当前源字符集中无效(代码页 65001)。
  (编译源文件“main.cpp”)
  
C:\Users\28185\Desktop\Leeds\Y3\Computer Graph\CW2\cw2(shared)\cw2\main\Custom_model.hpp(1,1): warning C4828: 文件包含在偏移 0x3030 处开始的字符，该字符在当前源字符集中无效(代码页 65001)。
  (编译源文件“main.cpp”)
  
C:\Users\28185\Desktop\Leeds\Y3\Computer Graph\CW2\cw2(shared)\cw2\main\Custom_model.hpp(1,1): warning C4828: 文件包含在偏移 0x3032 处开始的字符，该字符在当前源字符集中无效(代码页 65001)。
  (编译源文件“main.cpp”)
  
C:\Users\28185\Desktop\Leeds\Y3\Computer Graph\CW2\cw2(shared)\cw2\main\Custom_model.hpp(1,1): warning C4828: 文件包含在偏移 0x3033 处开始的字符，该字符在当前源字符集中无效(代码页 65001)。
  (编译源文件“main.cpp”)
  
C:\Users\28185\Desktop\Leeds\Y3\Computer Graph\CW2\cw2(shared)\cw2\main\Custom_model.hpp(1,1): warning C4828: 文件包含在偏移 0x3035 处开始的字符，该字符在当前源字符集中无效(代码页 65001)。
  (编译源文件“main.cpp”)
  
C:\Users\28185\Desktop\Leeds\Y3\Computer Graph\CW2\cw2(shared)\cw2\main\Custom_model.hpp(1,1): warning C4828: 文件包含在偏移 0x3036 处开始的字符，该字符在当前源字符集中无效(代码页 65001)。
  (编译源文件“main.cpp”)
  
C:\Users\28185\Desktop\Leeds\Y3\Computer Graph\CW2\cw2(shared)\cw2\main\Custom_model.hpp(1,1): warning C4828: 文件包含在偏移 0x30ab 处开始的字符，该字符在当前源字符集中无效(代码页 65001)。
  (编译源文件“main.cpp”)
  
C:\Users\28185\Desktop\Leeds\Y3\Computer Graph\CW2\cw2(shared)\cw2\main\Custom_model.hpp(1,1): warning C4828: 文件包含在偏移 0x30ad 处开始的字符，该字符在当前源字符集中无效(代码页 65001)。
  (编译源文件“main.cpp”)
  
C:\Users\28185\Desktop\Leeds\Y3\Computer Graph\CW2\cw2(shared)\cw2\main\Custom_model.hpp(1,1): warning C4828: 文件包含在偏移 0x30af 处开始的字符，该字符在当前源字符集中无效(代码页 65001)。
  (编译源文件“main.cpp”)
  
C:\Users\28185\Desktop\Leeds\Y3\Computer Graph\CW2\cw2(shared)\cw2\main\Custom_model.hpp(1,1): warning C4828: 文件包含在偏移 0x30b0 处开始的字符，该字符在当前源字符集中无效(代码页 65001)。
  (编译源文件“main.cpp”)
  
C:\Users\28185\Desktop\Leeds\Y3\Computer Graph\CW2\cw2(shared)\cw2\main\Custom_model.hpp(1,1): warning C4828: 文件包含在偏移 0x30b2 处开始的字符，该字符在当前源字符集中无效(代码页 65001)。
  (编译源文件“main.cpp”)
  
C:\Users\28185\Desktop\Leeds\Y3\Computer Graph\CW2\cw2(shared)\cw2\main\Custom_model.hpp(1,1): warning C4828: 文件包含在偏移 0x30b9 处开始的字符，该字符在当前源字符集中无效(代码页 65001)。
  (编译源文件“main.cpp”)
  
C:\Users\28185\Desktop\Leeds\Y3\Computer Graph\CW2\cw2(shared)\cw2\main\Custom_model.hpp(1,1): warning C4828: 文件包含在偏移 0x30ba 处开始的字符，该字符在当前源字符集中无效(代码页 65001)。
  (编译源文件“main.cpp”)
  
C:\Users\28185\Desktop\Leeds\Y3\Computer Graph\CW2\cw2(shared)\cw2\main\Custom_model.hpp(1,1): warning C4828: 文件包含在偏移 0x30be 处开始的字符，该字符在当前源字符集中无效(代码页 65001)。
  (编译源文件“main.cpp”)
  
C:\Users\28185\Desktop\Leeds\Y3\Computer Graph\CW2\cw2(shared)\cw2\main\Custom_model.hpp(1,1): warning C4828: 文件包含在偏移 0x30bf 处开始的字符，该字符在当前源字符集中无效(代码页 65001)。
  (编译源文件“main.cpp”)
  
C:\Users\28185\Desktop\Leeds\Y3\Computer Graph\CW2\cw2(shared)\cw2\main\Custom_model.hpp(1,1): warning C4828: 文件包含在偏移 0x30c0 处开始的字符，该字符在当前源字符集中无效(代码页 65001)。
  (编译源文件“main.cpp”)
  
C:\Users\28185\Desktop\Leeds\Y3\Computer Graph\CW2\cw2(shared)\cw2\main\Custom_model.hpp(1,1): warning C4828: 文件包含在偏移 0x30c2 处开始的字符，该字符在当前源字符集中无效(代码页 65001)。
  (编译源文件“main.cpp”)
  
C:\Users\28185\Desktop\Leeds\Y3\Computer Graph\CW2\cw2(shared)\cw2\main\Custom_model.hpp(1,1): warning C4828: 文件包含在偏移 0x30c3 处开始的字符，该字符在当前源字符集中无效(代码页 65001)。
  (编译源文件“main.cpp”)
  
C:\Users\28185\Desktop\Leeds\Y3\Computer Graph\CW2\cw2(shared)\cw2\main\Custom_model.hpp(1,1): warning C4828: 文件包含在偏移 0x30c5 处开始的字符，该字符在当前源字符集中无效(代码页 65001)。
  (编译源文件“main.cpp”)
  
C:\Users\28185\Desktop\Leeds\Y3\Computer Graph\CW2\cw2(shared)\cw2\main\Custom_model.hpp(1,1): warning C4828: 文件包含在偏移 0x30c6 处开始的字符，该字符在当前源字符集中无效(代码页 65001)。
  (编译源文件“main.cpp”)
  
C:\Users\28185\Desktop\Leeds\Y3\Computer Graph\CW2\cw2(shared)\cw2\main\Custom_model.hpp(1,1): warning C4828: 文件包含在偏移 0x3134 处开始的字符，该字符在当前源字符集中无效(代码页 65001)。
  (编译源文件“main.cpp”)
  
C:\Users\28185\Desktop\Leeds\Y3\Computer Graph\CW2\cw2(shared)\cw2\main\Custom_model.hpp(1,1): warning C4828: 文件包含在偏移 0x3137 处开始的字符，该字符在当前源字符集中无效(代码页 65001)。
  (编译源文件“main.cpp”)
  
C:\Users\28185\Desktop\Leeds\Y3\Computer Graph\CW2\cw2(shared)\cw2\main\Custom_model.hpp(1,1): warning C4828: 文件包含在偏移 0x3138 处开始的字符，该字符在当前源字符集中无效(代码页 65001)。
  (编译源文件“main.cpp”)
  
C:\Users\28185\Desktop\Leeds\Y3\Computer Graph\CW2\cw2(shared)\cw2\main\Custom_model.hpp(1,1): warning C4828: 文件包含在偏移 0x3139 处开始的字符，该字符在当前源字符集中无效(代码页 65001)。
  (编译源文件“main.cpp”)
  
C:\Users\28185\Desktop\Leeds\Y3\Computer Graph\CW2\cw2(shared)\cw2\main\Custom_model.hpp(1,1): warning C4828: 文件包含在偏移 0x313a 处开始的字符，该字符在当前源字符集中无效(代码页 65001)。
  (编译源文件“main.cpp”)
  
C:\Users\28185\Desktop\Leeds\Y3\Computer Graph\CW2\cw2(shared)\cw2\main\Custom_model.hpp(1,1): warning C4828: 文件包含在偏移 0x313b 处开始的字符，该字符在当前源字符集中无效(代码页 65001)。
  (编译源文件“main.cpp”)
  
C:\Users\28185\Desktop\Leeds\Y3\Computer Graph\CW2\cw2(shared)\cw2\main\Custom_model.hpp(1,1): warning C4828: 文件包含在偏移 0x313c 处开始的字符，该字符在当前源字符集中无效(代码页 65001)。
  (编译源文件“main.cpp”)
  
C:\Users\28185\Desktop\Leeds\Y3\Computer Graph\CW2\cw2(shared)\cw2\main\Custom_model.hpp(1,1): warning C4828: 文件包含在偏移 0x313e 处开始的字符，该字符在当前源字符集中无效(代码页 65001)。
  (编译源文件“main.cpp”)
  
C:\Users\28185\Desktop\Leeds\Y3\Computer Graph\CW2\cw2(shared)\cw2\main\Custom_model.hpp(1,1): warning C4828: 文件包含在偏移 0x313f 处开始的字符，该字符在当前源字符集中无效(代码页 65001)。
  (编译源文件“main.cpp”)
  
C:\Users\28185\Desktop\Leeds\Y3\Computer Graph\CW2\cw2(shared)\cw2\main\Custom_model.hpp(1,1): warning C4828: 文件包含在偏移 0x3143 处开始的字符，该字符在当前源字符集中无效(代码页 65001)。
  (编译源文件“main.cpp”)
  
C:\Users\28185\Desktop\Leeds\Y3\Computer Graph\CW2\cw2(shared)\cw2\main\Custom_model.hpp(1,1): warning C4828: 文件包含在偏移 0x3147 处开始的字符，该字符在当前源字符集中无效(代码页 65001)。
  (编译源文件“main.cpp”)
  
C:\Users\28185\Desktop\Leeds\Y3\Computer Graph\CW2\cw2(shared)\cw2\main\Custom_model.hpp(1,1): warning C4828: 文件包含在偏移 0x3356 处开始的字符，该字符在当前源字符集中无效(代码页 65001)。
  (编译源文件“main.cpp”)
  
C:\Users\28185\Desktop\Leeds\Y3\Computer Graph\CW2\cw2(shared)\cw2\main\Custom_model.hpp(1,1): warning C4828: 文件包含在偏移 0x3357 处开始的字符，该字符在当前源字符集中无效(代码页 65001)。
  (编译源文件“main.cpp”)
  
C:\Users\28185\Desktop\Leeds\Y3\Computer Graph\CW2\cw2(shared)\cw2\main\Custom_model.hpp(1,1): warning C4828: 文件包含在偏移 0x3358 处开始的字符，该字符在当前源字符集中无效(代码页 65001)。
  (编译源文件“main.cpp”)
  
C:\Users\28185\Desktop\Leeds\Y3\Computer Graph\CW2\cw2(shared)\cw2\main\Custom_model.hpp(1,1): warning C4828: 文件包含在偏移 0x3359 处开始的字符，该字符在当前源字符集中无效(代码页 65001)。
  (编译源文件“main.cpp”)
  
C:\Users\28185\Desktop\Leeds\Y3\Computer Graph\CW2\cw2(shared)\cw2\main\Custom_model.hpp(1,1): warning C4828: 文件包含在偏移 0x335b 处开始的字符，该字符在当前源字符集中无效(代码页 65001)。
  (编译源文件“main.cpp”)
  
C:\Users\28185\Desktop\Leeds\Y3\Computer Graph\CW2\cw2(shared)\cw2\main\Custom_model.hpp(1,1): warning C4828: 文件包含在偏移 0x335c 处开始的字符，该字符在当前源字符集中无效(代码页 65001)。
  (编译源文件“main.cpp”)
  
C:\Users\28185\Desktop\Leeds\Y3\Computer Graph\CW2\cw2(shared)\cw2\main\Custom_model.hpp(1,1): warning C4828: 文件包含在偏移 0x3360 处开始的字符，该字符在当前源字符集中无效(代码页 65001)。
  (编译源文件“main.cpp”)
  
C:\Users\28185\Desktop\Leeds\Y3\Computer Graph\CW2\cw2(shared)\cw2\main\Custom_model.hpp(1,1): warning C4828: 文件包含在偏移 0x3361 处开始的字符，该字符在当前源字符集中无效(代码页 65001)。
  (编译源文件“main.cpp”)
  
C:\Users\28185\Desktop\Leeds\Y3\Computer Graph\CW2\cw2(shared)\cw2\main\Custom_model.hpp(1,1): warning C4828: 文件包含在偏移 0x3362 处开始的字符，该字符在当前源字符集中无效(代码页 65001)。
  (编译源文件“main.cpp”)
  
C:\Users\28185\Desktop\Leeds\Y3\Computer Graph\CW2\cw2(shared)\cw2\main\Custom_model.hpp(1,1): warning C4828: 文件包含在偏移 0x3364 处开始的字符，该字符在当前源字符集中无效(代码页 65001)。
  (编译源文件“main.cpp”)
  
C:\Users\28185\Desktop\Leeds\Y3\Computer Graph\CW2\cw2(shared)\cw2\main\Custom_model.hpp(1,1): warning C4828: 文件包含在偏移 0x3365 处开始的字符，该字符在当前源字符集中无效(代码页 65001)。
  (编译源文件“main.cpp”)
  
C:\Users\28185\Desktop\Leeds\Y3\Computer Graph\CW2\cw2(shared)\cw2\main\Custom_model.hpp(1,1): warning C4828: 文件包含在偏移 0x3367 处开始的字符，该字符在当前源字符集中无效(代码页 65001)。
  (编译源文件“main.cpp”)
  
C:\Users\28185\Desktop\Leeds\Y3\Computer Graph\CW2\cw2(shared)\cw2\main\Custom_model.hpp(1,1): warning C4828: 文件包含在偏移 0x3369 处开始的字符，该字符在当前源字符集中无效(代码页 65001)。
  (编译源文件“main.cpp”)
  
C:\Users\28185\Desktop\Leeds\Y3\Computer Graph\CW2\cw2(shared)\cw2\main\Custom_model.hpp(1,1): warning C4828: 文件包含在偏移 0x336b 处开始的字符，该字符在当前源字符集中无效(代码页 65001)。
  (编译源文件“main.cpp”)
  
C:\Users\28185\Desktop\Leeds\Y3\Computer Graph\CW2\cw2(shared)\cw2\main\Custom_model.hpp(1,1): warning C4828: 文件包含在偏移 0x336f 处开始的字符，该字符在当前源字符集中无效(代码页 65001)。
  (编译源文件“main.cpp”)
  
C:\Users\28185\Desktop\Leeds\Y3\Computer Graph\CW2\cw2(shared)\cw2\main\Custom_model.hpp(1,1): warning C4828: 文件包含在偏移 0x3370 处开始的字符，该字符在当前源字符集中无效(代码页 65001)。
  (编译源文件“main.cpp”)
  
C:\Users\28185\Desktop\Leeds\Y3\Computer Graph\CW2\cw2(shared)\cw2\main\Custom_model.hpp(1,1): warning C4828: 文件包含在偏移 0x3371 处开始的字符，该字符在当前源字符集中无效(代码页 65001)。
  (编译源文件“main.cpp”)
  
C:\Users\28185\Desktop\Leeds\Y3\Computer Graph\CW2\cw2(shared)\cw2\main\Custom_model.hpp(1,1): warning C4828: 文件包含在偏移 0x33b1 处开始的字符，该字符在当前源字符集中无效(代码页 65001)。
  (编译源文件“main.cpp”)
  
C:\Users\28185\Desktop\Leeds\Y3\Computer Graph\CW2\cw2(shared)\cw2\main\Custom_model.hpp(1,1): warning C4828: 文件包含在偏移 0x33b3 处开始的字符，该字符在当前源字符集中无效(代码页 65001)。
  (编译源文件“main.cpp”)
  
C:\Users\28185\Desktop\Leeds\Y3\Computer Graph\CW2\cw2(shared)\cw2\main\Custom_model.hpp(1,1): warning C4828: 文件包含在偏移 0x33b5 处开始的字符，该字符在当前源字符集中无效(代码页 65001)。
  (编译源文件“main.cpp”)
  
C:\Users\28185\Desktop\Leeds\Y3\Computer Graph\CW2\cw2(shared)\cw2\main\Custom_model.hpp(1,1): warning C4828: 文件包含在偏移 0x33b6 处开始的字符，该字符在当前源字符集中无效(代码页 65001)。
  (编译源文件“main.cpp”)
  
C:\Users\28185\Desktop\Leeds\Y3\Computer Graph\CW2\cw2(shared)\cw2\main\Custom_model.hpp(1,1): warning C4828: 文件包含在偏移 0x33b7 处开始的字符，该字符在当前源字符集中无效(代码页 65001)。
  (编译源文件“main.cpp”)
  
C:\Users\28185\Desktop\Leeds\Y3\Computer Graph\CW2\cw2(shared)\cw2\main\Custom_model.hpp(1,1): warning C4828: 文件包含在偏移 0x33b8 处开始的字符，该字符在当前源字符集中无效(代码页 65001)。
  (编译源文件“main.cpp”)
  
C:\Users\28185\Desktop\Leeds\Y3\Computer Graph\CW2\cw2(shared)\cw2\main\Custom_model.hpp(1,1): warning C4828: 文件包含在偏移 0x33bc 处开始的字符，该字符在当前源字符集中无效(代码页 65001)。
  (编译源文件“main.cpp”)
  
C:\Users\28185\Desktop\Leeds\Y3\Computer Graph\CW2\cw2(shared)\cw2\main\Custom_model.hpp(1,1): warning C4828: 文件包含在偏移 0x33bd 处开始的字符，该字符在当前源字符集中无效(代码页 65001)。
  (编译源文件“main.cpp”)
  
C:\Users\28185\Desktop\Leeds\Y3\Computer Graph\CW2\cw2(shared)\cw2\main\Custom_model.hpp(1,1): warning C4828: 文件包含在偏移 0x33be 处开始的字符，该字符在当前源字符集中无效(代码页 65001)。
  (编译源文件“main.cpp”)
  
C:\Users\28185\Desktop\Leeds\Y3\Computer Graph\CW2\cw2(shared)\cw2\main\Custom_model.hpp(1,1): warning C4828: 文件包含在偏移 0x33bf 处开始的字符，该字符在当前源字符集中无效(代码页 65001)。
  (编译源文件“main.cpp”)
  
C:\Users\28185\Desktop\Leeds\Y3\Computer Graph\CW2\cw2(shared)\cw2\main\Custom_model.hpp(1,1): warning C4828: 文件包含在偏移 0x33c0 处开始的字符，该字符在当前源字符集中无效(代码页 65001)。
  (编译源文件“main.cpp”)
  
C:\Users\28185\Desktop\Leeds\Y3\Computer Graph\CW2\cw2(shared)\cw2\main\Custom_model.hpp(1,1): warning C4828: 文件包含在偏移 0x33c2 处开始的字符，该字符在当前源字符集中无效(代码页 65001)。
  (编译源文件“main.cpp”)
  
C:\Users\28185\Desktop\Leeds\Y3\Computer Graph\CW2\cw2(shared)\cw2\main\Custom_model.hpp(1,1): warning C4828: 文件包含在偏移 0x33c4 处开始的字符，该字符在当前源字符集中无效(代码页 65001)。
  (编译源文件“main.cpp”)
  
C:\Users\28185\Desktop\Leeds\Y3\Computer Graph\CW2\cw2(shared)\cw2\main\Custom_model.hpp(1,1): warning C4828: 文件包含在偏移 0x33c8 处开始的字符，该字符在当前源字符集中无效(代码页 65001)。
  (编译源文件“main.cpp”)
  
C:\Users\28185\Desktop\Leeds\Y3\Computer Graph\CW2\cw2(shared)\cw2\main\Custom_model.hpp(1,1): warning C4828: 文件包含在偏移 0x3418 处开始的字符，该字符在当前源字符集中无效(代码页 65001)。
  (编译源文件“main.cpp”)
  
C:\Users\28185\Desktop\Leeds\Y3\Computer Graph\CW2\cw2(shared)\cw2\main\Custom_model.hpp(1,1): warning C4828: 文件包含在偏移 0x341f 处开始的字符，该字符在当前源字符集中无效(代码页 65001)。
  (编译源文件“main.cpp”)
  
C:\Users\28185\Desktop\Leeds\Y3\Computer Graph\CW2\cw2(shared)\cw2\main\Custom_model.hpp(1,1): warning C4828: 文件包含在偏移 0x3420 处开始的字符，该字符在当前源字符集中无效(代码页 65001)。
  (编译源文件“main.cpp”)
  
C:\Users\28185\Desktop\Leeds\Y3\Computer Graph\CW2\cw2(shared)\cw2\main\Custom_model.hpp(1,1): warning C4828: 文件包含在偏移 0x3421 处开始的字符，该字符在当前源字符集中无效(代码页 65001)。
  (编译源文件“main.cpp”)
  
C:\Users\28185\Desktop\Leeds\Y3\Computer Graph\CW2\cw2(shared)\cw2\main\Custom_model.hpp(1,1): warning C4828: 文件包含在偏移 0x3425 处开始的字符，该字符在当前源字符集中无效(代码页 65001)。
  (编译源文件“main.cpp”)
  
C:\Users\28185\Desktop\Leeds\Y3\Computer Graph\CW2\cw2(shared)\cw2\main\Custom_model.hpp(1,1): warning C4828: 文件包含在偏移 0x3434 处开始的字符，该字符在当前源字符集中无效(代码页 65001)。
  (编译源文件“main.cpp”)
  
C:\Users\28185\Desktop\Leeds\Y3\Computer Graph\CW2\cw2(shared)\cw2\main\Custom_model.hpp(1,1): warning C4828: 文件包含在偏移 0x3437 处开始的字符，该字符在当前源字符集中无效(代码页 65001)。
  (编译源文件“main.cpp”)
  
C:\Users\28185\Desktop\Leeds\Y3\Computer Graph\CW2\cw2(shared)\cw2\main\Custom_model.hpp(1,1): warning C4828: 文件包含在偏移 0x3438 处开始的字符，该字符在当前源字符集中无效(代码页 65001)。
  (编译源文件“main.cpp”)
  
C:\Users\28185\Desktop\Leeds\Y3\Computer Graph\CW2\cw2(shared)\cw2\main\Custom_model.hpp(1,1): warning C4828: 文件包含在偏移 0x3439 处开始的字符，该字符在当前源字符集中无效(代码页 65001)。
  (编译源文件“main.cpp”)
  
C:\Users\28185\Desktop\Leeds\Y3\Computer Graph\CW2\cw2(shared)\cw2\main\Custom_model.hpp(1,1): warning C4828: 文件包含在偏移 0x343b 处开始的字符，该字符在当前源字符集中无效(代码页 65001)。
  (编译源文件“main.cpp”)
  
C:\Users\28185\Desktop\Leeds\Y3\Computer Graph\CW2\cw2(shared)\cw2\main\Custom_model.hpp(1,1): warning C4828: 文件包含在偏移 0x343c 处开始的字符，该字符在当前源字符集中无效(代码页 65001)。
  (编译源文件“main.cpp”)
  
C:\Users\28185\Desktop\Leeds\Y3\Computer Graph\CW2\cw2(shared)\cw2\main\Custom_model.hpp(1,1): warning C4828: 文件包含在偏移 0x3440 处开始的字符，该字符在当前源字符集中无效(代码页 65001)。
  (编译源文件“main.cpp”)
  
C:\Users\28185\Desktop\Leeds\Y3\Computer Graph\CW2\cw2(shared)\cw2\main\Custom_model.hpp(1,1): warning C4828: 文件包含在偏移 0x3441 处开始的字符，该字符在当前源字符集中无效(代码页 65001)。
  (编译源文件“main.cpp”)
  
C:\Users\28185\Desktop\Leeds\Y3\Computer Graph\CW2\cw2(shared)\cw2\main\Custom_model.hpp(1,1): warning C4828: 文件包含在偏移 0x3442 处开始的字符，该字符在当前源字符集中无效(代码页 65001)。
  (编译源文件“main.cpp”)
  
C:\Users\28185\Desktop\Leeds\Y3\Computer Graph\CW2\cw2(shared)\cw2\main\Custom_model.hpp(1,1): warning C4828: 文件包含在偏移 0x3444 处开始的字符，该字符在当前源字符集中无效(代码页 65001)。
  (编译源文件“main.cpp”)
  
C:\Users\28185\Desktop\Leeds\Y3\Computer Graph\CW2\cw2(shared)\cw2\main\Custom_model.hpp(1,1): warning C4828: 文件包含在偏移 0x3445 处开始的字符，该字符在当前源字符集中无效(代码页 65001)。
  (编译源文件“main.cpp”)
  
C:\Users\28185\Desktop\Leeds\Y3\Computer Graph\CW2\cw2(shared)\cw2\main\Custom_model.hpp(1,1): warning C4828: 文件包含在偏移 0x3446 处开始的字符，该字符在当前源字符集中无效(代码页 65001)。
  (编译源文件“main.cpp”)
  
C:\Users\28185\Desktop\Leeds\Y3\Computer Graph\CW2\cw2(shared)\cw2\main\Custom_model.hpp(1,1): warning C4828: 文件包含在偏移 0x3448 处开始的字符，该字符在当前源字符集中无效(代码页 65001)。
  (编译源文件“main.cpp”)
  
C:\Users\28185\Desktop\Leeds\Y3\Computer Graph\CW2\cw2(shared)\cw2\main\Custom_model.hpp(1,1): warning C4828: 文件包含在偏移 0x344a 处开始的字符，该字符在当前源字符集中无效(代码页 65001)。
  (编译源文件“main.cpp”)
  
C:\Users\28185\Desktop\Leeds\Y3\Computer Graph\CW2\cw2(shared)\cw2\main\Custom_model.hpp(1,1): warning C4828: 文件包含在偏移 0x344b 处开始的字符，该字符在当前源字符集中无效(代码页 65001)。
  (编译源文件“main.cpp”)
  
C:\Users\28185\Desktop\Leeds\Y3\Computer Graph\CW2\cw2(shared)\cw2\main\Custom_model.hpp(1,1): warning C4828: 文件包含在偏移 0x356a 处开始的字符，该字符在当前源字符集中无效(代码页 65001)。
  (编译源文件“main.cpp”)
  
C:\Users\28185\Desktop\Leeds\Y3\Computer Graph\CW2\cw2(shared)\cw2\main\Custom_model.hpp(1,1): warning C4828: 文件包含在偏移 0x356d 处开始的字符，该字符在当前源字符集中无效(代码页 65001)。
  (编译源文件“main.cpp”)
  
C:\Users\28185\Desktop\Leeds\Y3\Computer Graph\CW2\cw2(shared)\cw2\main\Custom_model.hpp(1,1): warning C4828: 文件包含在偏移 0x356e 处开始的字符，该字符在当前源字符集中无效(代码页 65001)。
  (编译源文件“main.cpp”)
  
C:\Users\28185\Desktop\Leeds\Y3\Computer Graph\CW2\cw2(shared)\cw2\main\Custom_model.hpp(1,1): warning C4828: 文件包含在偏移 0x3572 处开始的字符，该字符在当前源字符集中无效(代码页 65001)。
  (编译源文件“main.cpp”)
  
C:\Users\28185\Desktop\Leeds\Y3\Computer Graph\CW2\cw2(shared)\cw2\main\Custom_model.hpp(1,1): warning C4828: 文件包含在偏移 0x3573 处开始的字符，该字符在当前源字符集中无效(代码页 65001)。
  (编译源文件“main.cpp”)
  
C:\Users\28185\Desktop\Leeds\Y3\Computer Graph\CW2\cw2(shared)\cw2\main\Custom_model.hpp(1,1): warning C4828: 文件包含在偏移 0x3574 处开始的字符，该字符在当前源字符集中无效(代码页 65001)。
  (编译源文件“main.cpp”)
  
C:\Users\28185\Desktop\Leeds\Y3\Computer Graph\CW2\cw2(shared)\cw2\main\Custom_model.hpp(1,1): warning C4828: 文件包含在偏移 0x3575 处开始的字符，该字符在当前源字符集中无效(代码页 65001)。
  (编译源文件“main.cpp”)
  
C:\Users\28185\Desktop\Leeds\Y3\Computer Graph\CW2\cw2(shared)\cw2\main\Custom_model.hpp(1,1): warning C4828: 文件包含在偏移 0x3576 处开始的字符，该字符在当前源字符集中无效(代码页 65001)。
  (编译源文件“main.cpp”)
  
C:\Users\28185\Desktop\Leeds\Y3\Computer Graph\CW2\cw2(shared)\cw2\main\Custom_model.hpp(1,1): warning C4828: 文件包含在偏移 0x3577 处开始的字符，该字符在当前源字符集中无效(代码页 65001)。
  (编译源文件“main.cpp”)
  
C:\Users\28185\Desktop\Leeds\Y3\Computer Graph\CW2\cw2(shared)\cw2\main\Custom_model.hpp(1,1): warning C4828: 文件包含在偏移 0x3579 处开始的字符，该字符在当前源字符集中无效(代码页 65001)。
  (编译源文件“main.cpp”)
  
C:\Users\28185\Desktop\Leeds\Y3\Computer Graph\CW2\cw2(shared)\cw2\main\Custom_model.hpp(1,1): warning C4828: 文件包含在偏移 0x357c 处开始的字符，该字符在当前源字符集中无效(代码页 65001)。
  (编译源文件“main.cpp”)
  
C:\Users\28185\Desktop\Leeds\Y3\Computer Graph\CW2\cw2(shared)\cw2\main\Custom_model.hpp(1,1): warning C4828: 文件包含在偏移 0x357e 处开始的字符，该字符在当前源字符集中无效(代码页 65001)。
  (编译源文件“main.cpp”)
  
C:\Users\28185\Desktop\Leeds\Y3\Computer Graph\CW2\cw2(shared)\cw2\main\Custom_model.hpp(1,1): warning C4828: 文件包含在偏移 0x3580 处开始的字符，该字符在当前源字符集中无效(代码页 65001)。
  (编译源文件“main.cpp”)
  
C:\Users\28185\Desktop\Leeds\Y3\Computer Graph\CW2\cw2(shared)\cw2\main\Custom_model.hpp(1,1): warning C4828: 文件包含在偏移 0x3581 处开始的字符，该字符在当前源字符集中无效(代码页 65001)。
  (编译源文件“main.cpp”)
  
C:\Users\28185\Desktop\Leeds\Y3\Computer Graph\CW2\cw2(shared)\cw2\main\Custom_model.hpp(1,1): warning C4828: 文件包含在偏移 0x3582 处开始的字符，该字符在当前源字符集中无效(代码页 65001)。
  (编译源文件“main.cpp”)
  
C:\Users\28185\Desktop\Leeds\Y3\Computer Graph\CW2\cw2(shared)\cw2\main\Custom_model.hpp(1,1): warning C4828: 文件包含在偏移 0x3583 处开始的字符，该字符在当前源字符集中无效(代码页 65001)。
  (编译源文件“main.cpp”)
  
C:\Users\28185\Desktop\Leeds\Y3\Computer Graph\CW2\cw2(shared)\cw2\main\Custom_model.hpp(1,1): warning C4828: 文件包含在偏移 0x3587 处开始的字符，该字符在当前源字符集中无效(代码页 65001)。
  (编译源文件“main.cpp”)
  
C:\Users\28185\Desktop\Leeds\Y3\Computer Graph\CW2\cw2(shared)\cw2\main\Custom_model.hpp(1,1): warning C4828: 文件包含在偏移 0x3588 处开始的字符，该字符在当前源字符集中无效(代码页 65001)。
  (编译源文件“main.cpp”)
  
C:\Users\28185\Desktop\Leeds\Y3\Computer Graph\CW2\cw2(shared)\cw2\main\Custom_model.hpp(1,1): warning C4828: 文件包含在偏移 0x3589 处开始的字符，该字符在当前源字符集中无效(代码页 65001)。
  (编译源文件“main.cpp”)
  
C:\Users\28185\Desktop\Leeds\Y3\Computer Graph\CW2\cw2(shared)\cw2\main\Custom_model.hpp(1,1): warning C4828: 文件包含在偏移 0x358a 处开始的字符，该字符在当前源字符集中无效(代码页 65001)。
  (编译源文件“main.cpp”)
  
C:\Users\28185\Desktop\Leeds\Y3\Computer Graph\CW2\cw2(shared)\cw2\main\Custom_model.hpp(1,1): warning C4828: 文件包含在偏移 0x358c 处开始的字符，该字符在当前源字符集中无效(代码页 65001)。
  (编译源文件“main.cpp”)
  
C:\Users\28185\Desktop\Leeds\Y3\Computer Graph\CW2\cw2(shared)\cw2\main\Custom_model.hpp(1,1): warning C4828: 文件包含在偏移 0x358d 处开始的字符，该字符在当前源字符集中无效(代码页 65001)。
  (编译源文件“main.cpp”)
  
C:\Users\28185\Desktop\Leeds\Y3\Computer Graph\CW2\cw2(shared)\cw2\main\Custom_model.hpp(1,1): warning C4828: 文件包含在偏移 0x358e 处开始的字符，该字符在当前源字符集中无效(代码页 65001)。
  (编译源文件“main.cpp”)
  
C:\Users\28185\Desktop\Leeds\Y3\Computer Graph\CW2\cw2(shared)\cw2\main\Custom_model.hpp(1,1): warning C4828: 文件包含在偏移 0x358f 处开始的字符，该字符在当前源字符集中无效(代码页 65001)。
  (编译源文件“main.cpp”)
  
C:\Users\28185\Desktop\Leeds\Y3\Computer Graph\CW2\cw2(shared)\cw2\main\Custom_model.hpp(1,1): warning C4828: 文件包含在偏移 0x3590 处开始的字符，该字符在当前源字符集中无效(代码页 65001)。
  (编译源文件“main.cpp”)
  
C:\Users\28185\Desktop\Leeds\Y3\Computer Graph\CW2\cw2(shared)\cw2\main\Custom_model.hpp(1,1): warning C4828: 文件包含在偏移 0x3591 处开始的字符，该字符在当前源字符集中无效(代码页 65001)。
  (编译源文件“main.cpp”)
  
C:\Users\28185\Desktop\Leeds\Y3\Computer Graph\CW2\cw2(shared)\cw2\main\Custom_model.hpp(1,1): warning C4828: 文件包含在偏移 0x35c2 处开始的字符，该字符在当前源字符集中无效(代码页 65001)。
  (编译源文件“main.cpp”)
  
C:\Users\28185\Desktop\Leeds\Y3\Computer Graph\CW2\cw2(shared)\cw2\main\Custom_model.hpp(1,1): warning C4828: 文件包含在偏移 0x35c4 处开始的字符，该字符在当前源字符集中无效(代码页 65001)。
  (编译源文件“main.cpp”)
  
C:\Users\28185\Desktop\Leeds\Y3\Computer Graph\CW2\cw2(shared)\cw2\main\Custom_model.hpp(1,1): warning C4828: 文件包含在偏移 0x35f9 处开始的字符，该字符在当前源字符集中无效(代码页 65001)。
  (编译源文件“main.cpp”)
  
C:\Users\28185\Desktop\Leeds\Y3\Computer Graph\CW2\cw2(shared)\cw2\main\Custom_model.hpp(1,1): warning C4828: 文件包含在偏移 0x35fb 处开始的字符，该字符在当前源字符集中无效(代码页 65001)。
  (编译源文件“main.cpp”)
  
C:\Users\28185\Desktop\Leeds\Y3\Computer Graph\CW2\cw2(shared)\cw2\main\Custom_model.hpp(1,1): warning C4828: 文件包含在偏移 0x35fe 处开始的字符，该字符在当前源字符集中无效(代码页 65001)。
  (编译源文件“main.cpp”)
  
C:\Users\28185\Desktop\Leeds\Y3\Computer Graph\CW2\cw2(shared)\cw2\main\Custom_model.hpp(1,1): warning C4828: 文件包含在偏移 0x3668 处开始的字符，该字符在当前源字符集中无效(代码页 65001)。
  (编译源文件“main.cpp”)
  
C:\Users\28185\Desktop\Leeds\Y3\Computer Graph\CW2\cw2(shared)\cw2\main\Custom_model.hpp(1,1): warning C4828: 文件包含在偏移 0x3669 处开始的字符，该字符在当前源字符集中无效(代码页 65001)。
  (编译源文件“main.cpp”)
  
C:\Users\28185\Desktop\Leeds\Y3\Computer Graph\CW2\cw2(shared)\cw2\main\Custom_model.hpp(1,1): warning C4828: 文件包含在偏移 0x366c 处开始的字符，该字符在当前源字符集中无效(代码页 65001)。
  (编译源文件“main.cpp”)
  
C:\Users\28185\Desktop\Leeds\Y3\Computer Graph\CW2\cw2(shared)\cw2\main\Custom_model.hpp(1,1): warning C4828: 文件包含在偏移 0x366e 处开始的字符，该字符在当前源字符集中无效(代码页 65001)。
  (编译源文件“main.cpp”)
  
C:\Users\28185\Desktop\Leeds\Y3\Computer Graph\CW2\cw2(shared)\cw2\main\Custom_model.hpp(1,1): warning C4828: 文件包含在偏移 0x3670 处开始的字符，该字符在当前源字符集中无效(代码页 65001)。
  (编译源文件“main.cpp”)
  
C:\Users\28185\Desktop\Leeds\Y3\Computer Graph\CW2\cw2(shared)\cw2\main\Custom_model.hpp(1,1): warning C4828: 文件包含在偏移 0x3671 处开始的字符，该字符在当前源字符集中无效(代码页 65001)。
  (编译源文件“main.cpp”)
  
C:\Users\28185\Desktop\Leeds\Y3\Computer Graph\CW2\cw2(shared)\cw2\main\Custom_model.hpp(1,1): warning C4828: 文件包含在偏移 0x3673 处开始的字符，该字符在当前源字符集中无效(代码页 65001)。
  (编译源文件“main.cpp”)
  
C:\Users\28185\Desktop\Leeds\Y3\Computer Graph\CW2\cw2(shared)\cw2\main\Custom_model.hpp(1,1): warning C4828: 文件包含在偏移 0x3677 处开始的字符，该字符在当前源字符集中无效(代码页 65001)。
  (编译源文件“main.cpp”)
  
C:\Users\28185\Desktop\Leeds\Y3\Computer Graph\CW2\cw2(shared)\cw2\main\Custom_model.hpp(1,1): warning C4828: 文件包含在偏移 0x3679 处开始的字符，该字符在当前源字符集中无效(代码页 65001)。
  (编译源文件“main.cpp”)
  
C:\Users\28185\Desktop\Leeds\Y3\Computer Graph\CW2\cw2(shared)\cw2\main\Custom_model.hpp(1,1): warning C4828: 文件包含在偏移 0x367a 处开始的字符，该字符在当前源字符集中无效(代码页 65001)。
  (编译源文件“main.cpp”)
  
C:\Users\28185\Desktop\Leeds\Y3\Computer Graph\CW2\cw2(shared)\cw2\main\Custom_model.hpp(1,1): warning C4828: 文件包含在偏移 0x367e 处开始的字符，该字符在当前源字符集中无效(代码页 65001)。
  (编译源文件“main.cpp”)
  
C:\Users\28185\Desktop\Leeds\Y3\Computer Graph\CW2\cw2(shared)\cw2\main\Custom_model.hpp(1,1): warning C4828: 文件包含在偏移 0x367f 处开始的字符，该字符在当前源字符集中无效(代码页 65001)。
  (编译源文件“main.cpp”)
  
C:\Users\28185\Desktop\Leeds\Y3\Computer Graph\CW2\cw2(shared)\cw2\main\Custom_model.hpp(1,1): warning C4828: 文件包含在偏移 0x3680 处开始的字符，该字符在当前源字符集中无效(代码页 65001)。
  (编译源文件“main.cpp”)
  
C:\Users\28185\Desktop\Leeds\Y3\Computer Graph\CW2\cw2(shared)\cw2\main\Custom_model.hpp(1,1): warning C4828: 文件包含在偏移 0x3682 处开始的字符，该字符在当前源字符集中无效(代码页 65001)。
  (编译源文件“main.cpp”)
  
C:\Users\28185\Desktop\Leeds\Y3\Computer Graph\CW2\cw2(shared)\cw2\main\Custom_model.hpp(1,1): warning C4828: 文件包含在偏移 0x3685 处开始的字符，该字符在当前源字符集中无效(代码页 65001)。
  (编译源文件“main.cpp”)
  
C:\Users\28185\Desktop\Leeds\Y3\Computer Graph\CW2\cw2(shared)\cw2\main\Custom_model.hpp(1,1): warning C4828: 文件包含在偏移 0x3686 处开始的字符，该字符在当前源字符集中无效(代码页 65001)。
  (编译源文件“main.cpp”)
  
C:\Users\28185\Desktop\Leeds\Y3\Computer Graph\CW2\cw2(shared)\cw2\main\Custom_model.hpp(1,1): warning C4828: 文件包含在偏移 0x3687 处开始的字符，该字符在当前源字符集中无效(代码页 65001)。
  (编译源文件“main.cpp”)
  
C:\Users\28185\Desktop\Leeds\Y3\Computer Graph\CW2\cw2(shared)\cw2\main\Custom_model.hpp(1,1): warning C4828: 文件包含在偏移 0x36cb 处开始的字符，该字符在当前源字符集中无效(代码页 65001)。
  (编译源文件“main.cpp”)
  
C:\Users\28185\Desktop\Leeds\Y3\Computer Graph\CW2\cw2(shared)\cw2\main\Custom_model.hpp(1,1): warning C4828: 文件包含在偏移 0x36cc 处开始的字符，该字符在当前源字符集中无效(代码页 65001)。
  (编译源文件“main.cpp”)
  
C:\Users\28185\Desktop\Leeds\Y3\Computer Graph\CW2\cw2(shared)\cw2\main\Custom_model.hpp(1,1): warning C4828: 文件包含在偏移 0x36cd 处开始的字符，该字符在当前源字符集中无效(代码页 65001)。
  (编译源文件“main.cpp”)
  
C:\Users\28185\Desktop\Leeds\Y3\Computer Graph\CW2\cw2(shared)\cw2\main\Custom_model.hpp(1,1): warning C4828: 文件包含在偏移 0x36ce 处开始的字符，该字符在当前源字符集中无效(代码页 65001)。
  (编译源文件“main.cpp”)
  
C:\Users\28185\Desktop\Leeds\Y3\Computer Graph\CW2\cw2(shared)\cw2\main\Custom_model.hpp(1,1): warning C4828: 文件包含在偏移 0x36cf 处开始的字符，该字符在当前源字符集中无效(代码页 65001)。
  (编译源文件“main.cpp”)
  
C:\Users\28185\Desktop\Leeds\Y3\Computer Graph\CW2\cw2(shared)\cw2\main\Custom_model.hpp(1,1): warning C4828: 文件包含在偏移 0x36d1 处开始的字符，该字符在当前源字符集中无效(代码页 65001)。
  (编译源文件“main.cpp”)
  
C:\Users\28185\Desktop\Leeds\Y3\Computer Graph\CW2\cw2(shared)\cw2\main\Custom_model.hpp(1,1): warning C4828: 文件包含在偏移 0x36d2 处开始的字符，该字符在当前源字符集中无效(代码页 65001)。
  (编译源文件“main.cpp”)
  
C:\Users\28185\Desktop\Leeds\Y3\Computer Graph\CW2\cw2(shared)\cw2\main\Custom_model.hpp(1,1): warning C4828: 文件包含在偏移 0x36d3 处开始的字符，该字符在当前源字符集中无效(代码页 65001)。
  (编译源文件“main.cpp”)
  
C:\Users\28185\Desktop\Leeds\Y3\Computer Graph\CW2\cw2(shared)\cw2\main\Custom_model.hpp(1,1): warning C4828: 文件包含在偏移 0x36d4 处开始的字符，该字符在当前源字符集中无效(代码页 65001)。
  (编译源文件“main.cpp”)
  
C:\Users\28185\Desktop\Leeds\Y3\Computer Graph\CW2\cw2(shared)\cw2\main\Custom_model.hpp(1,1): warning C4828: 文件包含在偏移 0x36d7 处开始的字符，该字符在当前源字符集中无效(代码页 65001)。
  (编译源文件“main.cpp”)
  
C:\Users\28185\Desktop\Leeds\Y3\Computer Graph\CW2\cw2(shared)\cw2\main\Custom_model.hpp(1,1): warning C4828: 文件包含在偏移 0x3713 处开始的字符，该字符在当前源字符集中无效(代码页 65001)。
  (编译源文件“main.cpp”)
  
C:\Users\28185\Desktop\Leeds\Y3\Computer Graph\CW2\cw2(shared)\cw2\main\Custom_model.hpp(1,1): warning C4828: 文件包含在偏移 0x3717 处开始的字符，该字符在当前源字符集中无效(代码页 65001)。
  (编译源文件“main.cpp”)
  
C:\Users\28185\Desktop\Leeds\Y3\Computer Graph\CW2\cw2(shared)\cw2\main\Custom_model.hpp(1,1): warning C4828: 文件包含在偏移 0x3718 处开始的字符，该字符在当前源字符集中无效(代码页 65001)。
  (编译源文件“main.cpp”)
  
C:\Users\28185\Desktop\Leeds\Y3\Computer Graph\CW2\cw2(shared)\cw2\main\Custom_model.hpp(1,1): warning C4828: 文件包含在偏移 0x371a 处开始的字符，该字符在当前源字符集中无效(代码页 65001)。
  (编译源文件“main.cpp”)
  
C:\Users\28185\Desktop\Leeds\Y3\Computer Graph\CW2\cw2(shared)\cw2\main\Custom_model.hpp(1,1): warning C4828: 文件包含在偏移 0x371e 处开始的字符，该字符在当前源字符集中无效(代码页 65001)。
  (编译源文件“main.cpp”)
  
C:\Users\28185\Desktop\Leeds\Y3\Computer Graph\CW2\cw2(shared)\cw2\main\Custom_model.hpp(1,1): warning C4828: 文件包含在偏移 0x3725 处开始的字符，该字符在当前源字符集中无效(代码页 65001)。
  (编译源文件“main.cpp”)
  
C:\Users\28185\Desktop\Leeds\Y3\Computer Graph\CW2\cw2(shared)\cw2\main\Custom_model.hpp(1,1): warning C4828: 文件包含在偏移 0x3729 处开始的字符，该字符在当前源字符集中无效(代码页 65001)。
  (编译源文件“main.cpp”)
  
C:\Users\28185\Desktop\Leeds\Y3\Computer Graph\CW2\cw2(shared)\cw2\main\Custom_model.hpp(1,1): warning C4828: 文件包含在偏移 0x37d5 处开始的字符，该字符在当前源字符集中无效(代码页 65001)。
  (编译源文件“main.cpp”)
  
C:\Users\28185\Desktop\Leeds\Y3\Computer Graph\CW2\cw2(shared)\cw2\main\Custom_model.hpp(1,1): warning C4828: 文件包含在偏移 0x37d9 处开始的字符，该字符在当前源字符集中无效(代码页 65001)。
  (编译源文件“main.cpp”)
  
C:\Users\28185\Desktop\Leeds\Y3\Computer Graph\CW2\cw2(shared)\cw2\main\Custom_model.hpp(1,1): warning C4828: 文件包含在偏移 0x37da 处开始的字符，该字符在当前源字符集中无效(代码页 65001)。
  (编译源文件“main.cpp”)
  
C:\Users\28185\Desktop\Leeds\Y3\Computer Graph\CW2\cw2(shared)\cw2\main\Custom_model.hpp(1,1): warning C4828: 文件包含在偏移 0x37db 处开始的字符，该字符在当前源字符集中无效(代码页 65001)。
  (编译源文件“main.cpp”)
  
C:\Users\28185\Desktop\Leeds\Y3\Computer Graph\CW2\cw2(shared)\cw2\main\Custom_model.hpp(1,1): warning C4828: 文件包含在偏移 0x38b6 处开始的字符，该字符在当前源字符集中无效(代码页 65001)。
  (编译源文件“main.cpp”)
  
C:\Users\28185\Desktop\Leeds\Y3\Computer Graph\CW2\cw2(shared)\cw2\main\Custom_model.hpp(1,1): warning C4828: 文件包含在偏移 0x38b9 处开始的字符，该字符在当前源字符集中无效(代码页 65001)。
  (编译源文件“main.cpp”)
  
C:\Users\28185\Desktop\Leeds\Y3\Computer Graph\CW2\cw2(shared)\cw2\main\Custom_model.hpp(1,1): warning C4828: 文件包含在偏移 0x38bc 处开始的字符，该字符在当前源字符集中无效(代码页 65001)。
  (编译源文件“main.cpp”)
  
C:\Users\28185\Desktop\Leeds\Y3\Computer Graph\CW2\cw2(shared)\cw2\main\Custom_model.hpp(1,1): warning C4828: 文件包含在偏移 0x38be 处开始的字符，该字符在当前源字符集中无效(代码页 65001)。
  (编译源文件“main.cpp”)
  
C:\Users\28185\Desktop\Leeds\Y3\Computer Graph\CW2\cw2(shared)\cw2\main\Custom_model.hpp(1,1): warning C4828: 文件包含在偏移 0x38c0 处开始的字符，该字符在当前源字符集中无效(代码页 65001)。
  (编译源文件“main.cpp”)
  
C:\Users\28185\Desktop\Leeds\Y3\Computer Graph\CW2\cw2(shared)\cw2\main\Custom_model.hpp(1,1): warning C4828: 文件包含在偏移 0x38c2 处开始的字符，该字符在当前源字符集中无效(代码页 65001)。
  (编译源文件“main.cpp”)
  
C:\Users\28185\Desktop\Leeds\Y3\Computer Graph\CW2\cw2(shared)\cw2\main\Custom_model.hpp(1,1): warning C4828: 文件包含在偏移 0x38c3 处开始的字符，该字符在当前源字符集中无效(代码页 65001)。
  (编译源文件“main.cpp”)
  
C:\Users\28185\Desktop\Leeds\Y3\Computer Graph\CW2\cw2(shared)\cw2\main\Custom_model.hpp(1,1): warning C4828: 文件包含在偏移 0x38c7 处开始的字符，该字符在当前源字符集中无效(代码页 65001)。
  (编译源文件“main.cpp”)
  
C:\Users\28185\Desktop\Leeds\Y3\Computer Graph\CW2\cw2(shared)\cw2\main\Custom_model.hpp(1,1): warning C4828: 文件包含在偏移 0x38cb 处开始的字符，该字符在当前源字符集中无效(代码页 65001)。
  (编译源文件“main.cpp”)
  
C:\Users\28185\Desktop\Leeds\Y3\Computer Graph\CW2\cw2(shared)\cw2\main\Custom_model.hpp(1,1): warning C4828: 文件包含在偏移 0x3a0e 处开始的字符，该字符在当前源字符集中无效(代码页 65001)。
  (编译源文件“main.cpp”)
  
C:\Users\28185\Desktop\Leeds\Y3\Computer Graph\CW2\cw2(shared)\cw2\main\Custom_model.hpp(1,1): warning C4828: 文件包含在偏移 0x3a0f 处开始的字符，该字符在当前源字符集中无效(代码页 65001)。
  (编译源文件“main.cpp”)
  
C:\Users\28185\Desktop\Leeds\Y3\Computer Graph\CW2\cw2(shared)\cw2\main\Custom_model.hpp(1,1): warning C4828: 文件包含在偏移 0x3a11 处开始的字符，该字符在当前源字符集中无效(代码页 65001)。
  (编译源文件“main.cpp”)
  
C:\Users\28185\Desktop\Leeds\Y3\Computer Graph\CW2\cw2(shared)\cw2\main\Custom_model.hpp(1,1): warning C4828: 文件包含在偏移 0x3a12 处开始的字符，该字符在当前源字符集中无效(代码页 65001)。
  (编译源文件“main.cpp”)
  
C:\Users\28185\Desktop\Leeds\Y3\Computer Graph\CW2\cw2(shared)\cw2\main\Custom_model.hpp(1,1): warning C4828: 文件包含在偏移 0x3a16 处开始的字符，该字符在当前源字符集中无效(代码页 65001)。
  (编译源文件“main.cpp”)
  
C:\Users\28185\Desktop\Leeds\Y3\Computer Graph\CW2\cw2(shared)\cw2\main\Custom_model.hpp(1,1): warning C4828: 文件包含在偏移 0x3a17 处开始的字符，该字符在当前源字符集中无效(代码页 65001)。
  (编译源文件“main.cpp”)
  
C:\Users\28185\Desktop\Leeds\Y3\Computer Graph\CW2\cw2(shared)\cw2\main\Custom_model.hpp(1,1): warning C4828: 文件包含在偏移 0x3a18 处开始的字符，该字符在当前源字符集中无效(代码页 65001)。
  (编译源文件“main.cpp”)
  
C:\Users\28185\Desktop\Leeds\Y3\Computer Graph\CW2\cw2(shared)\cw2\main\Custom_model.hpp(1,1): warning C4828: 文件包含在偏移 0x3a19 处开始的字符，该字符在当前源字符集中无效(代码页 65001)。
  (编译源文件“main.cpp”)
  
C:\Users\28185\Desktop\Leeds\Y3\Computer Graph\CW2\cw2(shared)\cw2\main\Custom_model.hpp(1,1): warning C4828: 文件包含在偏移 0x3a1a 处开始的字符，该字符在当前源字符集中无效(代码页 65001)。
  (编译源文件“main.cpp”)
  
C:\Users\28185\Desktop\Leeds\Y3\Computer Graph\CW2\cw2(shared)\cw2\main\Custom_model.hpp(1,1): warning C4828: 文件包含在偏移 0x3a1b 处开始的字符，该字符在当前源字符集中无效(代码页 65001)。
  (编译源文件“main.cpp”)
  
C:\Users\28185\Desktop\Leeds\Y3\Computer Graph\CW2\cw2(shared)\cw2\main\Custom_model.hpp(1,1): warning C4828: 文件包含在偏移 0x3a1d 处开始的字符，该字符在当前源字符集中无效(代码页 65001)。
  (编译源文件“main.cpp”)
  
C:\Users\28185\Desktop\Leeds\Y3\Computer Graph\CW2\cw2(shared)\cw2\main\Custom_model.hpp(1,1): warning C4828: 文件包含在偏移 0x3a22 处开始的字符，该字符在当前源字符集中无效(代码页 65001)。
  (编译源文件“main.cpp”)
  
C:\Users\28185\Desktop\Leeds\Y3\Computer Graph\CW2\cw2(shared)\cw2\main\Custom_model.hpp(1,1): warning C4828: 文件包含在偏移 0x3a24 处开始的字符，该字符在当前源字符集中无效(代码页 65001)。
  (编译源文件“main.cpp”)
  
C:\Users\28185\Desktop\Leeds\Y3\Computer Graph\CW2\cw2(shared)\cw2\main\Custom_model.hpp(1,1): warning C4828: 文件包含在偏移 0x3a25 处开始的字符，该字符在当前源字符集中无效(代码页 65001)。
  (编译源文件“main.cpp”)
  
C:\Users\28185\Desktop\Leeds\Y3\Computer Graph\CW2\cw2(shared)\cw2\main\Custom_model.hpp(1,1): warning C4828: 文件包含在偏移 0x3a26 处开始的字符，该字符在当前源字符集中无效(代码页 65001)。
  (编译源文件“main.cpp”)
  
C:\Users\28185\Desktop\Leeds\Y3\Computer Graph\CW2\cw2(shared)\cw2\main\Custom_model.hpp(1,1): warning C4828: 文件包含在偏移 0x3a27 处开始的字符，该字符在当前源字符集中无效(代码页 65001)。
  (编译源文件“main.cpp”)
  
C:\Users\28185\Desktop\Leeds\Y3\Computer Graph\CW2\cw2(shared)\cw2\main\Custom_model.hpp(1,1): warning C4828: 文件包含在偏移 0x3a29 处开始的字符，该字符在当前源字符集中无效(代码页 65001)。
  (编译源文件“main.cpp”)
  
C:\Users\28185\Desktop\Leeds\Y3\Computer Graph\CW2\cw2(shared)\cw2\main\Custom_model.hpp(1,1): warning C4828: 文件包含在偏移 0x3a2b 处开始的字符，该字符在当前源字符集中无效(代码页 65001)。
  (编译源文件“main.cpp”)
  
C:\Users\28185\Desktop\Leeds\Y3\Computer Graph\CW2\cw2(shared)\cw2\main\Custom_model.hpp(1,1): warning C4828: 文件包含在偏移 0x3a2c 处开始的字符，该字符在当前源字符集中无效(代码页 65001)。
  (编译源文件“main.cpp”)
  
C:\Users\28185\Desktop\Leeds\Y3\Computer Graph\CW2\cw2(shared)\cw2\main\Custom_model.hpp(1,1): warning C4828: 文件包含在偏移 0x3a2e 处开始的字符，该字符在当前源字符集中无效(代码页 65001)。
  (编译源文件“main.cpp”)
  
C:\Users\28185\Desktop\Leeds\Y3\Computer Graph\CW2\cw2(shared)\cw2\main\Custom_model.hpp(1,1): warning C4828: 文件包含在偏移 0x3a2f 处开始的字符，该字符在当前源字符集中无效(代码页 65001)。
  (编译源文件“main.cpp”)
  
C:\Users\28185\Desktop\Leeds\Y3\Computer Graph\CW2\cw2(shared)\cw2\main\Custom_model.hpp(1,1): warning C4828: 文件包含在偏移 0x3a30 处开始的字符，该字符在当前源字符集中无效(代码页 65001)。
  (编译源文件“main.cpp”)
  
C:\Users\28185\Desktop\Leeds\Y3\Computer Graph\CW2\cw2(shared)\cw2\main\Custom_model.hpp(1,1): warning C4828: 文件包含在偏移 0x3a31 处开始的字符，该字符在当前源字符集中无效(代码页 65001)。
  (编译源文件“main.cpp”)
  
C:\Users\28185\Desktop\Leeds\Y3\Computer Graph\CW2\cw2(shared)\cw2\main\Custom_model.hpp(1,1): warning C4828: 文件包含在偏移 0x3a32 处开始的字符，该字符在当前源字符集中无效(代码页 65001)。
  (编译源文件“main.cpp”)
  
C:\Users\28185\Desktop\Leeds\Y3\Computer Graph\CW2\cw2(shared)\cw2\main\Custom_model.hpp(1,1): warning C4828: 文件包含在偏移 0x3a33 处开始的字符，该字符在当前源字符集中无效(代码页 65001)。
  (编译源文件“main.cpp”)
  
C:\Users\28185\Desktop\Leeds\Y3\Computer Graph\CW2\cw2(shared)\cw2\main\Custom_model.hpp(1,1): warning C4828: 文件包含在偏移 0x3a34 处开始的字符，该字符在当前源字符集中无效(代码页 65001)。
  (编译源文件“main.cpp”)
  
C:\Users\28185\Desktop\Leeds\Y3\Computer Graph\CW2\cw2(shared)\cw2\main\Custom_model.hpp(1,1): warning C4828: 文件包含在偏移 0x3a38 处开始的字符，该字符在当前源字符集中无效(代码页 65001)。
  (编译源文件“main.cpp”)
  
C:\Users\28185\Desktop\Leeds\Y3\Computer Graph\CW2\cw2(shared)\cw2\main\Custom_model.hpp(1,1): warning C4828: 文件包含在偏移 0x3a3a 处开始的字符，该字符在当前源字符集中无效(代码页 65001)。
  (编译源文件“main.cpp”)
  
C:\Users\28185\Desktop\Leeds\Y3\Computer Graph\CW2\cw2(shared)\cw2\main\Custom_model.hpp(1,1): warning C4828: 文件包含在偏移 0x3a3d 处开始的字符，该字符在当前源字符集中无效(代码页 65001)。
  (编译源文件“main.cpp”)
  
C:\Users\28185\Desktop\Leeds\Y3\Computer Graph\CW2\cw2(shared)\cw2\main\Custom_model.hpp(1,1): warning C4828: 文件包含在偏移 0x3a40 处开始的字符，该字符在当前源字符集中无效(代码页 65001)。
  (编译源文件“main.cpp”)
  
C:\Users\28185\Desktop\Leeds\Y3\Computer Graph\CW2\cw2(shared)\cw2\main\Custom_model.hpp(1,1): warning C4828: 文件包含在偏移 0x3a71 处开始的字符，该字符在当前源字符集中无效(代码页 65001)。
  (编译源文件“main.cpp”)
  
C:\Users\28185\Desktop\Leeds\Y3\Computer Graph\CW2\cw2(shared)\cw2\main\Custom_model.hpp(1,1): warning C4828: 文件包含在偏移 0x3a74 处开始的字符，该字符在当前源字符集中无效(代码页 65001)。
  (编译源文件“main.cpp”)
  
C:\Users\28185\Desktop\Leeds\Y3\Computer Graph\CW2\cw2(shared)\cw2\main\Custom_model.hpp(1,1): warning C4828: 文件包含在偏移 0x3aa5 处开始的字符，该字符在当前源字符集中无效(代码页 65001)。
  (编译源文件“main.cpp”)
  
C:\Users\28185\Desktop\Leeds\Y3\Computer Graph\CW2\cw2(shared)\cw2\main\Custom_model.hpp(1,1): warning C4828: 文件包含在偏移 0x3aa8 处开始的字符，该字符在当前源字符集中无效(代码页 65001)。
  (编译源文件“main.cpp”)
  
C:\Users\28185\Desktop\Leeds\Y3\Computer Graph\CW2\cw2(shared)\cw2\main\Custom_model.hpp(1,1): warning C4828: 文件包含在偏移 0x3aa9 处开始的字符，该字符在当前源字符集中无效(代码页 65001)。
  (编译源文件“main.cpp”)
  
C:\Users\28185\Desktop\Leeds\Y3\Computer Graph\CW2\cw2(shared)\cw2\main\Custom_model.hpp(1,1): warning C4828: 文件包含在偏移 0x3aad 处开始的字符，该字符在当前源字符集中无效(代码页 65001)。
  (编译源文件“main.cpp”)
  
C:\Users\28185\Desktop\Leeds\Y3\Computer Graph\CW2\cw2(shared)\cw2\main\Custom_model.hpp(1,1): warning C4828: 文件包含在偏移 0x3aae 处开始的字符，该字符在当前源字符集中无效(代码页 65001)。
  (编译源文件“main.cpp”)
  
C:\Users\28185\Desktop\Leeds\Y3\Computer Graph\CW2\cw2(shared)\cw2\main\Custom_model.hpp(1,1): warning C4828: 文件包含在偏移 0x3aaf 处开始的字符，该字符在当前源字符集中无效(代码页 65001)。
  (编译源文件“main.cpp”)
  
C:\Users\28185\Desktop\Leeds\Y3\Computer Graph\CW2\cw2(shared)\cw2\main\Custom_model.hpp(1,1): warning C4828: 文件包含在偏移 0x3ab3 处开始的字符，该字符在当前源字符集中无效(代码页 65001)。
  (编译源文件“main.cpp”)
  
C:\Users\28185\Desktop\Leeds\Y3\Computer Graph\CW2\cw2(shared)\cw2\main\Custom_model.hpp(1,1): warning C4828: 文件包含在偏移 0x3ab7 处开始的字符，该字符在当前源字符集中无效(代码页 65001)。
  (编译源文件“main.cpp”)
  
C:\Users\28185\Desktop\Leeds\Y3\Computer Graph\CW2\cw2(shared)\cw2\main\Custom_model.hpp(1,1): warning C4828: 文件包含在偏移 0x3ab9 处开始的字符，该字符在当前源字符集中无效(代码页 65001)。
  (编译源文件“main.cpp”)
  
C:\Users\28185\Desktop\Leeds\Y3\Computer Graph\CW2\cw2(shared)\cw2\main\Custom_model.hpp(1,1): warning C4828: 文件包含在偏移 0x3aba 处开始的字符，该字符在当前源字符集中无效(代码页 65001)。
  (编译源文件“main.cpp”)
  
C:\Users\28185\Desktop\Leeds\Y3\Computer Graph\CW2\cw2(shared)\cw2\main\Custom_model.hpp(1,1): warning C4828: 文件包含在偏移 0x3b13 处开始的字符，该字符在当前源字符集中无效(代码页 65001)。
  (编译源文件“main.cpp”)
  
C:\Users\28185\Desktop\Leeds\Y3\Computer Graph\CW2\cw2(shared)\cw2\main\Custom_model.hpp(1,1): warning C4828: 文件包含在偏移 0x3b14 处开始的字符，该字符在当前源字符集中无效(代码页 65001)。
  (编译源文件“main.cpp”)
  
C:\Users\28185\Desktop\Leeds\Y3\Computer Graph\CW2\cw2(shared)\cw2\main\Custom_model.hpp(1,1): warning C4828: 文件包含在偏移 0x3b19 处开始的字符，该字符在当前源字符集中无效(代码页 65001)。
  (编译源文件“main.cpp”)
  
C:\Users\28185\Desktop\Leeds\Y3\Computer Graph\CW2\cw2(shared)\cw2\main\Custom_model.hpp(1,1): warning C4828: 文件包含在偏移 0x3b1b 处开始的字符，该字符在当前源字符集中无效(代码页 65001)。
  (编译源文件“main.cpp”)
  
C:\Users\28185\Desktop\Leeds\Y3\Computer Graph\CW2\cw2(shared)\cw2\main\Custom_model.hpp(1,1): warning C4828: 文件包含在偏移 0x3b1c 处开始的字符，该字符在当前源字符集中无效(代码页 65001)。
  (编译源文件“main.cpp”)
  
C:\Users\28185\Desktop\Leeds\Y3\Computer Graph\CW2\cw2(shared)\cw2\main\Custom_model.hpp(1,1): warning C4828: 文件包含在偏移 0x3b1e 处开始的字符，该字符在当前源字符集中无效(代码页 65001)。
  (编译源文件“main.cpp”)
  
C:\Users\28185\Desktop\Leeds\Y3\Computer Graph\CW2\cw2(shared)\cw2\main\Custom_model.hpp(1,1): warning C4828: 文件包含在偏移 0x3b20 处开始的字符，该字符在当前源字符集中无效(代码页 65001)。
  (编译源文件“main.cpp”)
  
C:\Users\28185\Desktop\Leeds\Y3\Computer Graph\CW2\cw2(shared)\cw2\main\Custom_model.hpp(1,1): warning C4828: 文件包含在偏移 0x3b22 处开始的字符，该字符在当前源字符集中无效(代码页 65001)。
  (编译源文件“main.cpp”)
  
C:\Users\28185\Desktop\Leeds\Y3\Computer Graph\CW2\cw2(shared)\cw2\main\Custom_model.hpp(1,1): warning C4828: 文件包含在偏移 0x3b23 处开始的字符，该字符在当前源字符集中无效(代码页 65001)。
  (编译源文件“main.cpp”)
  
C:\Users\28185\Desktop\Leeds\Y3\Computer Graph\CW2\cw2(shared)\cw2\main\Custom_model.hpp(1,1): warning C4828: 文件包含在偏移 0x3b25 处开始的字符，该字符在当前源字符集中无效(代码页 65001)。
  (编译源文件“main.cpp”)
  
C:\Users\28185\Desktop\Leeds\Y3\Computer Graph\CW2\cw2(shared)\cw2\main\Custom_model.hpp(1,1): warning C4828: 文件包含在偏移 0x3b28 处开始的字符，该字符在当前源字符集中无效(代码页 65001)。
  (编译源文件“main.cpp”)
  
C:\Users\28185\Desktop\Leeds\Y3\Computer Graph\CW2\cw2(shared)\cw2\main\Custom_model.hpp(1,1): warning C4828: 文件包含在偏移 0x3b29 处开始的字符，该字符在当前源字符集中无效(代码页 65001)。
  (编译源文件“main.cpp”)
  
C:\Users\28185\Desktop\Leeds\Y3\Computer Graph\CW2\cw2(shared)\cw2\main\Custom_model.hpp(1,1): warning C4828: 文件包含在偏移 0x3b2a 处开始的字符，该字符在当前源字符集中无效(代码页 65001)。
  (编译源文件“main.cpp”)
  
C:\Users\28185\Desktop\Leeds\Y3\Computer Graph\CW2\cw2(shared)\cw2\main\Custom_model.hpp(1,1): warning C4828: 文件包含在偏移 0x3b6f 处开始的字符，该字符在当前源字符集中无效(代码页 65001)。
  (编译源文件“main.cpp”)
  
C:\Users\28185\Desktop\Leeds\Y3\Computer Graph\CW2\cw2(shared)\cw2\main\Custom_model.hpp(1,1): warning C4828: 文件包含在偏移 0x3b71 处开始的字符，该字符在当前源字符集中无效(代码页 65001)。
  (编译源文件“main.cpp”)
  
C:\Users\28185\Desktop\Leeds\Y3\Computer Graph\CW2\cw2(shared)\cw2\main\Custom_model.hpp(1,1): warning C4828: 文件包含在偏移 0x3b72 处开始的字符，该字符在当前源字符集中无效(代码页 65001)。
  (编译源文件“main.cpp”)
  
C:\Users\28185\Desktop\Leeds\Y3\Computer Graph\CW2\cw2(shared)\cw2\main\Custom_model.hpp(1,1): warning C4828: 文件包含在偏移 0x3b73 处开始的字符，该字符在当前源字符集中无效(代码页 65001)。
  (编译源文件“main.cpp”)
  
C:\Users\28185\Desktop\Leeds\Y3\Computer Graph\CW2\cw2(shared)\cw2\main\Custom_model.hpp(1,1): warning C4828: 文件包含在偏移 0x3b74 处开始的字符，该字符在当前源字符集中无效(代码页 65001)。
  (编译源文件“main.cpp”)
  
C:\Users\28185\Desktop\Leeds\Y3\Computer Graph\CW2\cw2(shared)\cw2\main\Custom_model.hpp(1,1): warning C4828: 文件包含在偏移 0x3b77 处开始的字符，该字符在当前源字符集中无效(代码页 65001)。
  (编译源文件“main.cpp”)
  
C:\Users\28185\Desktop\Leeds\Y3\Computer Graph\CW2\cw2(shared)\cw2\main\Custom_model.hpp(1,1): warning C4828: 文件包含在偏移 0x3bd1 处开始的字符，该字符在当前源字符集中无效(代码页 65001)。
  (编译源文件“main.cpp”)
  
C:\Users\28185\Desktop\Leeds\Y3\Computer Graph\CW2\cw2(shared)\cw2\main\Custom_model.hpp(1,1): warning C4828: 文件包含在偏移 0x3bd4 处开始的字符，该字符在当前源字符集中无效(代码页 65001)。
  (编译源文件“main.cpp”)
  
C:\Users\28185\Desktop\Leeds\Y3\Computer Graph\CW2\cw2(shared)\cw2\main\Custom_model.hpp(1,1): warning C4828: 文件包含在偏移 0x3bd9 处开始的字符，该字符在当前源字符集中无效(代码页 65001)。
  (编译源文件“main.cpp”)
  
C:\Users\28185\Desktop\Leeds\Y3\Computer Graph\CW2\cw2(shared)\cw2\main\Custom_model.hpp(1,1): warning C4828: 文件包含在偏移 0x3bdb 处开始的字符，该字符在当前源字符集中无效(代码页 65001)。
  (编译源文件“main.cpp”)
  
C:\Users\28185\Desktop\Leeds\Y3\Computer Graph\CW2\cw2(shared)\cw2\main\Custom_model.hpp(1,1): warning C4828: 文件包含在偏移 0x3bdd 处开始的字符，该字符在当前源字符集中无效(代码页 65001)。
  (编译源文件“main.cpp”)
  
C:\Users\28185\Desktop\Leeds\Y3\Computer Graph\CW2\cw2(shared)\cw2\main\Custom_model.hpp(1,1): warning C4828: 文件包含在偏移 0x3bde 处开始的字符，该字符在当前源字符集中无效(代码页 65001)。
  (编译源文件“main.cpp”)
  
C:\Users\28185\Desktop\Leeds\Y3\Computer Graph\CW2\cw2(shared)\cw2\main\Custom_model.hpp(1,1): warning C4828: 文件包含在偏移 0x3be2 处开始的字符，该字符在当前源字符集中无效(代码页 65001)。
  (编译源文件“main.cpp”)
  
C:\Users\28185\Desktop\Leeds\Y3\Computer Graph\CW2\cw2(shared)\cw2\main\Custom_model.hpp(1,1): warning C4828: 文件包含在偏移 0x3be6 处开始的字符，该字符在当前源字符集中无效(代码页 65001)。
  (编译源文件“main.cpp”)
  
E:\Windows Kits\10\Include\10.0.26100.0\shared\minwindef.h(130,9): warning C4005: “APIENTRY”: 宏重定义
  (编译源文件“main.cpp”)
      C:\Users\28185\Desktop\Leeds\Y3\Computer Graph\CW2\cw2(shared)\cw2\third_party\glad\include\glad\glad.h(47,9):
      参见“APIENTRY”的前一个定义
  
  main.vcxproj -> C:\Users\28185\Desktop\Leeds\Y3\Computer Graph\CW2\cw2(shared)\cw2\bin\main-debug-x64-msc-v143.exe
