  main.cpp
C:\Users\28185\Desktop\Leeds\Y3\Computer Graph\CW2\cw2(shared)\cw2\main\Custom_model.hpp(1,1): warning C4828: 文件包含在偏移 0x136 处开始的字符，该字符在当前源字符集中无效(代码页 65001)。
  (编译源文件“main.cpp”)
  
C:\Users\28185\Desktop\Leeds\Y3\Computer Graph\CW2\cw2(shared)\cw2\main\Custom_model.hpp(1,1): warning C4828: 文件包含在偏移 0x137 处开始的字符，该字符在当前源字符集中无效(代码页 65001)。
  (编译源文件“main.cpp”)
  
C:\Users\28185\Desktop\Leeds\Y3\Computer Graph\CW2\cw2(shared)\cw2\main\Custom_model.hpp(1,1): warning C4828: 文件包含在偏移 0x138 处开始的字符，该字符在当前源字符集中无效(代码页 65001)。
  (编译源文件“main.cpp”)
  
C:\Users\28185\Desktop\Leeds\Y3\Computer Graph\CW2\cw2(shared)\cw2\main\Custom_model.hpp(1,1): warning C4828: 文件包含在偏移 0x139 处开始的字符，该字符在当前源字符集中无效(代码页 65001)。
  (编译源文件“main.cpp”)
  
C:\Users\28185\Desktop\Leeds\Y3\Computer Graph\CW2\cw2(shared)\cw2\main\Custom_model.hpp(1,1): warning C4828: 文件包含在偏移 0x13a 处开始的字符，该字符在当前源字符集中无效(代码页 65001)。
  (编译源文件“main.cpp”)
  
C:\Users\28185\Desktop\Leeds\Y3\Computer Graph\CW2\cw2(shared)\cw2\main\Custom_model.hpp(1,1): warning C4828: 文件包含在偏移 0x13b 处开始的字符，该字符在当前源字符集中无效(代码页 65001)。
  (编译源文件“main.cpp”)
  
C:\Users\28185\Desktop\Leeds\Y3\Computer Graph\CW2\cw2(shared)\cw2\main\Custom_model.hpp(1,1): warning C4828: 文件包含在偏移 0x13f 处开始的字符，该字符在当前源字符集中无效(代码页 65001)。
  (编译源文件“main.cpp”)
  
C:\Users\28185\Desktop\Leeds\Y3\Computer Graph\CW2\cw2(shared)\cw2\main\Custom_model.hpp(1,1): warning C4828: 文件包含在偏移 0x140 处开始的字符，该字符在当前源字符集中无效(代码页 65001)。
  (编译源文件“main.cpp”)
  
C:\Users\28185\Desktop\Leeds\Y3\Computer Graph\CW2\cw2(shared)\cw2\main\Custom_model.hpp(1,1): warning C4828: 文件包含在偏移 0x142 处开始的字符，该字符在当前源字符集中无效(代码页 65001)。
  (编译源文件“main.cpp”)
  
C:\Users\28185\Desktop\Leeds\Y3\Computer Graph\CW2\cw2(shared)\cw2\main\Custom_model.hpp(1,1): warning C4828: 文件包含在偏移 0x145 处开始的字符，该字符在当前源字符集中无效(代码页 65001)。
  (编译源文件“main.cpp”)
  
C:\Users\28185\Desktop\Leeds\Y3\Computer Graph\CW2\cw2(shared)\cw2\main\Custom_model.hpp(1,1): warning C4828: 文件包含在偏移 0x148 处开始的字符，该字符在当前源字符集中无效(代码页 65001)。
  (编译源文件“main.cpp”)
  
C:\Users\28185\Desktop\Leeds\Y3\Computer Graph\CW2\cw2(shared)\cw2\main\Custom_model.hpp(1,1): warning C4828: 文件包含在偏移 0x149 处开始的字符，该字符在当前源字符集中无效(代码页 65001)。
  (编译源文件“main.cpp”)
  
C:\Users\28185\Desktop\Leeds\Y3\Computer Graph\CW2\cw2(shared)\cw2\main\Custom_model.hpp(1,1): warning C4828: 文件包含在偏移 0x14a 处开始的字符，该字符在当前源字符集中无效(代码页 65001)。
  (编译源文件“main.cpp”)
  
C:\Users\28185\Desktop\Leeds\Y3\Computer Graph\CW2\cw2(shared)\cw2\main\Custom_model.hpp(1,1): warning C4828: 文件包含在偏移 0x14b 处开始的字符，该字符在当前源字符集中无效(代码页 65001)。
  (编译源文件“main.cpp”)
  
C:\Users\28185\Desktop\Leeds\Y3\Computer Graph\CW2\cw2(shared)\cw2\main\Custom_model.hpp(1,1): warning C4828: 文件包含在偏移 0x14c 处开始的字符，该字符在当前源字符集中无效(代码页 65001)。
  (编译源文件“main.cpp”)
  
C:\Users\28185\Desktop\Leeds\Y3\Computer Graph\CW2\cw2(shared)\cw2\main\Custom_model.hpp(1,1): warning C4828: 文件包含在偏移 0x22b 处开始的字符，该字符在当前源字符集中无效(代码页 65001)。
  (编译源文件“main.cpp”)
  
C:\Users\28185\Desktop\Leeds\Y3\Computer Graph\CW2\cw2(shared)\cw2\main\Custom_model.hpp(1,1): warning C4828: 文件包含在偏移 0x22c 处开始的字符，该字符在当前源字符集中无效(代码页 65001)。
  (编译源文件“main.cpp”)
  
C:\Users\28185\Desktop\Leeds\Y3\Computer Graph\CW2\cw2(shared)\cw2\main\Custom_model.hpp(1,1): warning C4828: 文件包含在偏移 0x230 处开始的字符，该字符在当前源字符集中无效(代码页 65001)。
  (编译源文件“main.cpp”)
  
C:\Users\28185\Desktop\Leeds\Y3\Computer Graph\CW2\cw2(shared)\cw2\main\Custom_model.hpp(1,1): warning C4828: 文件包含在偏移 0x5a1 处开始的字符，该字符在当前源字符集中无效(代码页 65001)。
  (编译源文件“main.cpp”)
  
C:\Users\28185\Desktop\Leeds\Y3\Computer Graph\CW2\cw2(shared)\cw2\main\Custom_model.hpp(1,1): warning C4828: 文件包含在偏移 0x5a2 处开始的字符，该字符在当前源字符集中无效(代码页 65001)。
  (编译源文件“main.cpp”)
  
C:\Users\28185\Desktop\Leeds\Y3\Computer Graph\CW2\cw2(shared)\cw2\main\Custom_model.hpp(1,1): warning C4828: 文件包含在偏移 0x5a3 处开始的字符，该字符在当前源字符集中无效(代码页 65001)。
  (编译源文件“main.cpp”)
  
C:\Users\28185\Desktop\Leeds\Y3\Computer Graph\CW2\cw2(shared)\cw2\main\Custom_model.hpp(1,1): warning C4828: 文件包含在偏移 0x90d 处开始的字符，该字符在当前源字符集中无效(代码页 65001)。
  (编译源文件“main.cpp”)
  
C:\Users\28185\Desktop\Leeds\Y3\Computer Graph\CW2\cw2(shared)\cw2\main\Custom_model.hpp(1,1): warning C4828: 文件包含在偏移 0x94f 处开始的字符，该字符在当前源字符集中无效(代码页 65001)。
  (编译源文件“main.cpp”)
  
C:\Users\28185\Desktop\Leeds\Y3\Computer Graph\CW2\cw2(shared)\cw2\main\Custom_model.hpp(1,1): warning C4828: 文件包含在偏移 0x951 处开始的字符，该字符在当前源字符集中无效(代码页 65001)。
  (编译源文件“main.cpp”)
  
C:\Users\28185\Desktop\Leeds\Y3\Computer Graph\CW2\cw2(shared)\cw2\main\Custom_model.hpp(1,1): warning C4828: 文件包含在偏移 0x952 处开始的字符，该字符在当前源字符集中无效(代码页 65001)。
  (编译源文件“main.cpp”)
  
C:\Users\28185\Desktop\Leeds\Y3\Computer Graph\CW2\cw2(shared)\cw2\main\Custom_model.hpp(1,1): warning C4828: 文件包含在偏移 0x953 处开始的字符，该字符在当前源字符集中无效(代码页 65001)。
  (编译源文件“main.cpp”)
  
C:\Users\28185\Desktop\Leeds\Y3\Computer Graph\CW2\cw2(shared)\cw2\main\Custom_model.hpp(1,1): warning C4828: 文件包含在偏移 0x957 处开始的字符，该字符在当前源字符集中无效(代码页 65001)。
  (编译源文件“main.cpp”)
  
C:\Users\28185\Desktop\Leeds\Y3\Computer Graph\CW2\cw2(shared)\cw2\main\Custom_model.hpp(1,1): warning C4828: 文件包含在偏移 0x959 处开始的字符，该字符在当前源字符集中无效(代码页 65001)。
  (编译源文件“main.cpp”)
  
C:\Users\28185\Desktop\Leeds\Y3\Computer Graph\CW2\cw2(shared)\cw2\main\Custom_model.hpp(1,1): warning C4828: 文件包含在偏移 0xc2c 处开始的字符，该字符在当前源字符集中无效(代码页 65001)。
  (编译源文件“main.cpp”)
  
C:\Users\28185\Desktop\Leeds\Y3\Computer Graph\CW2\cw2(shared)\cw2\main\Custom_model.hpp(1,1): warning C4828: 文件包含在偏移 0xc2d 处开始的字符，该字符在当前源字符集中无效(代码页 65001)。
  (编译源文件“main.cpp”)
  
C:\Users\28185\Desktop\Leeds\Y3\Computer Graph\CW2\cw2(shared)\cw2\main\Custom_model.hpp(1,1): warning C4828: 文件包含在偏移 0xc2e 处开始的字符，该字符在当前源字符集中无效(代码页 65001)。
  (编译源文件“main.cpp”)
  
C:\Users\28185\Desktop\Leeds\Y3\Computer Graph\CW2\cw2(shared)\cw2\main\Custom_model.hpp(1,1): warning C4828: 文件包含在偏移 0xc30 处开始的字符，该字符在当前源字符集中无效(代码页 65001)。
  (编译源文件“main.cpp”)
  
C:\Users\28185\Desktop\Leeds\Y3\Computer Graph\CW2\cw2(shared)\cw2\main\Custom_model.hpp(1,1): warning C4828: 文件包含在偏移 0x14e0 处开始的字符，该字符在当前源字符集中无效(代码页 65001)。
  (编译源文件“main.cpp”)
  
C:\Users\28185\Desktop\Leeds\Y3\Computer Graph\CW2\cw2(shared)\cw2\main\Custom_model.hpp(1,1): warning C4828: 文件包含在偏移 0x14e1 处开始的字符，该字符在当前源字符集中无效(代码页 65001)。
  (编译源文件“main.cpp”)
  
C:\Users\28185\Desktop\Leeds\Y3\Computer Graph\CW2\cw2(shared)\cw2\main\Custom_model.hpp(1,1): warning C4828: 文件包含在偏移 0x14e2 处开始的字符，该字符在当前源字符集中无效(代码页 65001)。
  (编译源文件“main.cpp”)
  
C:\Users\28185\Desktop\Leeds\Y3\Computer Graph\CW2\cw2(shared)\cw2\main\Custom_model.hpp(1,1): warning C4828: 文件包含在偏移 0x14e3 处开始的字符，该字符在当前源字符集中无效(代码页 65001)。
  (编译源文件“main.cpp”)
  
C:\Users\28185\Desktop\Leeds\Y3\Computer Graph\CW2\cw2(shared)\cw2\main\Custom_model.hpp(1,1): warning C4828: 文件包含在偏移 0x14e8 处开始的字符，该字符在当前源字符集中无效(代码页 65001)。
  (编译源文件“main.cpp”)
  
C:\Users\28185\Desktop\Leeds\Y3\Computer Graph\CW2\cw2(shared)\cw2\main\Custom_model.hpp(1,1): warning C4828: 文件包含在偏移 0x159a 处开始的字符，该字符在当前源字符集中无效(代码页 65001)。
  (编译源文件“main.cpp”)
  
C:\Users\28185\Desktop\Leeds\Y3\Computer Graph\CW2\cw2(shared)\cw2\main\Custom_model.hpp(1,1): warning C4828: 文件包含在偏移 0x159b 处开始的字符，该字符在当前源字符集中无效(代码页 65001)。
  (编译源文件“main.cpp”)
  
C:\Users\28185\Desktop\Leeds\Y3\Computer Graph\CW2\cw2(shared)\cw2\main\Custom_model.hpp(1,1): warning C4828: 文件包含在偏移 0x15a1 处开始的字符，该字符在当前源字符集中无效(代码页 65001)。
  (编译源文件“main.cpp”)
  
C:\Users\28185\Desktop\Leeds\Y3\Computer Graph\CW2\cw2(shared)\cw2\main\Custom_model.hpp(1,1): warning C4828: 文件包含在偏移 0x15a2 处开始的字符，该字符在当前源字符集中无效(代码页 65001)。
  (编译源文件“main.cpp”)
  
C:\Users\28185\Desktop\Leeds\Y3\Computer Graph\CW2\cw2(shared)\cw2\main\Custom_model.hpp(1,1): warning C4828: 文件包含在偏移 0x15a4 处开始的字符，该字符在当前源字符集中无效(代码页 65001)。
  (编译源文件“main.cpp”)
  
C:\Users\28185\Desktop\Leeds\Y3\Computer Graph\CW2\cw2(shared)\cw2\main\Custom_model.hpp(1,1): warning C4828: 文件包含在偏移 0x1612 处开始的字符，该字符在当前源字符集中无效(代码页 65001)。
  (编译源文件“main.cpp”)
  
C:\Users\28185\Desktop\Leeds\Y3\Computer Graph\CW2\cw2(shared)\cw2\main\Custom_model.hpp(1,1): warning C4828: 文件包含在偏移 0x1613 处开始的字符，该字符在当前源字符集中无效(代码页 65001)。
  (编译源文件“main.cpp”)
  
C:\Users\28185\Desktop\Leeds\Y3\Computer Graph\CW2\cw2(shared)\cw2\main\Custom_model.hpp(1,1): warning C4828: 文件包含在偏移 0x1614 处开始的字符，该字符在当前源字符集中无效(代码页 65001)。
  (编译源文件“main.cpp”)
  
C:\Users\28185\Desktop\Leeds\Y3\Computer Graph\CW2\cw2(shared)\cw2\main\Custom_model.hpp(1,1): warning C4828: 文件包含在偏移 0x1615 处开始的字符，该字符在当前源字符集中无效(代码页 65001)。
  (编译源文件“main.cpp”)
  
C:\Users\28185\Desktop\Leeds\Y3\Computer Graph\CW2\cw2(shared)\cw2\main\Custom_model.hpp(1,1): warning C4828: 文件包含在偏移 0x1618 处开始的字符，该字符在当前源字符集中无效(代码页 65001)。
  (编译源文件“main.cpp”)
  
C:\Users\28185\Desktop\Leeds\Y3\Computer Graph\CW2\cw2(shared)\cw2\main\Custom_model.hpp(1,1): warning C4828: 文件包含在偏移 0x161b 处开始的字符，该字符在当前源字符集中无效(代码页 65001)。
  (编译源文件“main.cpp”)
  
C:\Users\28185\Desktop\Leeds\Y3\Computer Graph\CW2\cw2(shared)\cw2\main\Custom_model.hpp(1,1): warning C4828: 文件包含在偏移 0x161c 处开始的字符，该字符在当前源字符集中无效(代码页 65001)。
  (编译源文件“main.cpp”)
  
C:\Users\28185\Desktop\Leeds\Y3\Computer Graph\CW2\cw2(shared)\cw2\main\Custom_model.hpp(1,1): warning C4828: 文件包含在偏移 0x161e 处开始的字符，该字符在当前源字符集中无效(代码页 65001)。
  (编译源文件“main.cpp”)
  
C:\Users\28185\Desktop\Leeds\Y3\Computer Graph\CW2\cw2(shared)\cw2\main\Custom_model.hpp(1,1): warning C4828: 文件包含在偏移 0x1732 处开始的字符，该字符在当前源字符集中无效(代码页 65001)。
  (编译源文件“main.cpp”)
  
C:\Users\28185\Desktop\Leeds\Y3\Computer Graph\CW2\cw2(shared)\cw2\main\Custom_model.hpp(1,1): warning C4828: 文件包含在偏移 0x1735 处开始的字符，该字符在当前源字符集中无效(代码页 65001)。
  (编译源文件“main.cpp”)
  
C:\Users\28185\Desktop\Leeds\Y3\Computer Graph\CW2\cw2(shared)\cw2\main\Custom_model.hpp(1,1): warning C4828: 文件包含在偏移 0x1738 处开始的字符，该字符在当前源字符集中无效(代码页 65001)。
  (编译源文件“main.cpp”)
  
C:\Users\28185\Desktop\Leeds\Y3\Computer Graph\CW2\cw2(shared)\cw2\main\Custom_model.hpp(1,1): warning C4828: 文件包含在偏移 0x173a 处开始的字符，该字符在当前源字符集中无效(代码页 65001)。
  (编译源文件“main.cpp”)
  
C:\Users\28185\Desktop\Leeds\Y3\Computer Graph\CW2\cw2(shared)\cw2\main\Custom_model.hpp(1,1): warning C4828: 文件包含在偏移 0x173c 处开始的字符，该字符在当前源字符集中无效(代码页 65001)。
  (编译源文件“main.cpp”)
  
C:\Users\28185\Desktop\Leeds\Y3\Computer Graph\CW2\cw2(shared)\cw2\main\Custom_model.hpp(1,1): warning C4828: 文件包含在偏移 0x173f 处开始的字符，该字符在当前源字符集中无效(代码页 65001)。
  (编译源文件“main.cpp”)
  
C:\Users\28185\Desktop\Leeds\Y3\Computer Graph\CW2\cw2(shared)\cw2\main\Custom_model.hpp(1,1): warning C4828: 文件包含在偏移 0x1801 处开始的字符，该字符在当前源字符集中无效(代码页 65001)。
  (编译源文件“main.cpp”)
  
C:\Users\28185\Desktop\Leeds\Y3\Computer Graph\CW2\cw2(shared)\cw2\main\Custom_model.hpp(1,1): warning C4828: 文件包含在偏移 0x1802 处开始的字符，该字符在当前源字符集中无效(代码页 65001)。
  (编译源文件“main.cpp”)
  
C:\Users\28185\Desktop\Leeds\Y3\Computer Graph\CW2\cw2(shared)\cw2\main\Custom_model.hpp(1,1): warning C4828: 文件包含在偏移 0x1804 处开始的字符，该字符在当前源字符集中无效(代码页 65001)。
  (编译源文件“main.cpp”)
  
C:\Users\28185\Desktop\Leeds\Y3\Computer Graph\CW2\cw2(shared)\cw2\main\Custom_model.hpp(1,1): warning C4828: 文件包含在偏移 0x1807 处开始的字符，该字符在当前源字符集中无效(代码页 65001)。
  (编译源文件“main.cpp”)
  
C:\Users\28185\Desktop\Leeds\Y3\Computer Graph\CW2\cw2(shared)\cw2\main\Custom_model.hpp(1,1): warning C4828: 文件包含在偏移 0x1809 处开始的字符，该字符在当前源字符集中无效(代码页 65001)。
  (编译源文件“main.cpp”)
  
C:\Users\28185\Desktop\Leeds\Y3\Computer Graph\CW2\cw2(shared)\cw2\main\Custom_model.hpp(1,1): warning C4828: 文件包含在偏移 0x180a 处开始的字符，该字符在当前源字符集中无效(代码页 65001)。
  (编译源文件“main.cpp”)
  
C:\Users\28185\Desktop\Leeds\Y3\Computer Graph\CW2\cw2(shared)\cw2\main\Custom_model.hpp(1,1): warning C4828: 文件包含在偏移 0x180b 处开始的字符，该字符在当前源字符集中无效(代码页 65001)。
  (编译源文件“main.cpp”)
  
C:\Users\28185\Desktop\Leeds\Y3\Computer Graph\CW2\cw2(shared)\cw2\main\Custom_model.hpp(1,1): warning C4828: 文件包含在偏移 0x1836 处开始的字符，该字符在当前源字符集中无效(代码页 65001)。
  (编译源文件“main.cpp”)
  
C:\Users\28185\Desktop\Leeds\Y3\Computer Graph\CW2\cw2(shared)\cw2\main\Custom_model.hpp(1,1): warning C4828: 文件包含在偏移 0x18a9 处开始的字符，该字符在当前源字符集中无效(代码页 65001)。
  (编译源文件“main.cpp”)
  
C:\Users\28185\Desktop\Leeds\Y3\Computer Graph\CW2\cw2(shared)\cw2\main\Custom_model.hpp(1,1): warning C4828: 文件包含在偏移 0x18aa 处开始的字符，该字符在当前源字符集中无效(代码页 65001)。
  (编译源文件“main.cpp”)
  
C:\Users\28185\Desktop\Leeds\Y3\Computer Graph\CW2\cw2(shared)\cw2\main\Custom_model.hpp(1,1): warning C4828: 文件包含在偏移 0x18ad 处开始的字符，该字符在当前源字符集中无效(代码页 65001)。
  (编译源文件“main.cpp”)
  
C:\Users\28185\Desktop\Leeds\Y3\Computer Graph\CW2\cw2(shared)\cw2\main\Custom_model.hpp(1,1): warning C4828: 文件包含在偏移 0x18ae 处开始的字符，该字符在当前源字符集中无效(代码页 65001)。
  (编译源文件“main.cpp”)
  
C:\Users\28185\Desktop\Leeds\Y3\Computer Graph\CW2\cw2(shared)\cw2\main\Custom_model.hpp(1,1): warning C4828: 文件包含在偏移 0x18af 处开始的字符，该字符在当前源字符集中无效(代码页 65001)。
  (编译源文件“main.cpp”)
  
C:\Users\28185\Desktop\Leeds\Y3\Computer Graph\CW2\cw2(shared)\cw2\main\Custom_model.hpp(1,1): warning C4828: 文件包含在偏移 0x18b0 处开始的字符，该字符在当前源字符集中无效(代码页 65001)。
  (编译源文件“main.cpp”)
  
C:\Users\28185\Desktop\Leeds\Y3\Computer Graph\CW2\cw2(shared)\cw2\main\Custom_model.hpp(1,1): warning C4828: 文件包含在偏移 0x18b1 处开始的字符，该字符在当前源字符集中无效(代码页 65001)。
  (编译源文件“main.cpp”)
  
C:\Users\28185\Desktop\Leeds\Y3\Computer Graph\CW2\cw2(shared)\cw2\main\Custom_model.hpp(1,1): warning C4828: 文件包含在偏移 0x18ea 处开始的字符，该字符在当前源字符集中无效(代码页 65001)。
  (编译源文件“main.cpp”)
  
C:\Users\28185\Desktop\Leeds\Y3\Computer Graph\CW2\cw2(shared)\cw2\main\Custom_model.hpp(1,1): warning C4828: 文件包含在偏移 0x18eb 处开始的字符，该字符在当前源字符集中无效(代码页 65001)。
  (编译源文件“main.cpp”)
  
C:\Users\28185\Desktop\Leeds\Y3\Computer Graph\CW2\cw2(shared)\cw2\main\Custom_model.hpp(1,1): warning C4828: 文件包含在偏移 0x18ee 处开始的字符，该字符在当前源字符集中无效(代码页 65001)。
  (编译源文件“main.cpp”)
  
C:\Users\28185\Desktop\Leeds\Y3\Computer Graph\CW2\cw2(shared)\cw2\main\Custom_model.hpp(1,1): warning C4828: 文件包含在偏移 0x18f0 处开始的字符，该字符在当前源字符集中无效(代码页 65001)。
  (编译源文件“main.cpp”)
  
C:\Users\28185\Desktop\Leeds\Y3\Computer Graph\CW2\cw2(shared)\cw2\main\Custom_model.hpp(1,1): warning C4828: 文件包含在偏移 0x18f1 处开始的字符，该字符在当前源字符集中无效(代码页 65001)。
  (编译源文件“main.cpp”)
  
C:\Users\28185\Desktop\Leeds\Y3\Computer Graph\CW2\cw2(shared)\cw2\main\Custom_model.hpp(1,1): warning C4828: 文件包含在偏移 0x18f3 处开始的字符，该字符在当前源字符集中无效(代码页 65001)。
  (编译源文件“main.cpp”)
  
C:\Users\28185\Desktop\Leeds\Y3\Computer Graph\CW2\cw2(shared)\cw2\main\Custom_model.hpp(1,1): warning C4828: 文件包含在偏移 0x1d58 处开始的字符，该字符在当前源字符集中无效(代码页 65001)。
  (编译源文件“main.cpp”)
  
C:\Users\28185\Desktop\Leeds\Y3\Computer Graph\CW2\cw2(shared)\cw2\main\Custom_model.hpp(1,1): warning C4828: 文件包含在偏移 0x1d59 处开始的字符，该字符在当前源字符集中无效(代码页 65001)。
  (编译源文件“main.cpp”)
  
C:\Users\28185\Desktop\Leeds\Y3\Computer Graph\CW2\cw2(shared)\cw2\main\Custom_model.hpp(1,1): warning C4828: 文件包含在偏移 0x1d5b 处开始的字符，该字符在当前源字符集中无效(代码页 65001)。
  (编译源文件“main.cpp”)
  
C:\Users\28185\Desktop\Leeds\Y3\Computer Graph\CW2\cw2(shared)\cw2\main\Custom_model.hpp(1,1): warning C4828: 文件包含在偏移 0x1d5e 处开始的字符，该字符在当前源字符集中无效(代码页 65001)。
  (编译源文件“main.cpp”)
  
C:\Users\28185\Desktop\Leeds\Y3\Computer Graph\CW2\cw2(shared)\cw2\main\Custom_model.hpp(1,1): warning C4828: 文件包含在偏移 0x1d5f 处开始的字符，该字符在当前源字符集中无效(代码页 65001)。
  (编译源文件“main.cpp”)
  
C:\Users\28185\Desktop\Leeds\Y3\Computer Graph\CW2\cw2(shared)\cw2\main\Custom_model.hpp(1,1): warning C4828: 文件包含在偏移 0x1d60 处开始的字符，该字符在当前源字符集中无效(代码页 65001)。
  (编译源文件“main.cpp”)
  
C:\Users\28185\Desktop\Leeds\Y3\Computer Graph\CW2\cw2(shared)\cw2\main\Custom_model.hpp(1,1): warning C4828: 文件包含在偏移 0x1d61 处开始的字符，该字符在当前源字符集中无效(代码页 65001)。
  (编译源文件“main.cpp”)
  
C:\Users\28185\Desktop\Leeds\Y3\Computer Graph\CW2\cw2(shared)\cw2\main\Custom_model.hpp(1,1): warning C4828: 文件包含在偏移 0x1d64 处开始的字符，该字符在当前源字符集中无效(代码页 65001)。
  (编译源文件“main.cpp”)
  
C:\Users\28185\Desktop\Leeds\Y3\Computer Graph\CW2\cw2(shared)\cw2\main\Custom_model.hpp(1,1): warning C4828: 文件包含在偏移 0x1d65 处开始的字符，该字符在当前源字符集中无效(代码页 65001)。
  (编译源文件“main.cpp”)
  
C:\Users\28185\Desktop\Leeds\Y3\Computer Graph\CW2\cw2(shared)\cw2\main\Custom_model.hpp(1,1): warning C4828: 文件包含在偏移 0x1d66 处开始的字符，该字符在当前源字符集中无效(代码页 65001)。
  (编译源文件“main.cpp”)
  
C:\Users\28185\Desktop\Leeds\Y3\Computer Graph\CW2\cw2(shared)\cw2\main\Custom_model.hpp(1,1): warning C4828: 文件包含在偏移 0x1d68 处开始的字符，该字符在当前源字符集中无效(代码页 65001)。
  (编译源文件“main.cpp”)
  
C:\Users\28185\Desktop\Leeds\Y3\Computer Graph\CW2\cw2(shared)\cw2\main\Custom_model.hpp(1,1): warning C4828: 文件包含在偏移 0x1d6a 处开始的字符，该字符在当前源字符集中无效(代码页 65001)。
  (编译源文件“main.cpp”)
  
C:\Users\28185\Desktop\Leeds\Y3\Computer Graph\CW2\cw2(shared)\cw2\main\Custom_model.hpp(1,1): warning C4828: 文件包含在偏移 0x1d6d 处开始的字符，该字符在当前源字符集中无效(代码页 65001)。
  (编译源文件“main.cpp”)
  
C:\Users\28185\Desktop\Leeds\Y3\Computer Graph\CW2\cw2(shared)\cw2\main\Custom_model.hpp(1,1): warning C4828: 文件包含在偏移 0x1d6e 处开始的字符，该字符在当前源字符集中无效(代码页 65001)。
  (编译源文件“main.cpp”)
  
C:\Users\28185\Desktop\Leeds\Y3\Computer Graph\CW2\cw2(shared)\cw2\main\Custom_model.hpp(1,1): warning C4828: 文件包含在偏移 0x1d6f 处开始的字符，该字符在当前源字符集中无效(代码页 65001)。
  (编译源文件“main.cpp”)
  
C:\Users\28185\Desktop\Leeds\Y3\Computer Graph\CW2\cw2(shared)\cw2\main\Custom_model.hpp(1,1): warning C4828: 文件包含在偏移 0x1d70 处开始的字符，该字符在当前源字符集中无效(代码页 65001)。
  (编译源文件“main.cpp”)
  
C:\Users\28185\Desktop\Leeds\Y3\Computer Graph\CW2\cw2(shared)\cw2\main\Custom_model.hpp(1,1): warning C4828: 文件包含在偏移 0x1d71 处开始的字符，该字符在当前源字符集中无效(代码页 65001)。
  (编译源文件“main.cpp”)
  
C:\Users\28185\Desktop\Leeds\Y3\Computer Graph\CW2\cw2(shared)\cw2\main\Custom_model.hpp(1,1): warning C4828: 文件包含在偏移 0x1d72 处开始的字符，该字符在当前源字符集中无效(代码页 65001)。
  (编译源文件“main.cpp”)
  
C:\Users\28185\Desktop\Leeds\Y3\Computer Graph\CW2\cw2(shared)\cw2\main\Custom_model.hpp(1,1): warning C4828: 文件包含在偏移 0x1d73 处开始的字符，该字符在当前源字符集中无效(代码页 65001)。
  (编译源文件“main.cpp”)
  
C:\Users\28185\Desktop\Leeds\Y3\Computer Graph\CW2\cw2(shared)\cw2\main\Custom_model.hpp(1,1): warning C4828: 文件包含在偏移 0x1d74 处开始的字符，该字符在当前源字符集中无效(代码页 65001)。
  (编译源文件“main.cpp”)
  
C:\Users\28185\Desktop\Leeds\Y3\Computer Graph\CW2\cw2(shared)\cw2\main\Custom_model.hpp(1,1): warning C4828: 文件包含在偏移 0x1d76 处开始的字符，该字符在当前源字符集中无效(代码页 65001)。
  (编译源文件“main.cpp”)
  
C:\Users\28185\Desktop\Leeds\Y3\Computer Graph\CW2\cw2(shared)\cw2\main\Custom_model.hpp(1,1): warning C4828: 文件包含在偏移 0x1d77 处开始的字符，该字符在当前源字符集中无效(代码页 65001)。
  (编译源文件“main.cpp”)
  
C:\Users\28185\Desktop\Leeds\Y3\Computer Graph\CW2\cw2(shared)\cw2\main\Custom_model.hpp(1,1): warning C4828: 文件包含在偏移 0x1d7c 处开始的字符，该字符在当前源字符集中无效(代码页 65001)。
  (编译源文件“main.cpp”)
  
C:\Users\28185\Desktop\Leeds\Y3\Computer Graph\CW2\cw2(shared)\cw2\main\Custom_model.hpp(1,1): warning C4828: 文件包含在偏移 0x1d7d 处开始的字符，该字符在当前源字符集中无效(代码页 65001)。
  (编译源文件“main.cpp”)
  
C:\Users\28185\Desktop\Leeds\Y3\Computer Graph\CW2\cw2(shared)\cw2\main\Custom_model.hpp(1,1): warning C4828: 文件包含在偏移 0x1df8 处开始的字符，该字符在当前源字符集中无效(代码页 65001)。
  (编译源文件“main.cpp”)
  
C:\Users\28185\Desktop\Leeds\Y3\Computer Graph\CW2\cw2(shared)\cw2\main\Custom_model.hpp(1,1): warning C4828: 文件包含在偏移 0x1df9 处开始的字符，该字符在当前源字符集中无效(代码页 65001)。
  (编译源文件“main.cpp”)
  
C:\Users\28185\Desktop\Leeds\Y3\Computer Graph\CW2\cw2(shared)\cw2\main\Custom_model.hpp(1,1): warning C4828: 文件包含在偏移 0x1dfa 处开始的字符，该字符在当前源字符集中无效(代码页 65001)。
  (编译源文件“main.cpp”)
  
C:\Users\28185\Desktop\Leeds\Y3\Computer Graph\CW2\cw2(shared)\cw2\main\Custom_model.hpp(1,1): warning C4828: 文件包含在偏移 0x1dfb 处开始的字符，该字符在当前源字符集中无效(代码页 65001)。
  (编译源文件“main.cpp”)
  
C:\Users\28185\Desktop\Leeds\Y3\Computer Graph\CW2\cw2(shared)\cw2\main\Custom_model.hpp(1,1): warning C4828: 文件包含在偏移 0x1dfc 处开始的字符，该字符在当前源字符集中无效(代码页 65001)。
  (编译源文件“main.cpp”)
  
C:\Users\28185\Desktop\Leeds\Y3\Computer Graph\CW2\cw2(shared)\cw2\main\Custom_model.hpp(1,1): warning C4828: 文件包含在偏移 0x1dfd 处开始的字符，该字符在当前源字符集中无效(代码页 65001)。
  (编译源文件“main.cpp”)
  
C:\Users\28185\Desktop\Leeds\Y3\Computer Graph\CW2\cw2(shared)\cw2\main\Custom_model.hpp(1,1): warning C4828: 文件包含在偏移 0x1e25 处开始的字符，该字符在当前源字符集中无效(代码页 65001)。
  (编译源文件“main.cpp”)
  
C:\Users\28185\Desktop\Leeds\Y3\Computer Graph\CW2\cw2(shared)\cw2\main\Custom_model.hpp(1,1): warning C4828: 文件包含在偏移 0x1e27 处开始的字符，该字符在当前源字符集中无效(代码页 65001)。
  (编译源文件“main.cpp”)
  
C:\Users\28185\Desktop\Leeds\Y3\Computer Graph\CW2\cw2(shared)\cw2\main\Custom_model.hpp(1,1): warning C4828: 文件包含在偏移 0x1e28 处开始的字符，该字符在当前源字符集中无效(代码页 65001)。
  (编译源文件“main.cpp”)
  
C:\Users\28185\Desktop\Leeds\Y3\Computer Graph\CW2\cw2(shared)\cw2\main\Custom_model.hpp(1,1): warning C4828: 文件包含在偏移 0x1e29 处开始的字符，该字符在当前源字符集中无效(代码页 65001)。
  (编译源文件“main.cpp”)
  
C:\Users\28185\Desktop\Leeds\Y3\Computer Graph\CW2\cw2(shared)\cw2\main\Custom_model.hpp(1,1): warning C4828: 文件包含在偏移 0x1e61 处开始的字符，该字符在当前源字符集中无效(代码页 65001)。
  (编译源文件“main.cpp”)
  
C:\Users\28185\Desktop\Leeds\Y3\Computer Graph\CW2\cw2(shared)\cw2\main\Custom_model.hpp(1,1): warning C4828: 文件包含在偏移 0x1e62 处开始的字符，该字符在当前源字符集中无效(代码页 65001)。
  (编译源文件“main.cpp”)
  
C:\Users\28185\Desktop\Leeds\Y3\Computer Graph\CW2\cw2(shared)\cw2\main\Custom_model.hpp(1,1): warning C4828: 文件包含在偏移 0x1e63 处开始的字符，该字符在当前源字符集中无效(代码页 65001)。
  (编译源文件“main.cpp”)
  
C:\Users\28185\Desktop\Leeds\Y3\Computer Graph\CW2\cw2(shared)\cw2\main\Custom_model.hpp(1,1): warning C4828: 文件包含在偏移 0x1e65 处开始的字符，该字符在当前源字符集中无效(代码页 65001)。
  (编译源文件“main.cpp”)
  
C:\Users\28185\Desktop\Leeds\Y3\Computer Graph\CW2\cw2(shared)\cw2\main\Custom_model.hpp(1,1): warning C4828: 文件包含在偏移 0x1e66 处开始的字符，该字符在当前源字符集中无效(代码页 65001)。
  (编译源文件“main.cpp”)
  
C:\Users\28185\Desktop\Leeds\Y3\Computer Graph\CW2\cw2(shared)\cw2\main\Custom_model.hpp(1,1): warning C4828: 文件包含在偏移 0x1e67 处开始的字符，该字符在当前源字符集中无效(代码页 65001)。
  (编译源文件“main.cpp”)
  
C:\Users\28185\Desktop\Leeds\Y3\Computer Graph\CW2\cw2(shared)\cw2\main\Custom_model.hpp(1,1): warning C4828: 文件包含在偏移 0x1e8d 处开始的字符，该字符在当前源字符集中无效(代码页 65001)。
  (编译源文件“main.cpp”)
  
C:\Users\28185\Desktop\Leeds\Y3\Computer Graph\CW2\cw2(shared)\cw2\main\Custom_model.hpp(1,1): warning C4828: 文件包含在偏移 0x1e8e 处开始的字符，该字符在当前源字符集中无效(代码页 65001)。
  (编译源文件“main.cpp”)
  
C:\Users\28185\Desktop\Leeds\Y3\Computer Graph\CW2\cw2(shared)\cw2\main\Custom_model.hpp(1,1): warning C4828: 文件包含在偏移 0x1e91 处开始的字符，该字符在当前源字符集中无效(代码页 65001)。
  (编译源文件“main.cpp”)
  
C:\Users\28185\Desktop\Leeds\Y3\Computer Graph\CW2\cw2(shared)\cw2\main\Custom_model.hpp(1,1): warning C4828: 文件包含在偏移 0x1e92 处开始的字符，该字符在当前源字符集中无效(代码页 65001)。
  (编译源文件“main.cpp”)
  
C:\Users\28185\Desktop\Leeds\Y3\Computer Graph\CW2\cw2(shared)\cw2\main\Custom_model.hpp(1,1): warning C4828: 文件包含在偏移 0x1eb7 处开始的字符，该字符在当前源字符集中无效(代码页 65001)。
  (编译源文件“main.cpp”)
  
C:\Users\28185\Desktop\Leeds\Y3\Computer Graph\CW2\cw2(shared)\cw2\main\Custom_model.hpp(1,1): warning C4828: 文件包含在偏移 0x1eb8 处开始的字符，该字符在当前源字符集中无效(代码页 65001)。
  (编译源文件“main.cpp”)
  
C:\Users\28185\Desktop\Leeds\Y3\Computer Graph\CW2\cw2(shared)\cw2\main\Custom_model.hpp(1,1): warning C4828: 文件包含在偏移 0x1eba 处开始的字符，该字符在当前源字符集中无效(代码页 65001)。
  (编译源文件“main.cpp”)
  
C:\Users\28185\Desktop\Leeds\Y3\Computer Graph\CW2\cw2(shared)\cw2\main\Custom_model.hpp(1,1): warning C4828: 文件包含在偏移 0x1ebd 处开始的字符，该字符在当前源字符集中无效(代码页 65001)。
  (编译源文件“main.cpp”)
  
C:\Users\28185\Desktop\Leeds\Y3\Computer Graph\CW2\cw2(shared)\cw2\main\Custom_model.hpp(1,1): warning C4828: 文件包含在偏移 0x1ebe 处开始的字符，该字符在当前源字符集中无效(代码页 65001)。
  (编译源文件“main.cpp”)
  
C:\Users\28185\Desktop\Leeds\Y3\Computer Graph\CW2\cw2(shared)\cw2\main\Custom_model.hpp(1,1): warning C4828: 文件包含在偏移 0x1ebf 处开始的字符，该字符在当前源字符集中无效(代码页 65001)。
  (编译源文件“main.cpp”)
  
C:\Users\28185\Desktop\Leeds\Y3\Computer Graph\CW2\cw2(shared)\cw2\main\Custom_model.hpp(1,1): warning C4828: 文件包含在偏移 0x1ec0 处开始的字符，该字符在当前源字符集中无效(代码页 65001)。
  (编译源文件“main.cpp”)
  
C:\Users\28185\Desktop\Leeds\Y3\Computer Graph\CW2\cw2(shared)\cw2\main\Custom_model.hpp(1,1): warning C4828: 文件包含在偏移 0x1ec2 处开始的字符，该字符在当前源字符集中无效(代码页 65001)。
  (编译源文件“main.cpp”)
  
C:\Users\28185\Desktop\Leeds\Y3\Computer Graph\CW2\cw2(shared)\cw2\main\Custom_model.hpp(1,1): warning C4828: 文件包含在偏移 0x1ec3 处开始的字符，该字符在当前源字符集中无效(代码页 65001)。
  (编译源文件“main.cpp”)
  
C:\Users\28185\Desktop\Leeds\Y3\Computer Graph\CW2\cw2(shared)\cw2\main\Custom_model.hpp(1,1): warning C4828: 文件包含在偏移 0x1ec4 处开始的字符，该字符在当前源字符集中无效(代码页 65001)。
  (编译源文件“main.cpp”)
  
C:\Users\28185\Desktop\Leeds\Y3\Computer Graph\CW2\cw2(shared)\cw2\main\Custom_model.hpp(1,1): warning C4828: 文件包含在偏移 0x1ec5 处开始的字符，该字符在当前源字符集中无效(代码页 65001)。
  (编译源文件“main.cpp”)
  
C:\Users\28185\Desktop\Leeds\Y3\Computer Graph\CW2\cw2(shared)\cw2\main\Custom_model.hpp(1,1): warning C4828: 文件包含在偏移 0x1ec6 处开始的字符，该字符在当前源字符集中无效(代码页 65001)。
  (编译源文件“main.cpp”)
  
C:\Users\28185\Desktop\Leeds\Y3\Computer Graph\CW2\cw2(shared)\cw2\main\Custom_model.hpp(1,1): warning C4828: 文件包含在偏移 0x1ec7 处开始的字符，该字符在当前源字符集中无效(代码页 65001)。
  (编译源文件“main.cpp”)
  
C:\Users\28185\Desktop\Leeds\Y3\Computer Graph\CW2\cw2(shared)\cw2\main\Custom_model.hpp(1,1): warning C4828: 文件包含在偏移 0x1ec8 处开始的字符，该字符在当前源字符集中无效(代码页 65001)。
  (编译源文件“main.cpp”)
  
C:\Users\28185\Desktop\Leeds\Y3\Computer Graph\CW2\cw2(shared)\cw2\main\Custom_model.hpp(1,1): warning C4828: 文件包含在偏移 0x1ec9 处开始的字符，该字符在当前源字符集中无效(代码页 65001)。
  (编译源文件“main.cpp”)
  
C:\Users\28185\Desktop\Leeds\Y3\Computer Graph\CW2\cw2(shared)\cw2\main\Custom_model.hpp(1,1): warning C4828: 文件包含在偏移 0x1eca 处开始的字符，该字符在当前源字符集中无效(代码页 65001)。
  (编译源文件“main.cpp”)
  
C:\Users\28185\Desktop\Leeds\Y3\Computer Graph\CW2\cw2(shared)\cw2\main\Custom_model.hpp(1,1): warning C4828: 文件包含在偏移 0x1ecc 处开始的字符，该字符在当前源字符集中无效(代码页 65001)。
  (编译源文件“main.cpp”)
  
C:\Users\28185\Desktop\Leeds\Y3\Computer Graph\CW2\cw2(shared)\cw2\main\Custom_model.hpp(1,1): warning C4828: 文件包含在偏移 0x1ecd 处开始的字符，该字符在当前源字符集中无效(代码页 65001)。
  (编译源文件“main.cpp”)
  
C:\Users\28185\Desktop\Leeds\Y3\Computer Graph\CW2\cw2(shared)\cw2\main\Custom_model.hpp(1,1): warning C4828: 文件包含在偏移 0x1ecf 处开始的字符，该字符在当前源字符集中无效(代码页 65001)。
  (编译源文件“main.cpp”)
  
C:\Users\28185\Desktop\Leeds\Y3\Computer Graph\CW2\cw2(shared)\cw2\main\Custom_model.hpp(1,1): warning C4828: 文件包含在偏移 0x1ed0 处开始的字符，该字符在当前源字符集中无效(代码页 65001)。
  (编译源文件“main.cpp”)
  
C:\Users\28185\Desktop\Leeds\Y3\Computer Graph\CW2\cw2(shared)\cw2\main\Custom_model.hpp(1,1): warning C4828: 文件包含在偏移 0x204a 处开始的字符，该字符在当前源字符集中无效(代码页 65001)。
  (编译源文件“main.cpp”)
  
C:\Users\28185\Desktop\Leeds\Y3\Computer Graph\CW2\cw2(shared)\cw2\main\Custom_model.hpp(1,1): warning C4828: 文件包含在偏移 0x204c 处开始的字符，该字符在当前源字符集中无效(代码页 65001)。
  (编译源文件“main.cpp”)
  
C:\Users\28185\Desktop\Leeds\Y3\Computer Graph\CW2\cw2(shared)\cw2\main\Custom_model.hpp(1,1): warning C4828: 文件包含在偏移 0x204e 处开始的字符，该字符在当前源字符集中无效(代码页 65001)。
  (编译源文件“main.cpp”)
  
C:\Users\28185\Desktop\Leeds\Y3\Computer Graph\CW2\cw2(shared)\cw2\main\Custom_model.hpp(1,1): warning C4828: 文件包含在偏移 0x204f 处开始的字符，该字符在当前源字符集中无效(代码页 65001)。
  (编译源文件“main.cpp”)
  
C:\Users\28185\Desktop\Leeds\Y3\Computer Graph\CW2\cw2(shared)\cw2\main\Custom_model.hpp(1,1): warning C4828: 文件包含在偏移 0x2050 处开始的字符，该字符在当前源字符集中无效(代码页 65001)。
  (编译源文件“main.cpp”)
  
C:\Users\28185\Desktop\Leeds\Y3\Computer Graph\CW2\cw2(shared)\cw2\main\Custom_model.hpp(1,1): warning C4828: 文件包含在偏移 0x2051 处开始的字符，该字符在当前源字符集中无效(代码页 65001)。
  (编译源文件“main.cpp”)
  
C:\Users\28185\Desktop\Leeds\Y3\Computer Graph\CW2\cw2(shared)\cw2\main\Custom_model.hpp(1,1): warning C4828: 文件包含在偏移 0x2054 处开始的字符，该字符在当前源字符集中无效(代码页 65001)。
  (编译源文件“main.cpp”)
  
C:\Users\28185\Desktop\Leeds\Y3\Computer Graph\CW2\cw2(shared)\cw2\main\Custom_model.hpp(1,1): warning C4828: 文件包含在偏移 0x2055 处开始的字符，该字符在当前源字符集中无效(代码页 65001)。
  (编译源文件“main.cpp”)
  
C:\Users\28185\Desktop\Leeds\Y3\Computer Graph\CW2\cw2(shared)\cw2\main\Custom_model.hpp(1,1): warning C4828: 文件包含在偏移 0x2056 处开始的字符，该字符在当前源字符集中无效(代码页 65001)。
  (编译源文件“main.cpp”)
  
C:\Users\28185\Desktop\Leeds\Y3\Computer Graph\CW2\cw2(shared)\cw2\main\Custom_model.hpp(1,1): warning C4828: 文件包含在偏移 0x2057 处开始的字符，该字符在当前源字符集中无效(代码页 65001)。
  (编译源文件“main.cpp”)
  
C:\Users\28185\Desktop\Leeds\Y3\Computer Graph\CW2\cw2(shared)\cw2\main\Custom_model.hpp(1,1): warning C4828: 文件包含在偏移 0x2058 处开始的字符，该字符在当前源字符集中无效(代码页 65001)。
  (编译源文件“main.cpp”)
  
C:\Users\28185\Desktop\Leeds\Y3\Computer Graph\CW2\cw2(shared)\cw2\main\Custom_model.hpp(1,1): warning C4828: 文件包含在偏移 0x2238 处开始的字符，该字符在当前源字符集中无效(代码页 65001)。
  (编译源文件“main.cpp”)
  
C:\Users\28185\Desktop\Leeds\Y3\Computer Graph\CW2\cw2(shared)\cw2\main\Custom_model.hpp(1,1): warning C4828: 文件包含在偏移 0x2239 处开始的字符，该字符在当前源字符集中无效(代码页 65001)。
  (编译源文件“main.cpp”)
  
C:\Users\28185\Desktop\Leeds\Y3\Computer Graph\CW2\cw2(shared)\cw2\main\Custom_model.hpp(1,1): warning C4828: 文件包含在偏移 0x223b 处开始的字符，该字符在当前源字符集中无效(代码页 65001)。
  (编译源文件“main.cpp”)
  
C:\Users\28185\Desktop\Leeds\Y3\Computer Graph\CW2\cw2(shared)\cw2\main\Custom_model.hpp(1,1): warning C4828: 文件包含在偏移 0x2240 处开始的字符，该字符在当前源字符集中无效(代码页 65001)。
  (编译源文件“main.cpp”)
  
C:\Users\28185\Desktop\Leeds\Y3\Computer Graph\CW2\cw2(shared)\cw2\main\Custom_model.hpp(1,1): warning C4828: 文件包含在偏移 0x2241 处开始的字符，该字符在当前源字符集中无效(代码页 65001)。
  (编译源文件“main.cpp”)
  
C:\Users\28185\Desktop\Leeds\Y3\Computer Graph\CW2\cw2(shared)\cw2\main\Custom_model.hpp(1,1): warning C4828: 文件包含在偏移 0x2251 处开始的字符，该字符在当前源字符集中无效(代码页 65001)。
  (编译源文件“main.cpp”)
  
C:\Users\28185\Desktop\Leeds\Y3\Computer Graph\CW2\cw2(shared)\cw2\main\Custom_model.hpp(1,1): warning C4828: 文件包含在偏移 0x2252 处开始的字符，该字符在当前源字符集中无效(代码页 65001)。
  (编译源文件“main.cpp”)
  
C:\Users\28185\Desktop\Leeds\Y3\Computer Graph\CW2\cw2(shared)\cw2\main\Custom_model.hpp(1,1): warning C4828: 文件包含在偏移 0x2253 处开始的字符，该字符在当前源字符集中无效(代码页 65001)。
  (编译源文件“main.cpp”)
  
C:\Users\28185\Desktop\Leeds\Y3\Computer Graph\CW2\cw2(shared)\cw2\main\Custom_model.hpp(1,1): warning C4828: 文件包含在偏移 0x2254 处开始的字符，该字符在当前源字符集中无效(代码页 65001)。
  (编译源文件“main.cpp”)
  
C:\Users\28185\Desktop\Leeds\Y3\Computer Graph\CW2\cw2(shared)\cw2\main\Custom_model.hpp(1,1): warning C4828: 文件包含在偏移 0x2255 处开始的字符，该字符在当前源字符集中无效(代码页 65001)。
  (编译源文件“main.cpp”)
  
C:\Users\28185\Desktop\Leeds\Y3\Computer Graph\CW2\cw2(shared)\cw2\main\Custom_model.hpp(1,1): warning C4828: 文件包含在偏移 0x2256 处开始的字符，该字符在当前源字符集中无效(代码页 65001)。
  (编译源文件“main.cpp”)
  
C:\Users\28185\Desktop\Leeds\Y3\Computer Graph\CW2\cw2(shared)\cw2\main\Custom_model.hpp(1,1): warning C4828: 文件包含在偏移 0x2258 处开始的字符，该字符在当前源字符集中无效(代码页 65001)。
  (编译源文件“main.cpp”)
  
C:\Users\28185\Desktop\Leeds\Y3\Computer Graph\CW2\cw2(shared)\cw2\main\Custom_model.hpp(1,1): warning C4828: 文件包含在偏移 0x24bb 处开始的字符，该字符在当前源字符集中无效(代码页 65001)。
  (编译源文件“main.cpp”)
  
C:\Users\28185\Desktop\Leeds\Y3\Computer Graph\CW2\cw2(shared)\cw2\main\Custom_model.hpp(1,1): warning C4828: 文件包含在偏移 0x24bc 处开始的字符，该字符在当前源字符集中无效(代码页 65001)。
  (编译源文件“main.cpp”)
  
C:\Users\28185\Desktop\Leeds\Y3\Computer Graph\CW2\cw2(shared)\cw2\main\Custom_model.hpp(1,1): warning C4828: 文件包含在偏移 0x24bd 处开始的字符，该字符在当前源字符集中无效(代码页 65001)。
  (编译源文件“main.cpp”)
  
C:\Users\28185\Desktop\Leeds\Y3\Computer Graph\CW2\cw2(shared)\cw2\main\Custom_model.hpp(1,1): warning C4828: 文件包含在偏移 0x24be 处开始的字符，该字符在当前源字符集中无效(代码页 65001)。
  (编译源文件“main.cpp”)
  
C:\Users\28185\Desktop\Leeds\Y3\Computer Graph\CW2\cw2(shared)\cw2\main\Custom_model.hpp(1,1): warning C4828: 文件包含在偏移 0x24c2 处开始的字符，该字符在当前源字符集中无效(代码页 65001)。
  (编译源文件“main.cpp”)
  
C:\Users\28185\Desktop\Leeds\Y3\Computer Graph\CW2\cw2(shared)\cw2\main\Custom_model.hpp(1,1): warning C4828: 文件包含在偏移 0x24c3 处开始的字符，该字符在当前源字符集中无效(代码页 65001)。
  (编译源文件“main.cpp”)
  
C:\Users\28185\Desktop\Leeds\Y3\Computer Graph\CW2\cw2(shared)\cw2\main\Custom_model.hpp(1,1): warning C4828: 文件包含在偏移 0x24c7 处开始的字符，该字符在当前源字符集中无效(代码页 65001)。
  (编译源文件“main.cpp”)
  
C:\Users\28185\Desktop\Leeds\Y3\Computer Graph\CW2\cw2(shared)\cw2\main\Custom_model.hpp(1,1): warning C4828: 文件包含在偏移 0x24c8 处开始的字符，该字符在当前源字符集中无效(代码页 65001)。
  (编译源文件“main.cpp”)
  
C:\Users\28185\Desktop\Leeds\Y3\Computer Graph\CW2\cw2(shared)\cw2\main\Custom_model.hpp(1,1): warning C4828: 文件包含在偏移 0x24c9 处开始的字符，该字符在当前源字符集中无效(代码页 65001)。
  (编译源文件“main.cpp”)
  
C:\Users\28185\Desktop\Leeds\Y3\Computer Graph\CW2\cw2(shared)\cw2\main\Custom_model.hpp(1,1): warning C4828: 文件包含在偏移 0x24ca 处开始的字符，该字符在当前源字符集中无效(代码页 65001)。
  (编译源文件“main.cpp”)
  
C:\Users\28185\Desktop\Leeds\Y3\Computer Graph\CW2\cw2(shared)\cw2\main\Custom_model.hpp(1,1): warning C4828: 文件包含在偏移 0x24cb 处开始的字符，该字符在当前源字符集中无效(代码页 65001)。
  (编译源文件“main.cpp”)
  
C:\Users\28185\Desktop\Leeds\Y3\Computer Graph\CW2\cw2(shared)\cw2\main\Custom_model.hpp(1,1): warning C4828: 文件包含在偏移 0x2946 处开始的字符，该字符在当前源字符集中无效(代码页 65001)。
  (编译源文件“main.cpp”)
  
C:\Users\28185\Desktop\Leeds\Y3\Computer Graph\CW2\cw2(shared)\cw2\main\Custom_model.hpp(1,1): warning C4828: 文件包含在偏移 0x2947 处开始的字符，该字符在当前源字符集中无效(代码页 65001)。
  (编译源文件“main.cpp”)
  
C:\Users\28185\Desktop\Leeds\Y3\Computer Graph\CW2\cw2(shared)\cw2\main\Custom_model.hpp(1,1): warning C4828: 文件包含在偏移 0x2949 处开始的字符，该字符在当前源字符集中无效(代码页 65001)。
  (编译源文件“main.cpp”)
  
C:\Users\28185\Desktop\Leeds\Y3\Computer Graph\CW2\cw2(shared)\cw2\main\Custom_model.hpp(1,1): warning C4828: 文件包含在偏移 0x294e 处开始的字符，该字符在当前源字符集中无效(代码页 65001)。
  (编译源文件“main.cpp”)
  
C:\Users\28185\Desktop\Leeds\Y3\Computer Graph\CW2\cw2(shared)\cw2\main\Custom_model.hpp(1,1): warning C4828: 文件包含在偏移 0x294f 处开始的字符，该字符在当前源字符集中无效(代码页 65001)。
  (编译源文件“main.cpp”)
  
C:\Users\28185\Desktop\Leeds\Y3\Computer Graph\CW2\cw2(shared)\cw2\main\Custom_model.hpp(1,1): warning C4828: 文件包含在偏移 0x2951 处开始的字符，该字符在当前源字符集中无效(代码页 65001)。
  (编译源文件“main.cpp”)
  
C:\Users\28185\Desktop\Leeds\Y3\Computer Graph\CW2\cw2(shared)\cw2\main\Custom_model.hpp(1,1): warning C4828: 文件包含在偏移 0x2968 处开始的字符，该字符在当前源字符集中无效(代码页 65001)。
  (编译源文件“main.cpp”)
  
C:\Users\28185\Desktop\Leeds\Y3\Computer Graph\CW2\cw2(shared)\cw2\main\Custom_model.hpp(1,1): warning C4828: 文件包含在偏移 0x2969 处开始的字符，该字符在当前源字符集中无效(代码页 65001)。
  (编译源文件“main.cpp”)
  
C:\Users\28185\Desktop\Leeds\Y3\Computer Graph\CW2\cw2(shared)\cw2\main\Custom_model.hpp(1,1): warning C4828: 文件包含在偏移 0x296a 处开始的字符，该字符在当前源字符集中无效(代码页 65001)。
  (编译源文件“main.cpp”)
  
C:\Users\28185\Desktop\Leeds\Y3\Computer Graph\CW2\cw2(shared)\cw2\main\Custom_model.hpp(1,1): warning C4828: 文件包含在偏移 0x296b 处开始的字符，该字符在当前源字符集中无效(代码页 65001)。
  (编译源文件“main.cpp”)
  
C:\Users\28185\Desktop\Leeds\Y3\Computer Graph\CW2\cw2(shared)\cw2\main\Custom_model.hpp(1,1): warning C4828: 文件包含在偏移 0x296c 处开始的字符，该字符在当前源字符集中无效(代码页 65001)。
  (编译源文件“main.cpp”)
  
C:\Users\28185\Desktop\Leeds\Y3\Computer Graph\CW2\cw2(shared)\cw2\main\Custom_model.hpp(1,1): warning C4828: 文件包含在偏移 0x296d 处开始的字符，该字符在当前源字符集中无效(代码页 65001)。
  (编译源文件“main.cpp”)
  
C:\Users\28185\Desktop\Leeds\Y3\Computer Graph\CW2\cw2(shared)\cw2\main\Custom_model.hpp(1,1): warning C4828: 文件包含在偏移 0x2970 处开始的字符，该字符在当前源字符集中无效(代码页 65001)。
  (编译源文件“main.cpp”)
  
C:\Users\28185\Desktop\Leeds\Y3\Computer Graph\CW2\cw2(shared)\cw2\main\Custom_model.hpp(1,1): warning C4828: 文件包含在偏移 0x2971 处开始的字符，该字符在当前源字符集中无效(代码页 65001)。
  (编译源文件“main.cpp”)
  
C:\Users\28185\Desktop\Leeds\Y3\Computer Graph\CW2\cw2(shared)\cw2\main\Custom_model.hpp(1,1): warning C4828: 文件包含在偏移 0x2972 处开始的字符，该字符在当前源字符集中无效(代码页 65001)。
  (编译源文件“main.cpp”)
  
C:\Users\28185\Desktop\Leeds\Y3\Computer Graph\CW2\cw2(shared)\cw2\main\Custom_model.hpp(1,1): warning C4828: 文件包含在偏移 0x2973 处开始的字符，该字符在当前源字符集中无效(代码页 65001)。
  (编译源文件“main.cpp”)
  
C:\Users\28185\Desktop\Leeds\Y3\Computer Graph\CW2\cw2(shared)\cw2\main\Custom_model.hpp(1,1): warning C4828: 文件包含在偏移 0x2974 处开始的字符，该字符在当前源字符集中无效(代码页 65001)。
  (编译源文件“main.cpp”)
  
C:\Users\28185\Desktop\Leeds\Y3\Computer Graph\CW2\cw2(shared)\cw2\main\Custom_model.hpp(1,1): warning C4828: 文件包含在偏移 0x2c34 处开始的字符，该字符在当前源字符集中无效(代码页 65001)。
  (编译源文件“main.cpp”)
  
C:\Users\28185\Desktop\Leeds\Y3\Computer Graph\CW2\cw2(shared)\cw2\main\Custom_model.hpp(1,1): warning C4828: 文件包含在偏移 0x2c35 处开始的字符，该字符在当前源字符集中无效(代码页 65001)。
  (编译源文件“main.cpp”)
  
C:\Users\28185\Desktop\Leeds\Y3\Computer Graph\CW2\cw2(shared)\cw2\main\Custom_model.hpp(1,1): warning C4828: 文件包含在偏移 0x2c37 处开始的字符，该字符在当前源字符集中无效(代码页 65001)。
  (编译源文件“main.cpp”)
  
C:\Users\28185\Desktop\Leeds\Y3\Computer Graph\CW2\cw2(shared)\cw2\main\Custom_model.hpp(1,1): warning C4828: 文件包含在偏移 0x2c3c 处开始的字符，该字符在当前源字符集中无效(代码页 65001)。
  (编译源文件“main.cpp”)
  
C:\Users\28185\Desktop\Leeds\Y3\Computer Graph\CW2\cw2(shared)\cw2\main\Custom_model.hpp(1,1): warning C4828: 文件包含在偏移 0x2c3d 处开始的字符，该字符在当前源字符集中无效(代码页 65001)。
  (编译源文件“main.cpp”)
  
C:\Users\28185\Desktop\Leeds\Y3\Computer Graph\CW2\cw2(shared)\cw2\main\Custom_model.hpp(1,1): warning C4828: 文件包含在偏移 0x2f3d 处开始的字符，该字符在当前源字符集中无效(代码页 65001)。
  (编译源文件“main.cpp”)
  
C:\Users\28185\Desktop\Leeds\Y3\Computer Graph\CW2\cw2(shared)\cw2\main\Custom_model.hpp(1,1): warning C4828: 文件包含在偏移 0x2f3e 处开始的字符，该字符在当前源字符集中无效(代码页 65001)。
  (编译源文件“main.cpp”)
  
C:\Users\28185\Desktop\Leeds\Y3\Computer Graph\CW2\cw2(shared)\cw2\main\Custom_model.hpp(1,1): warning C4828: 文件包含在偏移 0x2f40 处开始的字符，该字符在当前源字符集中无效(代码页 65001)。
  (编译源文件“main.cpp”)
  
C:\Users\28185\Desktop\Leeds\Y3\Computer Graph\CW2\cw2(shared)\cw2\main\Custom_model.hpp(1,1): warning C4828: 文件包含在偏移 0x2f45 处开始的字符，该字符在当前源字符集中无效(代码页 65001)。
  (编译源文件“main.cpp”)
  
C:\Users\28185\Desktop\Leeds\Y3\Computer Graph\CW2\cw2(shared)\cw2\main\Custom_model.hpp(1,1): warning C4828: 文件包含在偏移 0x2f46 处开始的字符，该字符在当前源字符集中无效(代码页 65001)。
  (编译源文件“main.cpp”)
  
C:\Users\28185\Desktop\Leeds\Y3\Computer Graph\CW2\cw2(shared)\cw2\main\Custom_model.hpp(1,1): warning C4828: 文件包含在偏移 0x2f56 处开始的字符，该字符在当前源字符集中无效(代码页 65001)。
  (编译源文件“main.cpp”)
  
C:\Users\28185\Desktop\Leeds\Y3\Computer Graph\CW2\cw2(shared)\cw2\main\Custom_model.hpp(1,1): warning C4828: 文件包含在偏移 0x2f57 处开始的字符，该字符在当前源字符集中无效(代码页 65001)。
  (编译源文件“main.cpp”)
  
C:\Users\28185\Desktop\Leeds\Y3\Computer Graph\CW2\cw2(shared)\cw2\main\Custom_model.hpp(1,1): warning C4828: 文件包含在偏移 0x2f59 处开始的字符，该字符在当前源字符集中无效(代码页 65001)。
  (编译源文件“main.cpp”)
  
C:\Users\28185\Desktop\Leeds\Y3\Computer Graph\CW2\cw2(shared)\cw2\main\Custom_model.hpp(1,1): warning C4828: 文件包含在偏移 0x2f5c 处开始的字符，该字符在当前源字符集中无效(代码页 65001)。
  (编译源文件“main.cpp”)
  
C:\Users\28185\Desktop\Leeds\Y3\Computer Graph\CW2\cw2(shared)\cw2\main\Custom_model.hpp(1,1): warning C4828: 文件包含在偏移 0x33c8 处开始的字符，该字符在当前源字符集中无效(代码页 65001)。
  (编译源文件“main.cpp”)
  
C:\Users\28185\Desktop\Leeds\Y3\Computer Graph\CW2\cw2(shared)\cw2\main\Custom_model.hpp(1,1): warning C4828: 文件包含在偏移 0x33c9 处开始的字符，该字符在当前源字符集中无效(代码页 65001)。
  (编译源文件“main.cpp”)
  
C:\Users\28185\Desktop\Leeds\Y3\Computer Graph\CW2\cw2(shared)\cw2\main\Custom_model.hpp(1,1): warning C4828: 文件包含在偏移 0x33cb 处开始的字符，该字符在当前源字符集中无效(代码页 65001)。
  (编译源文件“main.cpp”)
  
C:\Users\28185\Desktop\Leeds\Y3\Computer Graph\CW2\cw2(shared)\cw2\main\Custom_model.hpp(1,1): warning C4828: 文件包含在偏移 0x33d0 处开始的字符，该字符在当前源字符集中无效(代码页 65001)。
  (编译源文件“main.cpp”)
  
C:\Users\28185\Desktop\Leeds\Y3\Computer Graph\CW2\cw2(shared)\cw2\main\Custom_model.hpp(1,1): warning C4828: 文件包含在偏移 0x33d1 处开始的字符，该字符在当前源字符集中无效(代码页 65001)。
  (编译源文件“main.cpp”)
  
C:\Users\28185\Desktop\Leeds\Y3\Computer Graph\CW2\cw2(shared)\cw2\main\Custom_model.hpp(1,1): warning C4828: 文件包含在偏移 0x33d3 处开始的字符，该字符在当前源字符集中无效(代码页 65001)。
  (编译源文件“main.cpp”)
  
C:\Users\28185\Desktop\Leeds\Y3\Computer Graph\CW2\cw2(shared)\cw2\main\Custom_model.hpp(1,1): warning C4828: 文件包含在偏移 0x33e1 处开始的字符，该字符在当前源字符集中无效(代码页 65001)。
  (编译源文件“main.cpp”)
  
C:\Users\28185\Desktop\Leeds\Y3\Computer Graph\CW2\cw2(shared)\cw2\main\Custom_model.hpp(1,1): warning C4828: 文件包含在偏移 0x33e2 处开始的字符，该字符在当前源字符集中无效(代码页 65001)。
  (编译源文件“main.cpp”)
  
C:\Users\28185\Desktop\Leeds\Y3\Computer Graph\CW2\cw2(shared)\cw2\main\Custom_model.hpp(1,1): warning C4828: 文件包含在偏移 0x36dd 处开始的字符，该字符在当前源字符集中无效(代码页 65001)。
  (编译源文件“main.cpp”)
  
C:\Users\28185\Desktop\Leeds\Y3\Computer Graph\CW2\cw2(shared)\cw2\main\Custom_model.hpp(1,1): warning C4828: 文件包含在偏移 0x36de 处开始的字符，该字符在当前源字符集中无效(代码页 65001)。
  (编译源文件“main.cpp”)
  
C:\Users\28185\Desktop\Leeds\Y3\Computer Graph\CW2\cw2(shared)\cw2\main\Custom_model.hpp(1,1): warning C4828: 文件包含在偏移 0x36e0 处开始的字符，该字符在当前源字符集中无效(代码页 65001)。
  (编译源文件“main.cpp”)
  
C:\Users\28185\Desktop\Leeds\Y3\Computer Graph\CW2\cw2(shared)\cw2\main\Custom_model.hpp(1,1): warning C4828: 文件包含在偏移 0x36e5 处开始的字符，该字符在当前源字符集中无效(代码页 65001)。
  (编译源文件“main.cpp”)
  
C:\Users\28185\Desktop\Leeds\Y3\Computer Graph\CW2\cw2(shared)\cw2\main\Custom_model.hpp(1,1): warning C4828: 文件包含在偏移 0x36e6 处开始的字符，该字符在当前源字符集中无效(代码页 65001)。
  (编译源文件“main.cpp”)
  
C:\Users\28185\Desktop\Leeds\Y3\Computer Graph\CW2\cw2(shared)\cw2\main\particle_system.hpp(1,1): warning C4828: 文件包含在偏移 0x86 处开始的字符，该字符在当前源字符集中无效(代码页 65001)。
  (编译源文件“main.cpp”)
  
C:\Users\28185\Desktop\Leeds\Y3\Computer Graph\CW2\cw2(shared)\cw2\main\particle_system.hpp(1,1): warning C4828: 文件包含在偏移 0x88 处开始的字符，该字符在当前源字符集中无效(代码页 65001)。
  (编译源文件“main.cpp”)
  
C:\Users\28185\Desktop\Leeds\Y3\Computer Graph\CW2\cw2(shared)\cw2\main\particle_system.hpp(1,1): warning C4828: 文件包含在偏移 0x89 处开始的字符，该字符在当前源字符集中无效(代码页 65001)。
  (编译源文件“main.cpp”)
  
C:\Users\28185\Desktop\Leeds\Y3\Computer Graph\CW2\cw2(shared)\cw2\main\particle_system.hpp(1,1): warning C4828: 文件包含在偏移 0x8c 处开始的字符，该字符在当前源字符集中无效(代码页 65001)。
  (编译源文件“main.cpp”)
  
C:\Users\28185\Desktop\Leeds\Y3\Computer Graph\CW2\cw2(shared)\cw2\main\particle_system.hpp(1,1): warning C4828: 文件包含在偏移 0x8d 处开始的字符，该字符在当前源字符集中无效(代码页 65001)。
  (编译源文件“main.cpp”)
  
C:\Users\28185\Desktop\Leeds\Y3\Computer Graph\CW2\cw2(shared)\cw2\main\particle_system.hpp(1,1): warning C4828: 文件包含在偏移 0x90 处开始的字符，该字符在当前源字符集中无效(代码页 65001)。
  (编译源文件“main.cpp”)
  
C:\Users\28185\Desktop\Leeds\Y3\Computer Graph\CW2\cw2(shared)\cw2\main\particle_system.hpp(1,1): warning C4828: 文件包含在偏移 0xac 处开始的字符，该字符在当前源字符集中无效(代码页 65001)。
  (编译源文件“main.cpp”)
  
C:\Users\28185\Desktop\Leeds\Y3\Computer Graph\CW2\cw2(shared)\cw2\main\particle_system.hpp(1,1): warning C4828: 文件包含在偏移 0xae 处开始的字符，该字符在当前源字符集中无效(代码页 65001)。
  (编译源文件“main.cpp”)
  
C:\Users\28185\Desktop\Leeds\Y3\Computer Graph\CW2\cw2(shared)\cw2\main\particle_system.hpp(1,1): warning C4828: 文件包含在偏移 0xaf 处开始的字符，该字符在当前源字符集中无效(代码页 65001)。
  (编译源文件“main.cpp”)
  
C:\Users\28185\Desktop\Leeds\Y3\Computer Graph\CW2\cw2(shared)\cw2\main\particle_system.hpp(1,1): warning C4828: 文件包含在偏移 0xcc 处开始的字符，该字符在当前源字符集中无效(代码页 65001)。
  (编译源文件“main.cpp”)
  
C:\Users\28185\Desktop\Leeds\Y3\Computer Graph\CW2\cw2(shared)\cw2\main\particle_system.hpp(1,1): warning C4828: 文件包含在偏移 0xce 处开始的字符，该字符在当前源字符集中无效(代码页 65001)。
  (编译源文件“main.cpp”)
  
C:\Users\28185\Desktop\Leeds\Y3\Computer Graph\CW2\cw2(shared)\cw2\main\particle_system.hpp(1,1): warning C4828: 文件包含在偏移 0xd0 处开始的字符，该字符在当前源字符集中无效(代码页 65001)。
  (编译源文件“main.cpp”)
  
C:\Users\28185\Desktop\Leeds\Y3\Computer Graph\CW2\cw2(shared)\cw2\main\particle_system.hpp(1,1): warning C4828: 文件包含在偏移 0xd2 处开始的字符，该字符在当前源字符集中无效(代码页 65001)。
  (编译源文件“main.cpp”)
  
C:\Users\28185\Desktop\Leeds\Y3\Computer Graph\CW2\cw2(shared)\cw2\main\particle_system.hpp(1,1): warning C4828: 文件包含在偏移 0xd4 处开始的字符，该字符在当前源字符集中无效(代码页 65001)。
  (编译源文件“main.cpp”)
  
C:\Users\28185\Desktop\Leeds\Y3\Computer Graph\CW2\cw2(shared)\cw2\main\particle_system.hpp(1,1): warning C4828: 文件包含在偏移 0xd6 处开始的字符，该字符在当前源字符集中无效(代码页 65001)。
  (编译源文件“main.cpp”)
  
C:\Users\28185\Desktop\Leeds\Y3\Computer Graph\CW2\cw2(shared)\cw2\main\particle_system.hpp(1,1): warning C4828: 文件包含在偏移 0xd7 处开始的字符，该字符在当前源字符集中无效(代码页 65001)。
  (编译源文件“main.cpp”)
  
C:\Users\28185\Desktop\Leeds\Y3\Computer Graph\CW2\cw2(shared)\cw2\main\particle_system.hpp(1,1): warning C4828: 文件包含在偏移 0xd8 处开始的字符，该字符在当前源字符集中无效(代码页 65001)。
  (编译源文件“main.cpp”)
  
C:\Users\28185\Desktop\Leeds\Y3\Computer Graph\CW2\cw2(shared)\cw2\main\particle_system.hpp(1,1): warning C4828: 文件包含在偏移 0xda 处开始的字符，该字符在当前源字符集中无效(代码页 65001)。
  (编译源文件“main.cpp”)
  
C:\Users\28185\Desktop\Leeds\Y3\Computer Graph\CW2\cw2(shared)\cw2\main\particle_system.hpp(1,1): warning C4828: 文件包含在偏移 0xdb 处开始的字符，该字符在当前源字符集中无效(代码页 65001)。
  (编译源文件“main.cpp”)
  
C:\Users\28185\Desktop\Leeds\Y3\Computer Graph\CW2\cw2(shared)\cw2\main\particle_system.hpp(1,1): warning C4828: 文件包含在偏移 0xf6 处开始的字符，该字符在当前源字符集中无效(代码页 65001)。
  (编译源文件“main.cpp”)
  
C:\Users\28185\Desktop\Leeds\Y3\Computer Graph\CW2\cw2(shared)\cw2\main\particle_system.hpp(1,1): warning C4828: 文件包含在偏移 0xf8 处开始的字符，该字符在当前源字符集中无效(代码页 65001)。
  (编译源文件“main.cpp”)
  
C:\Users\28185\Desktop\Leeds\Y3\Computer Graph\CW2\cw2(shared)\cw2\main\particle_system.hpp(1,1): warning C4828: 文件包含在偏移 0xf9 处开始的字符，该字符在当前源字符集中无效(代码页 65001)。
  (编译源文件“main.cpp”)
  
C:\Users\28185\Desktop\Leeds\Y3\Computer Graph\CW2\cw2(shared)\cw2\main\particle_system.hpp(1,1): warning C4828: 文件包含在偏移 0xfd 处开始的字符，该字符在当前源字符集中无效(代码页 65001)。
  (编译源文件“main.cpp”)
  
C:\Users\28185\Desktop\Leeds\Y3\Computer Graph\CW2\cw2(shared)\cw2\main\particle_system.hpp(1,1): warning C4828: 文件包含在偏移 0x109 处开始的字符，该字符在当前源字符集中无效(代码页 65001)。
  (编译源文件“main.cpp”)
  
C:\Users\28185\Desktop\Leeds\Y3\Computer Graph\CW2\cw2(shared)\cw2\main\particle_system.hpp(1,1): warning C4828: 文件包含在偏移 0x10a 处开始的字符，该字符在当前源字符集中无效(代码页 65001)。
  (编译源文件“main.cpp”)
  
C:\Users\28185\Desktop\Leeds\Y3\Computer Graph\CW2\cw2(shared)\cw2\main\particle_system.hpp(1,1): warning C4828: 文件包含在偏移 0x10b 处开始的字符，该字符在当前源字符集中无效(代码页 65001)。
  (编译源文件“main.cpp”)
  
C:\Users\28185\Desktop\Leeds\Y3\Computer Graph\CW2\cw2(shared)\cw2\main\particle_system.hpp(1,1): warning C4828: 文件包含在偏移 0x111 处开始的字符，该字符在当前源字符集中无效(代码页 65001)。
  (编译源文件“main.cpp”)
  
C:\Users\28185\Desktop\Leeds\Y3\Computer Graph\CW2\cw2(shared)\cw2\main\particle_system.hpp(1,1): warning C4828: 文件包含在偏移 0x112 处开始的字符，该字符在当前源字符集中无效(代码页 65001)。
  (编译源文件“main.cpp”)
  
C:\Users\28185\Desktop\Leeds\Y3\Computer Graph\CW2\cw2(shared)\cw2\main\particle_system.hpp(1,1): warning C4828: 文件包含在偏移 0x1d6 处开始的字符，该字符在当前源字符集中无效(代码页 65001)。
  (编译源文件“main.cpp”)
  
C:\Users\28185\Desktop\Leeds\Y3\Computer Graph\CW2\cw2(shared)\cw2\main\particle_system.hpp(1,1): warning C4828: 文件包含在偏移 0x1d7 处开始的字符，该字符在当前源字符集中无效(代码页 65001)。
  (编译源文件“main.cpp”)
  
C:\Users\28185\Desktop\Leeds\Y3\Computer Graph\CW2\cw2(shared)\cw2\main\particle_system.hpp(1,1): warning C4828: 文件包含在偏移 0x1db 处开始的字符，该字符在当前源字符集中无效(代码页 65001)。
  (编译源文件“main.cpp”)
  
C:\Users\28185\Desktop\Leeds\Y3\Computer Graph\CW2\cw2(shared)\cw2\main\particle_system.hpp(1,1): warning C4828: 文件包含在偏移 0x21a 处开始的字符，该字符在当前源字符集中无效(代码页 65001)。
  (编译源文件“main.cpp”)
  
C:\Users\28185\Desktop\Leeds\Y3\Computer Graph\CW2\cw2(shared)\cw2\main\particle_system.hpp(1,1): warning C4828: 文件包含在偏移 0x21b 处开始的字符，该字符在当前源字符集中无效(代码页 65001)。
  (编译源文件“main.cpp”)
  
C:\Users\28185\Desktop\Leeds\Y3\Computer Graph\CW2\cw2(shared)\cw2\main\particle_system.hpp(1,1): warning C4828: 文件包含在偏移 0x21c 处开始的字符，该字符在当前源字符集中无效(代码页 65001)。
  (编译源文件“main.cpp”)
  
C:\Users\28185\Desktop\Leeds\Y3\Computer Graph\CW2\cw2(shared)\cw2\main\particle_system.hpp(1,1): warning C4828: 文件包含在偏移 0x21e 处开始的字符，该字符在当前源字符集中无效(代码页 65001)。
  (编译源文件“main.cpp”)
  
C:\Users\28185\Desktop\Leeds\Y3\Computer Graph\CW2\cw2(shared)\cw2\main\particle_system.hpp(1,1): warning C4828: 文件包含在偏移 0x21f 处开始的字符，该字符在当前源字符集中无效(代码页 65001)。
  (编译源文件“main.cpp”)
  
C:\Users\28185\Desktop\Leeds\Y3\Computer Graph\CW2\cw2(shared)\cw2\main\particle_system.hpp(1,1): warning C4828: 文件包含在偏移 0x220 处开始的字符，该字符在当前源字符集中无效(代码页 65001)。
  (编译源文件“main.cpp”)
  
C:\Users\28185\Desktop\Leeds\Y3\Computer Graph\CW2\cw2(shared)\cw2\main\particle_system.hpp(1,1): warning C4828: 文件包含在偏移 0x26f 处开始的字符，该字符在当前源字符集中无效(代码页 65001)。
  (编译源文件“main.cpp”)
  
C:\Users\28185\Desktop\Leeds\Y3\Computer Graph\CW2\cw2(shared)\cw2\main\particle_system.hpp(1,1): warning C4828: 文件包含在偏移 0x270 处开始的字符，该字符在当前源字符集中无效(代码页 65001)。
  (编译源文件“main.cpp”)
  
C:\Users\28185\Desktop\Leeds\Y3\Computer Graph\CW2\cw2(shared)\cw2\main\particle_system.hpp(1,1): warning C4828: 文件包含在偏移 0x271 处开始的字符，该字符在当前源字符集中无效(代码页 65001)。
  (编译源文件“main.cpp”)
  
C:\Users\28185\Desktop\Leeds\Y3\Computer Graph\CW2\cw2(shared)\cw2\main\particle_system.hpp(1,1): warning C4828: 文件包含在偏移 0x273 处开始的字符，该字符在当前源字符集中无效(代码页 65001)。
  (编译源文件“main.cpp”)
  
C:\Users\28185\Desktop\Leeds\Y3\Computer Graph\CW2\cw2(shared)\cw2\main\particle_system.hpp(1,1): warning C4828: 文件包含在偏移 0x274 处开始的字符，该字符在当前源字符集中无效(代码页 65001)。
  (编译源文件“main.cpp”)
  
C:\Users\28185\Desktop\Leeds\Y3\Computer Graph\CW2\cw2(shared)\cw2\main\particle_system.hpp(1,1): warning C4828: 文件包含在偏移 0x275 处开始的字符，该字符在当前源字符集中无效(代码页 65001)。
  (编译源文件“main.cpp”)
  
  main.vcxproj -> C:\Users\28185\Desktop\Leeds\Y3\Computer Graph\CW2\cw2(shared)\cw2\bin\main-release-x64-msc-v143.exe
